Database at path ./ECS165 created.
Insert finished
Select finished
schema encoding bitarray('00111')
update error on [92106429, 9, 1, 14, 1] and [None, None, 7, 7, 18] : RID 1: (92106429, 9, 0, 0, 0) , correct: [92106429, 9, 7, 7, 18]
schema encoding bitarray('00111')
update error on [92106430, 19, 6, 13, 2] and [None, None, 11, 9, 9] : RID 2: (92106430, 19, 0, 0, 0) , correct: [92106430, 19, 11, 9, 9]
schema encoding bitarray('00111')
update error on [92106431, 10, 10, 8, 2] and [None, None, 5, 18, 8] : RID 3: (92106431, 10, 0, 0, 0) , correct: [92106431, 10, 5, 18, 8]
schema encoding bitarray('00111')
update error on [92106432, 4, 1, 18, 20] and [None, None, 14, 14, 15] : RID 4: (92106432, 4, 0, 0, 0) , correct: [92106432, 4, 14, 14, 15]
schema encoding bitarray('00111')
update error on [92106433, 0, 14, 15, 10] and [None, None, 4, 1, 5] : RID 5: (92106433, 0, 0, 0, 0) , correct: [92106433, 0, 4, 1, 5]
schema encoding bitarray('00111')
update error on [92106434, 20, 7, 10, 6] and [None, None, 6, 0, 0] : RID 6: (92106434, 20, 0, 0, 0) , correct: [92106434, 20, 6, 0, 0]
schema encoding bitarray('00111')
update error on [92106435, 10, 19, 7, 15] and [None, None, 7, 1, 2] : RID 7: (92106435, 10, 0, 0, 0) , correct: [92106435, 10, 7, 1, 2]
schema encoding bitarray('00111')
update error on [92106436, 4, 5, 5, 3] and [None, None, 14, 0, 17] : RID 8: (92106436, 4, 0, 0, 0) , correct: [92106436, 4, 14, 0, 17]
schema encoding bitarray('00111')
update error on [92106437, 19, 8, 15, 6] and [None, None, 7, 14, 17] : RID 9: (92106437, 19, 0, 0, 0) , correct: [92106437, 19, 7, 14, 17]
schema encoding bitarray('00111')
update error on [92106438, 10, 3, 8, 1] and [None, None, 16, 2, 16] : RID 10: (92106438, 10, 0, 0, 0) , correct: [92106438, 10, 16, 2, 16]
schema encoding bitarray('00111')
update error on [92106439, 6, 17, 17, 18] and [None, None, 3, 7, 11] : RID 11: (92106439, 6, 0, 0, 0) , correct: [92106439, 6, 3, 7, 11]
schema encoding bitarray('00111')
update error on [92106440, 19, 1, 5, 9] and [None, None, 8, 3, 8] : RID 12: (92106440, 19, 0, 0, 0) , correct: [92106440, 19, 8, 3, 8]
schema encoding bitarray('00111')
update error on [92106441, 7, 16, 12, 9] and [None, None, 0, 16, 13] : RID 13: (92106441, 7, 0, 0, 0) , correct: [92106441, 7, 0, 16, 13]
schema encoding bitarray('00111')
update error on [92106442, 6, 16, 20, 5] and [None, None, 3, 19, 16] : RID 14: (92106442, 6, 0, 0, 0) , correct: [92106442, 6, 3, 19, 16]
schema encoding bitarray('00101')
update error on [92106443, 15, 13, 10, 1] and [None, None, 2, 10, 7] : RID 15: (92106443, 15, 0, 10, 0) , correct: [92106443, 15, 2, 10, 7]
schema encoding bitarray('00111')
update error on [92106444, 19, 15, 10, 2] and [None, None, 10, 19, 7] : RID 16: (92106444, 19, 0, 0, 0) , correct: [92106444, 19, 10, 19, 7]
schema encoding bitarray('00111')
update error on [92106445, 9, 19, 0, 13] and [None, None, 13, 8, 16] : RID 17: (92106445, 9, 0, 0, 0) , correct: [92106445, 9, 13, 8, 16]
schema encoding bitarray('00111')
update error on [92106446, 19, 3, 3, 13] and [None, None, 11, 8, 20] : RID 18: (92106446, 19, 0, 0, 0) , correct: [92106446, 19, 11, 8, 20]
schema encoding bitarray('00111')
update error on [92106447, 14, 2, 5, 15] and [None, None, 20, 1, 2] : RID 19: (92106447, 14, 0, 0, 0) , correct: [92106447, 14, 20, 1, 2]
schema encoding bitarray('00111')
update error on [92106448, 12, 18, 13, 6] and [None, None, 3, 3, 10] : RID 20: (92106448, 12, 0, 0, 0) , correct: [92106448, 12, 3, 3, 10]
schema encoding bitarray('00111')
update error on [92106449, 8, 11, 1, 2] and [None, None, 5, 7, 0] : RID 21: (92106449, 8, 0, 0, 0) , correct: [92106449, 8, 5, 7, 0]
schema encoding bitarray('00111')
update error on [92106450, 1, 13, 20, 15] and [None, None, 10, 4, 10] : RID 22: (92106450, 1, 0, 0, 0) , correct: [92106450, 1, 10, 4, 10]
schema encoding bitarray('00111')
update error on [92106451, 13, 20, 20, 9] and [None, None, 1, 17, 6] : RID 23: (92106451, 13, 0, 0, 0) , correct: [92106451, 13, 1, 17, 6]
schema encoding bitarray('00111')
update error on [92106452, 1, 16, 3, 4] and [None, None, 2, 12, 7] : RID 24: (92106452, 1, 0, 0, 0) , correct: [92106452, 1, 2, 12, 7]
schema encoding bitarray('00111')
update error on [92106453, 1, 9, 19, 7] and [None, None, 18, 1, 17] : RID 25: (92106453, 1, 0, 0, 0) , correct: [92106453, 1, 18, 1, 17]
schema encoding bitarray('00111')
update error on [92106454, 18, 17, 12, 9] and [None, None, 20, 18, 20] : RID 26: (92106454, 18, 0, 0, 0) , correct: [92106454, 18, 20, 18, 20]
schema encoding bitarray('00111')
update error on [92106455, 10, 1, 13, 14] and [None, None, 8, 7, 12] : RID 27: (92106455, 10, 0, 0, 0) , correct: [92106455, 10, 8, 7, 12]
schema encoding bitarray('00111')
update error on [92106456, 8, 6, 16, 20] and [None, None, 0, 14, 17] : RID 28: (92106456, 8, 0, 0, 0) , correct: [92106456, 8, 0, 14, 17]
schema encoding bitarray('00111')
update error on [92106457, 3, 9, 11, 3] and [None, None, 5, 13, 16] : RID 29: (92106457, 3, 0, 0, 0) , correct: [92106457, 3, 5, 13, 16]
schema encoding bitarray('00111')
update error on [92106458, 1, 0, 20, 14] and [None, None, 10, 3, 10] : RID 30: (92106458, 1, 0, 0, 0) , correct: [92106458, 1, 10, 3, 10]
schema encoding bitarray('00111')
update error on [92106459, 11, 9, 19, 19] and [None, None, 5, 6, 16] : RID 31: (92106459, 11, 0, 0, 0) , correct: [92106459, 11, 5, 6, 16]
schema encoding bitarray('00111')
update error on [92106460, 14, 8, 18, 4] and [None, None, 4, 11, 9] : RID 32: (92106460, 14, 0, 0, 0) , correct: [92106460, 14, 4, 11, 9]
schema encoding bitarray('00111')
update error on [92106461, 12, 1, 7, 9] and [None, None, 4, 15, 0] : RID 33: (92106461, 12, 0, 0, 0) , correct: [92106461, 12, 4, 15, 0]
schema encoding bitarray('00111')
update error on [92106462, 19, 2, 4, 2] and [None, None, 9, 20, 12] : RID 34: (92106462, 19, 0, 0, 0) , correct: [92106462, 19, 9, 20, 12]
schema encoding bitarray('00111')
update error on [92106463, 19, 7, 10, 15] and [None, None, 16, 8, 17] : RID 35: (92106463, 19, 0, 0, 0) , correct: [92106463, 19, 16, 8, 17]
schema encoding bitarray('00010')
update error on [92106464, 3, 8, 6, 4] and [None, None, 8, 14, 4] : RID 36: (92106464, 3, 8, 0, 4) , correct: [92106464, 3, 8, 14, 4]
schema encoding bitarray('00011')
update error on [92106465, 5, 12, 8, 11] and [None, None, 12, 2, 12] : RID 37: (92106465, 5, 12, 0, 0) , correct: [92106465, 5, 12, 2, 12]
schema encoding bitarray('00011')
update error on [92106466, 10, 10, 17, 8] and [None, None, 10, 5, 19] : RID 38: (92106466, 10, 10, 0, 0) , correct: [92106466, 10, 10, 5, 19]
schema encoding bitarray('00011')
update error on [92106467, 5, 16, 17, 12] and [None, None, 16, 20, 20] : RID 39: (92106467, 5, 16, 0, 0) , correct: [92106467, 5, 16, 20, 20]
schema encoding bitarray('00111')
update error on [92106468, 0, 11, 8, 2] and [None, None, 4, 6, 13] : RID 40: (92106468, 0, 0, 0, 0) , correct: [92106468, 0, 4, 6, 13]
schema encoding bitarray('00111')
update error on [92106469, 4, 16, 8, 19] and [None, None, 18, 3, 8] : RID 41: (92106469, 4, 0, 0, 0) , correct: [92106469, 4, 18, 3, 8]
schema encoding bitarray('00111')
update error on [92106470, 1, 0, 13, 7] and [None, None, 14, 6, 6] : RID 42: (92106470, 1, 0, 0, 0) , correct: [92106470, 1, 14, 6, 6]
schema encoding bitarray('00111')
update error on [92106471, 8, 18, 9, 7] and [None, None, 12, 3, 9] : RID 43: (92106471, 8, 0, 0, 0) , correct: [92106471, 8, 12, 3, 9]
schema encoding bitarray('00111')
update error on [92106472, 16, 1, 18, 12] and [None, None, 16, 11, 20] : RID 44: (92106472, 16, 0, 0, 0) , correct: [92106472, 16, 16, 11, 20]
schema encoding bitarray('00111')
update error on [92106473, 19, 12, 9, 19] and [None, None, 8, 11, 18] : RID 45: (92106473, 19, 0, 0, 0) , correct: [92106473, 19, 8, 11, 18]
schema encoding bitarray('00111')
update error on [92106474, 16, 15, 7, 12] and [None, None, 20, 11, 2] : RID 46: (92106474, 16, 0, 0, 0) , correct: [92106474, 16, 20, 11, 2]
schema encoding bitarray('00111')
update error on [92106475, 19, 1, 15, 15] and [None, None, 3, 18, 13] : RID 47: (92106475, 19, 0, 0, 0) , correct: [92106475, 19, 3, 18, 13]
schema encoding bitarray('00111')
update error on [92106476, 20, 0, 17, 3] and [None, None, 12, 15, 13] : RID 48: (92106476, 20, 0, 0, 0) , correct: [92106476, 20, 12, 15, 13]
schema encoding bitarray('00011')
update error on [92106477, 0, 7, 6, 6] and [None, None, 7, 20, 18] : RID 49: (92106477, 0, 7, 0, 0) , correct: [92106477, 0, 7, 20, 18]
schema encoding bitarray('00111')
update error on [92106478, 5, 0, 19, 7] and [None, None, 11, 13, 0] : RID 50: (92106478, 5, 0, 0, 0) , correct: [92106478, 5, 11, 13, 0]
schema encoding bitarray('00111')
update error on [92106479, 4, 10, 16, 18] and [None, None, 1, 19, 13] : RID 51: (92106479, 4, 0, 0, 0) , correct: [92106479, 4, 1, 19, 13]
schema encoding bitarray('00111')
update error on [92106480, 7, 1, 10, 9] and [None, None, 2, 15, 17] : RID 52: (92106480, 7, 0, 0, 0) , correct: [92106480, 7, 2, 15, 17]
schema encoding bitarray('00110')
update error on [92106481, 13, 1, 6, 13] and [None, None, 6, 14, 13] : RID 53: (92106481, 13, 0, 0, 13) , correct: [92106481, 13, 6, 14, 13]
schema encoding bitarray('00111')
update error on [92106482, 13, 9, 5, 18] and [None, None, 5, 7, 3] : RID 54: (92106482, 13, 0, 0, 0) , correct: [92106482, 13, 5, 7, 3]
schema encoding bitarray('00001')
update error on [92106483, 0, 8, 13, 9] and [None, None, 8, 13, 14] : RID 55: (92106483, 0, 8, 13, 0) , correct: [92106483, 0, 8, 13, 14]
schema encoding bitarray('00111')
update error on [92106484, 16, 19, 7, 14] and [None, None, 4, 0, 9] : RID 56: (92106484, 16, 0, 0, 0) , correct: [92106484, 16, 4, 0, 9]
schema encoding bitarray('00111')
update error on [92106485, 2, 13, 3, 10] and [None, None, 16, 7, 11] : RID 57: (92106485, 2, 0, 0, 0) , correct: [92106485, 2, 16, 7, 11]
schema encoding bitarray('00111')
update error on [92106486, 12, 13, 3, 12] and [None, None, 0, 9, 0] : RID 58: (92106486, 12, 0, 0, 0) , correct: [92106486, 12, 0, 9, 0]
schema encoding bitarray('00011')
update error on [92106487, 1, 4, 4, 6] and [None, None, 4, 15, 9] : RID 59: (92106487, 1, 4, 0, 0) , correct: [92106487, 1, 4, 15, 9]
schema encoding bitarray('00111')
update error on [92106488, 4, 5, 19, 18] and [None, None, 16, 18, 3] : RID 60: (92106488, 4, 0, 0, 0) , correct: [92106488, 4, 16, 18, 3]
schema encoding bitarray('00111')
update error on [92106489, 7, 12, 7, 0] and [None, None, 18, 19, 3] : RID 61: (92106489, 7, 0, 0, 0) , correct: [92106489, 7, 18, 19, 3]
schema encoding bitarray('00111')
update error on [92106490, 14, 9, 4, 16] and [None, None, 8, 19, 10] : RID 62: (92106490, 14, 0, 0, 0) , correct: [92106490, 14, 8, 19, 10]
schema encoding bitarray('00111')
update error on [92106491, 10, 4, 7, 15] and [None, None, 14, 1, 3] : RID 63: (92106491, 10, 0, 0, 0) , correct: [92106491, 10, 14, 1, 3]
schema encoding bitarray('00110')
update error on [92106492, 5, 19, 14, 5] and [None, None, 4, 10, 5] : RID 64: (92106492, 5, 0, 0, 5) , correct: [92106492, 5, 4, 10, 5]
schema encoding bitarray('00111')
update error on [92106493, 6, 8, 1, 7] and [None, None, 12, 8, 5] : RID 65: (92106493, 6, 0, 0, 0) , correct: [92106493, 6, 12, 8, 5]
schema encoding bitarray('00111')
update error on [92106494, 7, 6, 20, 20] and [None, None, 1, 14, 16] : RID 66: (92106494, 7, 0, 0, 0) , correct: [92106494, 7, 1, 14, 16]
schema encoding bitarray('00111')
update error on [92106495, 18, 5, 2, 13] and [None, None, 17, 6, 10] : RID 67: (92106495, 18, 0, 0, 0) , correct: [92106495, 18, 17, 6, 10]
schema encoding bitarray('00111')
update error on [92106496, 13, 11, 15, 15] and [None, None, 19, 4, 19] : RID 68: (92106496, 13, 0, 0, 0) , correct: [92106496, 13, 19, 4, 19]
schema encoding bitarray('00101')
update error on [92106497, 17, 3, 17, 12] and [None, None, 2, 17, 6] : RID 69: (92106497, 17, 0, 17, 0) , correct: [92106497, 17, 2, 17, 6]
schema encoding bitarray('00111')
update error on [92106498, 13, 9, 15, 4] and [None, None, 8, 16, 9] : RID 70: (92106498, 13, 0, 0, 0) , correct: [92106498, 13, 8, 16, 9]
schema encoding bitarray('00111')
update error on [92106499, 10, 19, 2, 6] and [None, None, 4, 3, 13] : RID 71: (92106499, 10, 0, 0, 0) , correct: [92106499, 10, 4, 3, 13]
schema encoding bitarray('00111')
update error on [92106500, 16, 8, 1, 20] and [None, None, 16, 16, 2] : RID 72: (92106500, 16, 0, 0, 0) , correct: [92106500, 16, 16, 16, 2]
schema encoding bitarray('00111')
update error on [92106501, 9, 18, 6, 10] and [None, None, 4, 18, 3] : RID 73: (92106501, 9, 0, 0, 0) , correct: [92106501, 9, 4, 18, 3]
schema encoding bitarray('00111')
update error on [92106502, 0, 16, 18, 4] and [None, None, 20, 12, 17] : RID 74: (92106502, 0, 0, 0, 0) , correct: [92106502, 0, 20, 12, 17]
schema encoding bitarray('00111')
update error on [92106503, 11, 16, 1, 6] and [None, None, 19, 7, 11] : RID 75: (92106503, 11, 0, 0, 0) , correct: [92106503, 11, 19, 7, 11]
schema encoding bitarray('00110')
update error on [92106504, 6, 14, 12, 9] and [None, None, 19, 5, 9] : RID 76: (92106504, 6, 0, 0, 9) , correct: [92106504, 6, 19, 5, 9]
schema encoding bitarray('00111')
update error on [92106505, 16, 6, 8, 8] and [None, None, 18, 12, 16] : RID 77: (92106505, 16, 0, 0, 0) , correct: [92106505, 16, 18, 12, 16]
schema encoding bitarray('00111')
update error on [92106506, 13, 12, 2, 7] and [None, None, 13, 10, 2] : RID 78: (92106506, 13, 0, 0, 0) , correct: [92106506, 13, 13, 10, 2]
schema encoding bitarray('00111')
update error on [92106507, 3, 17, 0, 8] and [None, None, 18, 17, 14] : RID 79: (92106507, 3, 0, 0, 0) , correct: [92106507, 3, 18, 17, 14]
schema encoding bitarray('00111')
update error on [92106508, 11, 16, 10, 18] and [None, None, 5, 6, 19] : RID 80: (92106508, 11, 0, 0, 0) , correct: [92106508, 11, 5, 6, 19]
schema encoding bitarray('00111')
update error on [92106509, 10, 3, 11, 6] and [None, None, 9, 2, 11] : RID 81: (92106509, 10, 0, 0, 0) , correct: [92106509, 10, 9, 2, 11]
schema encoding bitarray('00111')
update error on [92106510, 15, 5, 9, 13] and [None, None, 9, 12, 6] : RID 82: (92106510, 15, 0, 0, 0) , correct: [92106510, 15, 9, 12, 6]
schema encoding bitarray('00111')
update error on [92106511, 5, 5, 16, 1] and [None, None, 11, 9, 19] : RID 83: (92106511, 5, 0, 0, 0) , correct: [92106511, 5, 11, 9, 19]
schema encoding bitarray('00111')
update error on [92106512, 13, 12, 20, 19] and [None, None, 4, 10, 17] : RID 84: (92106512, 13, 0, 0, 0) , correct: [92106512, 13, 4, 10, 17]
schema encoding bitarray('00111')
update error on [92106513, 7, 13, 16, 18] and [None, None, 17, 11, 15] : RID 85: (92106513, 7, 0, 0, 0) , correct: [92106513, 7, 17, 11, 15]
schema encoding bitarray('00111')
update error on [92106514, 3, 16, 15, 1] and [None, None, 1, 9, 18] : RID 86: (92106514, 3, 0, 0, 0) , correct: [92106514, 3, 1, 9, 18]
schema encoding bitarray('00111')
update error on [92106515, 16, 14, 13, 0] and [None, None, 5, 1, 7] : RID 87: (92106515, 16, 0, 0, 0) , correct: [92106515, 16, 5, 1, 7]
schema encoding bitarray('00111')
update error on [92106516, 18, 3, 14, 5] and [None, None, 4, 15, 20] : RID 88: (92106516, 18, 0, 0, 0) , correct: [92106516, 18, 4, 15, 20]
schema encoding bitarray('00111')
update error on [92106517, 3, 4, 19, 10] and [None, None, 7, 14, 2] : RID 89: (92106517, 3, 0, 0, 0) , correct: [92106517, 3, 7, 14, 2]
schema encoding bitarray('00111')
update error on [92106518, 9, 19, 11, 17] and [None, None, 7, 7, 18] : RID 90: (92106518, 9, 0, 0, 0) , correct: [92106518, 9, 7, 7, 18]
schema encoding bitarray('00111')
update error on [92106519, 3, 11, 16, 3] and [None, None, 14, 3, 20] : RID 91: (92106519, 3, 0, 0, 0) , correct: [92106519, 3, 14, 3, 20]
schema encoding bitarray('00111')
update error on [92106520, 1, 20, 17, 13] and [None, None, 7, 8, 2] : RID 92: (92106520, 1, 0, 0, 0) , correct: [92106520, 1, 7, 8, 2]
schema encoding bitarray('00111')
update error on [92106521, 19, 12, 19, 3] and [None, None, 9, 1, 11] : RID 93: (92106521, 19, 0, 0, 0) , correct: [92106521, 19, 9, 1, 11]
schema encoding bitarray('00111')
update error on [92106522, 7, 3, 14, 6] and [None, None, 19, 2, 2] : RID 94: (92106522, 7, 0, 0, 0) , correct: [92106522, 7, 19, 2, 2]
schema encoding bitarray('00111')
update error on [92106523, 1, 0, 10, 18] and [None, None, 12, 6, 12] : RID 95: (92106523, 1, 0, 0, 0) , correct: [92106523, 1, 12, 6, 12]
schema encoding bitarray('00111')
update error on [92106524, 16, 13, 2, 6] and [None, None, 12, 3, 13] : RID 96: (92106524, 16, 0, 0, 0) , correct: [92106524, 16, 12, 3, 13]
schema encoding bitarray('00011')
update error on [92106525, 19, 5, 14, 13] and [None, None, 5, 0, 6] : RID 97: (92106525, 19, 5, 0, 0) , correct: [92106525, 19, 5, 0, 6]
schema encoding bitarray('00111')
update error on [92106526, 2, 16, 19, 20] and [None, None, 2, 20, 12] : RID 98: (92106526, 2, 0, 0, 0) , correct: [92106526, 2, 2, 20, 12]
schema encoding bitarray('00111')
update error on [92106527, 4, 11, 4, 18] and [None, None, 15, 1, 7] : RID 99: (92106527, 4, 0, 0, 0) , correct: [92106527, 4, 15, 1, 7]
schema encoding bitarray('00111')
update error on [92106528, 15, 7, 10, 10] and [None, None, 1, 3, 19] : RID 100: (92106528, 15, 0, 0, 0) , correct: [92106528, 15, 1, 3, 19]
schema encoding bitarray('00111')
update error on [92106529, 4, 2, 20, 16] and [None, None, 11, 10, 5] : RID 101: (92106529, 4, 0, 0, 0) , correct: [92106529, 4, 11, 10, 5]
schema encoding bitarray('00111')
update error on [92106530, 10, 9, 10, 14] and [None, None, 7, 14, 10] : RID 102: (92106530, 10, 0, 0, 0) , correct: [92106530, 10, 7, 14, 10]
schema encoding bitarray('00011')
update error on [92106531, 13, 20, 15, 18] and [None, None, 20, 7, 13] : RID 103: (92106531, 13, 20, 0, 0) , correct: [92106531, 13, 20, 7, 13]
schema encoding bitarray('00111')
update error on [92106532, 1, 0, 19, 1] and [None, None, 19, 6, 8] : RID 104: (92106532, 1, 0, 0, 0) , correct: [92106532, 1, 19, 6, 8]
schema encoding bitarray('00111')
update error on [92106533, 17, 10, 4, 16] and [None, None, 20, 12, 14] : RID 105: (92106533, 17, 0, 0, 0) , correct: [92106533, 17, 20, 12, 14]
schema encoding bitarray('00111')
update error on [92106534, 4, 17, 11, 13] and [None, None, 12, 19, 1] : RID 106: (92106534, 4, 0, 0, 0) , correct: [92106534, 4, 12, 19, 1]
schema encoding bitarray('00111')
update error on [92106535, 7, 7, 5, 18] and [None, None, 19, 10, 16] : RID 107: (92106535, 7, 0, 0, 0) , correct: [92106535, 7, 19, 10, 16]
schema encoding bitarray('00111')
update error on [92106536, 2, 1, 0, 17] and [None, None, 10, 14, 3] : RID 108: (92106536, 2, 0, 0, 0) , correct: [92106536, 2, 10, 14, 3]
schema encoding bitarray('00111')
update error on [92106537, 15, 17, 10, 10] and [None, None, 12, 16, 16] : RID 109: (92106537, 15, 0, 0, 0) , correct: [92106537, 15, 12, 16, 16]
schema encoding bitarray('00101')
update error on [92106538, 4, 6, 3, 9] and [None, None, 3, 3, 15] : RID 110: (92106538, 4, 0, 3, 0) , correct: [92106538, 4, 3, 3, 15]
schema encoding bitarray('00111')
update error on [92106539, 20, 6, 6, 0] and [None, None, 10, 11, 11] : RID 111: (92106539, 20, 0, 0, 0) , correct: [92106539, 20, 10, 11, 11]
schema encoding bitarray('00011')
update error on [92106540, 7, 11, 16, 20] and [None, None, 11, 19, 2] : RID 112: (92106540, 7, 11, 0, 0) , correct: [92106540, 7, 11, 19, 2]
schema encoding bitarray('00111')
update error on [92106541, 10, 5, 16, 4] and [None, None, 16, 7, 19] : RID 113: (92106541, 10, 0, 0, 0) , correct: [92106541, 10, 16, 7, 19]
schema encoding bitarray('00111')
update error on [92106542, 9, 4, 5, 5] and [None, None, 19, 12, 16] : RID 114: (92106542, 9, 0, 0, 0) , correct: [92106542, 9, 19, 12, 16]
schema encoding bitarray('00011')
update error on [92106543, 14, 9, 5, 3] and [None, None, 9, 2, 8] : RID 115: (92106543, 14, 9, 0, 0) , correct: [92106543, 14, 9, 2, 8]
schema encoding bitarray('00111')
update error on [92106544, 0, 7, 9, 15] and [None, None, 11, 5, 4] : RID 116: (92106544, 0, 0, 0, 0) , correct: [92106544, 0, 11, 5, 4]
schema encoding bitarray('00111')
update error on [92106545, 4, 15, 2, 5] and [None, None, 18, 14, 20] : RID 117: (92106545, 4, 0, 0, 0) , correct: [92106545, 4, 18, 14, 20]
schema encoding bitarray('00111')
update error on [92106546, 17, 11, 8, 10] and [None, None, 5, 19, 3] : RID 118: (92106546, 17, 0, 0, 0) , correct: [92106546, 17, 5, 19, 3]
schema encoding bitarray('00111')
update error on [92106547, 13, 1, 17, 17] and [None, None, 15, 19, 6] : RID 119: (92106547, 13, 0, 0, 0) , correct: [92106547, 13, 15, 19, 6]
schema encoding bitarray('00111')
update error on [92106548, 18, 7, 19, 13] and [None, None, 20, 18, 3] : RID 120: (92106548, 18, 0, 0, 0) , correct: [92106548, 18, 20, 18, 3]
schema encoding bitarray('00111')
update error on [92106549, 13, 2, 6, 8] and [None, None, 10, 16, 11] : RID 121: (92106549, 13, 0, 0, 0) , correct: [92106549, 13, 10, 16, 11]
schema encoding bitarray('00111')
update error on [92106550, 14, 11, 8, 13] and [None, None, 16, 10, 8] : RID 122: (92106550, 14, 0, 0, 0) , correct: [92106550, 14, 16, 10, 8]
schema encoding bitarray('00111')
update error on [92106551, 2, 17, 2, 17] and [None, None, 8, 10, 16] : RID 123: (92106551, 2, 0, 0, 0) , correct: [92106551, 2, 8, 10, 16]
schema encoding bitarray('00111')
update error on [92106552, 7, 18, 6, 7] and [None, None, 1, 4, 14] : RID 124: (92106552, 7, 0, 0, 0) , correct: [92106552, 7, 1, 4, 14]
schema encoding bitarray('00111')
update error on [92106553, 13, 7, 19, 0] and [None, None, 12, 0, 14] : RID 125: (92106553, 13, 0, 0, 0) , correct: [92106553, 13, 12, 0, 14]
schema encoding bitarray('00111')
update error on [92106554, 12, 4, 19, 11] and [None, None, 12, 6, 12] : RID 126: (92106554, 12, 0, 0, 0) , correct: [92106554, 12, 12, 6, 12]
schema encoding bitarray('00111')
update error on [92106555, 1, 4, 4, 10] and [None, None, 11, 14, 8] : RID 127: (92106555, 1, 0, 0, 0) , correct: [92106555, 1, 11, 14, 8]
schema encoding bitarray('00111')
update error on [92106556, 15, 0, 7, 5] and [None, None, 5, 0, 3] : RID 128: (92106556, 15, 0, 0, 0) , correct: [92106556, 15, 5, 0, 3]
schema encoding bitarray('00111')
update error on [92106557, 18, 4, 18, 5] and [None, None, 1, 5, 10] : RID 129: (92106557, 18, 0, 0, 0) , correct: [92106557, 18, 1, 5, 10]
schema encoding bitarray('00011')
update error on [92106558, 9, 8, 15, 6] and [None, None, 8, 14, 0] : RID 130: (92106558, 9, 8, 0, 0) , correct: [92106558, 9, 8, 14, 0]
schema encoding bitarray('00111')
update error on [92106559, 1, 19, 20, 13] and [None, None, 8, 11, 2] : RID 131: (92106559, 1, 0, 0, 0) , correct: [92106559, 1, 8, 11, 2]
schema encoding bitarray('00111')
update error on [92106560, 9, 11, 8, 14] and [None, None, 20, 2, 20] : RID 132: (92106560, 9, 0, 0, 0) , correct: [92106560, 9, 20, 2, 20]
schema encoding bitarray('00111')
update error on [92106561, 8, 3, 0, 4] and [None, None, 14, 8, 1] : RID 133: (92106561, 8, 0, 0, 0) , correct: [92106561, 8, 14, 8, 1]
schema encoding bitarray('00111')
update error on [92106562, 10, 2, 0, 11] and [None, None, 17, 14, 12] : RID 134: (92106562, 10, 0, 0, 0) , correct: [92106562, 10, 17, 14, 12]
schema encoding bitarray('00111')
update error on [92106563, 4, 5, 16, 11] and [None, None, 0, 15, 0] : RID 135: (92106563, 4, 0, 0, 0) , correct: [92106563, 4, 0, 15, 0]
schema encoding bitarray('00111')
update error on [92106564, 9, 18, 2, 0] and [None, None, 9, 16, 1] : RID 136: (92106564, 9, 0, 0, 0) , correct: [92106564, 9, 9, 16, 1]
schema encoding bitarray('00111')
update error on [92106565, 8, 20, 3, 18] and [None, None, 2, 7, 9] : RID 137: (92106565, 8, 0, 0, 0) , correct: [92106565, 8, 2, 7, 9]
schema encoding bitarray('00111')
update error on [92106566, 11, 1, 5, 1] and [None, None, 18, 16, 0] : RID 138: (92106566, 11, 0, 0, 0) , correct: [92106566, 11, 18, 16, 0]
schema encoding bitarray('00101')
update error on [92106567, 5, 11, 20, 20] and [None, None, 19, 20, 3] : RID 139: (92106567, 5, 0, 20, 0) , correct: [92106567, 5, 19, 20, 3]
schema encoding bitarray('00111')
update error on [92106568, 18, 20, 8, 18] and [None, None, 8, 11, 17] : RID 140: (92106568, 18, 0, 0, 0) , correct: [92106568, 18, 8, 11, 17]
schema encoding bitarray('00111')
update error on [92106569, 4, 13, 2, 2] and [None, None, 12, 15, 19] : RID 141: (92106569, 4, 0, 0, 0) , correct: [92106569, 4, 12, 15, 19]
schema encoding bitarray('00111')
update error on [92106570, 3, 12, 6, 8] and [None, None, 10, 10, 4] : RID 142: (92106570, 3, 0, 0, 0) , correct: [92106570, 3, 10, 10, 4]
schema encoding bitarray('00111')
update error on [92106571, 0, 5, 6, 20] and [None, None, 11, 11, 11] : RID 143: (92106571, 0, 0, 0, 0) , correct: [92106571, 0, 11, 11, 11]
schema encoding bitarray('00111')
update error on [92106572, 18, 5, 20, 15] and [None, None, 0, 16, 17] : RID 144: (92106572, 18, 0, 0, 0) , correct: [92106572, 18, 0, 16, 17]
schema encoding bitarray('00111')
update error on [92106573, 5, 19, 3, 19] and [None, None, 5, 13, 15] : RID 145: (92106573, 5, 0, 0, 0) , correct: [92106573, 5, 5, 13, 15]
schema encoding bitarray('00111')
update error on [92106574, 19, 17, 7, 7] and [None, None, 19, 4, 5] : RID 146: (92106574, 19, 0, 0, 0) , correct: [92106574, 19, 19, 4, 5]
schema encoding bitarray('00111')
update error on [92106575, 4, 14, 4, 6] and [None, None, 9, 13, 17] : RID 147: (92106575, 4, 0, 0, 0) , correct: [92106575, 4, 9, 13, 17]
schema encoding bitarray('00111')
update error on [92106576, 7, 13, 10, 3] and [None, None, 4, 18, 6] : RID 148: (92106576, 7, 0, 0, 0) , correct: [92106576, 7, 4, 18, 6]
schema encoding bitarray('00111')
update error on [92106577, 0, 6, 11, 6] and [None, None, 14, 6, 3] : RID 149: (92106577, 0, 0, 0, 0) , correct: [92106577, 0, 14, 6, 3]
schema encoding bitarray('00111')
update error on [92106578, 1, 4, 4, 6] and [None, None, 14, 20, 5] : RID 150: (92106578, 1, 0, 0, 0) , correct: [92106578, 1, 14, 20, 5]
schema encoding bitarray('00111')
update error on [92106579, 11, 2, 15, 16] and [None, None, 1, 4, 5] : RID 151: (92106579, 11, 0, 0, 0) , correct: [92106579, 11, 1, 4, 5]
schema encoding bitarray('00111')
update error on [92106580, 4, 10, 5, 10] and [None, None, 20, 3, 14] : RID 152: (92106580, 4, 0, 0, 0) , correct: [92106580, 4, 20, 3, 14]
schema encoding bitarray('00111')
update error on [92106581, 17, 13, 9, 17] and [None, None, 17, 15, 6] : RID 153: (92106581, 17, 0, 0, 0) , correct: [92106581, 17, 17, 15, 6]
schema encoding bitarray('00111')
update error on [92106582, 8, 17, 9, 8] and [None, None, 16, 7, 19] : RID 154: (92106582, 8, 0, 0, 0) , correct: [92106582, 8, 16, 7, 19]
schema encoding bitarray('00111')
update error on [92106583, 13, 12, 15, 0] and [None, None, 20, 7, 16] : RID 155: (92106583, 13, 0, 0, 0) , correct: [92106583, 13, 20, 7, 16]
schema encoding bitarray('00111')
update error on [92106584, 14, 11, 12, 7] and [None, None, 8, 15, 5] : RID 156: (92106584, 14, 0, 0, 0) , correct: [92106584, 14, 8, 15, 5]
schema encoding bitarray('00101')
update error on [92106585, 2, 1, 5, 20] and [None, None, 19, 5, 19] : RID 157: (92106585, 2, 0, 5, 0) , correct: [92106585, 2, 19, 5, 19]
schema encoding bitarray('00111')
update error on [92106586, 6, 7, 10, 19] and [None, None, 2, 15, 4] : RID 158: (92106586, 6, 0, 0, 0) , correct: [92106586, 6, 2, 15, 4]
schema encoding bitarray('00111')
update error on [92106587, 18, 4, 20, 1] and [None, None, 20, 8, 16] : RID 159: (92106587, 18, 0, 0, 0) , correct: [92106587, 18, 20, 8, 16]
schema encoding bitarray('00111')
update error on [92106588, 6, 11, 5, 5] and [None, None, 13, 12, 2] : RID 160: (92106588, 6, 0, 0, 0) , correct: [92106588, 6, 13, 12, 2]
schema encoding bitarray('00011')
update error on [92106589, 18, 7, 16, 19] and [None, None, 7, 5, 16] : RID 161: (92106589, 18, 7, 0, 0) , correct: [92106589, 18, 7, 5, 16]
schema encoding bitarray('00101')
update error on [92106590, 3, 10, 1, 14] and [None, None, 11, 1, 0] : RID 162: (92106590, 3, 0, 1, 0) , correct: [92106590, 3, 11, 1, 0]
schema encoding bitarray('00111')
update error on [92106591, 11, 17, 7, 18] and [None, None, 10, 1, 12] : RID 163: (92106591, 11, 0, 0, 0) , correct: [92106591, 11, 10, 1, 12]
schema encoding bitarray('00111')
update error on [92106592, 10, 17, 18, 12] and [None, None, 4, 16, 3] : RID 164: (92106592, 10, 0, 0, 0) , correct: [92106592, 10, 4, 16, 3]
schema encoding bitarray('00111')
update error on [92106593, 16, 8, 8, 8] and [None, None, 6, 5, 10] : RID 165: (92106593, 16, 0, 0, 0) , correct: [92106593, 16, 6, 5, 10]
schema encoding bitarray('00111')
update error on [92106594, 12, 10, 11, 0] and [None, None, 19, 5, 6] : RID 166: (92106594, 12, 0, 0, 0) , correct: [92106594, 12, 19, 5, 6]
schema encoding bitarray('00111')
update error on [92106595, 17, 15, 18, 5] and [None, None, 10, 19, 7] : RID 167: (92106595, 17, 0, 0, 0) , correct: [92106595, 17, 10, 19, 7]
schema encoding bitarray('00111')
update error on [92106596, 1, 6, 13, 9] and [None, None, 3, 16, 16] : RID 168: (92106596, 1, 0, 0, 0) , correct: [92106596, 1, 3, 16, 16]
schema encoding bitarray('00111')
update error on [92106597, 11, 14, 12, 13] and [None, None, 19, 0, 10] : RID 169: (92106597, 11, 0, 0, 0) , correct: [92106597, 11, 19, 0, 10]
schema encoding bitarray('00111')
update error on [92106598, 15, 20, 9, 20] and [None, None, 8, 18, 17] : RID 170: (92106598, 15, 0, 0, 0) , correct: [92106598, 15, 8, 18, 17]
schema encoding bitarray('00111')
update error on [92106599, 11, 16, 10, 0] and [None, None, 2, 8, 3] : RID 171: (92106599, 11, 0, 0, 0) , correct: [92106599, 11, 2, 8, 3]
schema encoding bitarray('00111')
update error on [92106600, 13, 17, 1, 11] and [None, None, 8, 0, 7] : RID 172: (92106600, 13, 0, 0, 0) , correct: [92106600, 13, 8, 0, 7]
schema encoding bitarray('00111')
update error on [92106601, 11, 0, 14, 11] and [None, None, 13, 1, 15] : RID 173: (92106601, 11, 0, 0, 0) , correct: [92106601, 11, 13, 1, 15]
schema encoding bitarray('00111')
update error on [92106602, 7, 16, 3, 13] and [None, None, 2, 16, 17] : RID 174: (92106602, 7, 0, 0, 0) , correct: [92106602, 7, 2, 16, 17]
schema encoding bitarray('00111')
update error on [92106603, 8, 13, 10, 11] and [None, None, 2, 18, 20] : RID 175: (92106603, 8, 0, 0, 0) , correct: [92106603, 8, 2, 18, 20]
schema encoding bitarray('00111')
update error on [92106604, 16, 20, 17, 14] and [None, None, 3, 14, 20] : RID 176: (92106604, 16, 0, 0, 0) , correct: [92106604, 16, 3, 14, 20]
schema encoding bitarray('00111')
update error on [92106605, 12, 1, 6, 18] and [None, None, 10, 16, 4] : RID 177: (92106605, 12, 0, 0, 0) , correct: [92106605, 12, 10, 16, 4]
schema encoding bitarray('00111')
update error on [92106606, 19, 14, 7, 11] and [None, None, 7, 4, 20] : RID 178: (92106606, 19, 0, 0, 0) , correct: [92106606, 19, 7, 4, 20]
schema encoding bitarray('00111')
update error on [92106607, 3, 2, 7, 0] and [None, None, 19, 8, 19] : RID 179: (92106607, 3, 0, 0, 0) , correct: [92106607, 3, 19, 8, 19]
schema encoding bitarray('00111')
update error on [92106608, 12, 7, 15, 11] and [None, None, 9, 4, 8] : RID 180: (92106608, 12, 0, 0, 0) , correct: [92106608, 12, 9, 4, 8]
schema encoding bitarray('00110')
update error on [92106609, 13, 20, 11, 3] and [None, None, 7, 19, 3] : RID 181: (92106609, 13, 0, 0, 3) , correct: [92106609, 13, 7, 19, 3]
schema encoding bitarray('00111')
update error on [92106610, 13, 15, 19, 1] and [None, None, 17, 0, 6] : RID 182: (92106610, 13, 0, 0, 0) , correct: [92106610, 13, 17, 0, 6]
schema encoding bitarray('00111')
update error on [92106611, 19, 7, 20, 4] and [None, None, 2, 3, 8] : RID 183: (92106611, 19, 0, 0, 0) , correct: [92106611, 19, 2, 3, 8]
schema encoding bitarray('00011')
update error on [92106612, 14, 4, 20, 12] and [None, None, 4, 5, 15] : RID 184: (92106612, 14, 4, 0, 0) , correct: [92106612, 14, 4, 5, 15]
schema encoding bitarray('00111')
update error on [92106613, 18, 14, 14, 17] and [None, None, 17, 20, 5] : RID 185: (92106613, 18, 0, 0, 0) , correct: [92106613, 18, 17, 20, 5]
schema encoding bitarray('00111')
update error on [92106614, 16, 13, 9, 8] and [None, None, 19, 20, 9] : RID 186: (92106614, 16, 0, 0, 0) , correct: [92106614, 16, 19, 20, 9]
schema encoding bitarray('00111')
update error on [92106615, 0, 3, 14, 7] and [None, None, 7, 20, 1] : RID 187: (92106615, 0, 0, 0, 0) , correct: [92106615, 0, 7, 20, 1]
schema encoding bitarray('00111')
update error on [92106616, 18, 15, 6, 11] and [None, None, 18, 1, 14] : RID 188: (92106616, 18, 0, 0, 0) , correct: [92106616, 18, 18, 1, 14]
schema encoding bitarray('00111')
update error on [92106617, 13, 12, 10, 15] and [None, None, 1, 1, 4] : RID 189: (92106617, 13, 0, 0, 0) , correct: [92106617, 13, 1, 1, 4]
schema encoding bitarray('00111')
update error on [92106618, 20, 7, 3, 14] and [None, None, 8, 14, 6] : RID 190: (92106618, 20, 0, 0, 0) , correct: [92106618, 20, 8, 14, 6]
schema encoding bitarray('00101')
update error on [92106619, 12, 4, 20, 9] and [None, None, 5, 20, 19] : RID 191: (92106619, 12, 0, 20, 0) , correct: [92106619, 12, 5, 20, 19]
schema encoding bitarray('00111')
update error on [92106620, 18, 4, 10, 10] and [None, None, 15, 5, 0] : RID 192: (92106620, 18, 0, 0, 0) , correct: [92106620, 18, 15, 5, 0]
schema encoding bitarray('00111')
update error on [92106621, 18, 9, 8, 0] and [None, None, 8, 18, 7] : RID 193: (92106621, 18, 0, 0, 0) , correct: [92106621, 18, 8, 18, 7]
schema encoding bitarray('00111')
update error on [92106622, 11, 14, 18, 5] and [None, None, 12, 1, 3] : RID 194: (92106622, 11, 0, 0, 0) , correct: [92106622, 11, 12, 1, 3]
schema encoding bitarray('00110')
update error on [92106623, 9, 1, 11, 3] and [None, None, 10, 15, 3] : RID 195: (92106623, 9, 0, 0, 3) , correct: [92106623, 9, 10, 15, 3]
schema encoding bitarray('00111')
update error on [92106624, 0, 18, 7, 17] and [None, None, 14, 9, 16] : RID 196: (92106624, 0, 0, 0, 0) , correct: [92106624, 0, 14, 9, 16]
schema encoding bitarray('00111')
update error on [92106625, 6, 19, 7, 6] and [None, None, 10, 5, 18] : RID 197: (92106625, 6, 0, 0, 0) , correct: [92106625, 6, 10, 5, 18]
schema encoding bitarray('00111')
update error on [92106626, 20, 12, 16, 15] and [None, None, 11, 14, 2] : RID 198: (92106626, 20, 0, 0, 0) , correct: [92106626, 20, 11, 14, 2]
schema encoding bitarray('00111')
update error on [92106627, 11, 4, 15, 13] and [None, None, 14, 1, 20] : RID 199: (92106627, 11, 0, 0, 0) , correct: [92106627, 11, 14, 1, 20]
schema encoding bitarray('00111')
update error on [92106628, 5, 2, 5, 8] and [None, None, 19, 17, 19] : RID 200: (92106628, 5, 0, 0, 0) , correct: [92106628, 5, 19, 17, 19]
schema encoding bitarray('00111')
update error on [92106629, 16, 16, 16, 4] and [None, None, 4, 12, 9] : RID 201: (92106629, 16, 0, 0, 0) , correct: [92106629, 16, 4, 12, 9]
schema encoding bitarray('00111')
update error on [92106630, 12, 4, 12, 15] and [None, None, 12, 3, 7] : RID 202: (92106630, 12, 0, 0, 0) , correct: [92106630, 12, 12, 3, 7]
schema encoding bitarray('00111')
update error on [92106631, 16, 10, 9, 2] and [None, None, 2, 8, 6] : RID 203: (92106631, 16, 0, 0, 0) , correct: [92106631, 16, 2, 8, 6]
schema encoding bitarray('00111')
update error on [92106632, 11, 16, 6, 13] and [None, None, 5, 16, 8] : RID 204: (92106632, 11, 0, 0, 0) , correct: [92106632, 11, 5, 16, 8]
schema encoding bitarray('00111')
update error on [92106633, 6, 7, 3, 6] and [None, None, 6, 6, 17] : RID 205: (92106633, 6, 0, 0, 0) , correct: [92106633, 6, 6, 6, 17]
schema encoding bitarray('00111')
update error on [92106634, 13, 3, 5, 8] and [None, None, 5, 2, 19] : RID 206: (92106634, 13, 0, 0, 0) , correct: [92106634, 13, 5, 2, 19]
schema encoding bitarray('00111')
update error on [92106635, 13, 2, 5, 15] and [None, None, 4, 6, 13] : RID 207: (92106635, 13, 0, 0, 0) , correct: [92106635, 13, 4, 6, 13]
schema encoding bitarray('00111')
update error on [92106636, 6, 18, 17, 1] and [None, None, 11, 10, 18] : RID 208: (92106636, 6, 0, 0, 0) , correct: [92106636, 6, 11, 10, 18]
schema encoding bitarray('00111')
update error on [92106637, 9, 2, 19, 6] and [None, None, 16, 2, 10] : RID 209: (92106637, 9, 0, 0, 0) , correct: [92106637, 9, 16, 2, 10]
schema encoding bitarray('00100')
update error on [92106638, 7, 16, 19, 2] and [None, None, 17, 19, 2] : RID 210: (92106638, 7, 0, 19, 2) , correct: [92106638, 7, 17, 19, 2]
schema encoding bitarray('00111')
update error on [92106639, 7, 19, 1, 13] and [None, None, 2, 15, 19] : RID 211: (92106639, 7, 0, 0, 0) , correct: [92106639, 7, 2, 15, 19]
schema encoding bitarray('00111')
update error on [92106640, 11, 2, 15, 18] and [None, None, 18, 10, 20] : RID 212: (92106640, 11, 0, 0, 0) , correct: [92106640, 11, 18, 10, 20]
schema encoding bitarray('00111')
update error on [92106641, 7, 14, 2, 6] and [None, None, 15, 4, 7] : RID 213: (92106641, 7, 0, 0, 0) , correct: [92106641, 7, 15, 4, 7]
schema encoding bitarray('00111')
update error on [92106642, 15, 16, 2, 16] and [None, None, 6, 13, 19] : RID 214: (92106642, 15, 0, 0, 0) , correct: [92106642, 15, 6, 13, 19]
schema encoding bitarray('00111')
update error on [92106643, 10, 17, 16, 4] and [None, None, 3, 9, 15] : RID 215: (92106643, 10, 0, 0, 0) , correct: [92106643, 10, 3, 9, 15]
schema encoding bitarray('00111')
update error on [92106644, 13, 14, 7, 7] and [None, None, 2, 8, 19] : RID 216: (92106644, 13, 0, 0, 0) , correct: [92106644, 13, 2, 8, 19]
schema encoding bitarray('00111')
update error on [92106645, 5, 0, 3, 17] and [None, None, 2, 17, 10] : RID 217: (92106645, 5, 0, 0, 0) , correct: [92106645, 5, 2, 17, 10]
schema encoding bitarray('00111')
update error on [92106646, 0, 19, 18, 4] and [None, None, 15, 9, 7] : RID 218: (92106646, 0, 0, 0, 0) , correct: [92106646, 0, 15, 9, 7]
schema encoding bitarray('00011')
update error on [92106647, 20, 20, 3, 13] and [None, None, 20, 13, 0] : RID 219: (92106647, 20, 20, 0, 0) , correct: [92106647, 20, 20, 13, 0]
schema encoding bitarray('00101')
update error on [92106648, 15, 3, 13, 19] and [None, None, 19, 13, 7] : RID 220: (92106648, 15, 0, 13, 0) , correct: [92106648, 15, 19, 13, 7]
schema encoding bitarray('00111')
update error on [92106649, 12, 5, 7, 11] and [None, None, 10, 2, 14] : RID 221: (92106649, 12, 0, 0, 0) , correct: [92106649, 12, 10, 2, 14]
schema encoding bitarray('00111')
update error on [92106650, 5, 6, 9, 12] and [None, None, 5, 12, 15] : RID 222: (92106650, 5, 0, 0, 0) , correct: [92106650, 5, 5, 12, 15]
schema encoding bitarray('00110')
update error on [92106651, 17, 4, 18, 2] and [None, None, 14, 15, 2] : RID 223: (92106651, 17, 0, 0, 2) , correct: [92106651, 17, 14, 15, 2]
schema encoding bitarray('00111')
update error on [92106652, 14, 13, 18, 20] and [None, None, 20, 20, 9] : RID 224: (92106652, 14, 0, 0, 0) , correct: [92106652, 14, 20, 20, 9]
schema encoding bitarray('00111')
update error on [92106653, 0, 19, 7, 12] and [None, None, 8, 12, 20] : RID 225: (92106653, 0, 0, 0, 0) , correct: [92106653, 0, 8, 12, 20]
schema encoding bitarray('00101')
update error on [92106654, 1, 11, 4, 20] and [None, None, 0, 4, 3] : RID 226: (92106654, 1, 0, 4, 0) , correct: [92106654, 1, 0, 4, 3]
schema encoding bitarray('00111')
update error on [92106655, 0, 5, 12, 7] and [None, None, 13, 6, 5] : RID 227: (92106655, 0, 0, 0, 0) , correct: [92106655, 0, 13, 6, 5]
schema encoding bitarray('00111')
update error on [92106656, 16, 16, 4, 10] and [None, None, 0, 15, 8] : RID 228: (92106656, 16, 0, 0, 0) , correct: [92106656, 16, 0, 15, 8]
schema encoding bitarray('00111')
update error on [92106657, 8, 12, 6, 14] and [None, None, 13, 18, 20] : RID 229: (92106657, 8, 0, 0, 0) , correct: [92106657, 8, 13, 18, 20]
schema encoding bitarray('00111')
update error on [92106658, 13, 11, 17, 3] and [None, None, 10, 12, 6] : RID 230: (92106658, 13, 0, 0, 0) , correct: [92106658, 13, 10, 12, 6]
schema encoding bitarray('00111')
update error on [92106659, 8, 2, 6, 9] and [None, None, 18, 2, 8] : RID 231: (92106659, 8, 0, 0, 0) , correct: [92106659, 8, 18, 2, 8]
schema encoding bitarray('00111')
update error on [92106660, 10, 5, 3, 4] and [None, None, 18, 17, 1] : RID 232: (92106660, 10, 0, 0, 0) , correct: [92106660, 10, 18, 17, 1]
schema encoding bitarray('00111')
update error on [92106661, 13, 17, 4, 0] and [None, None, 7, 15, 12] : RID 233: (92106661, 13, 0, 0, 0) , correct: [92106661, 13, 7, 15, 12]
schema encoding bitarray('00111')
update error on [92106662, 4, 4, 16, 1] and [None, None, 20, 18, 18] : RID 234: (92106662, 4, 0, 0, 0) , correct: [92106662, 4, 20, 18, 18]
schema encoding bitarray('00111')
update error on [92106663, 0, 14, 14, 17] and [None, None, 19, 6, 7] : RID 235: (92106663, 0, 0, 0, 0) , correct: [92106663, 0, 19, 6, 7]
schema encoding bitarray('00111')
update error on [92106664, 19, 15, 2, 9] and [None, None, 0, 14, 0] : RID 236: (92106664, 19, 0, 0, 0) , correct: [92106664, 19, 0, 14, 0]
schema encoding bitarray('00111')
update error on [92106665, 13, 20, 8, 14] and [None, None, 6, 6, 5] : RID 237: (92106665, 13, 0, 0, 0) , correct: [92106665, 13, 6, 6, 5]
schema encoding bitarray('00111')
update error on [92106666, 14, 1, 14, 18] and [None, None, 16, 6, 15] : RID 238: (92106666, 14, 0, 0, 0) , correct: [92106666, 14, 16, 6, 15]
schema encoding bitarray('00110')
update error on [92106667, 8, 17, 1, 0] and [None, None, 20, 20, 0] : RID 239: (92106667, 8, 0, 0, 0) , correct: [92106667, 8, 20, 20, 0]
schema encoding bitarray('00111')
update error on [92106668, 9, 18, 0, 0] and [None, None, 10, 10, 17] : RID 240: (92106668, 9, 0, 0, 0) , correct: [92106668, 9, 10, 10, 17]
schema encoding bitarray('00111')
update error on [92106669, 16, 8, 4, 9] and [None, None, 11, 3, 10] : RID 241: (92106669, 16, 0, 0, 0) , correct: [92106669, 16, 11, 3, 10]
schema encoding bitarray('00110')
update error on [92106670, 8, 19, 0, 2] and [None, None, 5, 15, 2] : RID 242: (92106670, 8, 0, 0, 2) , correct: [92106670, 8, 5, 15, 2]
schema encoding bitarray('00101')
update error on [92106671, 10, 19, 16, 5] and [None, None, 10, 16, 6] : RID 243: (92106671, 10, 0, 16, 0) , correct: [92106671, 10, 10, 16, 6]
schema encoding bitarray('00111')
update error on [92106672, 7, 16, 16, 16] and [None, None, 0, 3, 1] : RID 244: (92106672, 7, 0, 0, 0) , correct: [92106672, 7, 0, 3, 1]
schema encoding bitarray('00111')
update error on [92106673, 12, 6, 16, 18] and [None, None, 19, 18, 10] : RID 245: (92106673, 12, 0, 0, 0) , correct: [92106673, 12, 19, 18, 10]
schema encoding bitarray('00111')
update error on [92106674, 0, 15, 6, 2] and [None, None, 19, 3, 9] : RID 246: (92106674, 0, 0, 0, 0) , correct: [92106674, 0, 19, 3, 9]
schema encoding bitarray('00110')
update error on [92106675, 10, 15, 13, 7] and [None, None, 19, 6, 7] : RID 247: (92106675, 10, 0, 0, 7) , correct: [92106675, 10, 19, 6, 7]
schema encoding bitarray('00111')
update error on [92106676, 5, 3, 11, 16] and [None, None, 13, 14, 3] : RID 248: (92106676, 5, 0, 0, 0) , correct: [92106676, 5, 13, 14, 3]
schema encoding bitarray('00111')
update error on [92106677, 10, 5, 5, 1] and [None, None, 7, 6, 3] : RID 249: (92106677, 10, 0, 0, 0) , correct: [92106677, 10, 7, 6, 3]
schema encoding bitarray('00111')
update error on [92106678, 14, 7, 5, 5] and [None, None, 1, 2, 18] : RID 250: (92106678, 14, 0, 0, 0) , correct: [92106678, 14, 1, 2, 18]
schema encoding bitarray('00111')
update error on [92106679, 18, 13, 5, 7] and [None, None, 14, 12, 18] : RID 251: (92106679, 18, 0, 0, 0) , correct: [92106679, 18, 14, 12, 18]
schema encoding bitarray('00111')
update error on [92106680, 8, 1, 0, 19] and [None, None, 16, 14, 3] : RID 252: (92106680, 8, 0, 0, 0) , correct: [92106680, 8, 16, 14, 3]
schema encoding bitarray('00101')
update error on [92106681, 17, 2, 20, 18] and [None, None, 0, 20, 9] : RID 253: (92106681, 17, 0, 20, 0) , correct: [92106681, 17, 0, 20, 9]
schema encoding bitarray('00110')
update error on [92106682, 15, 2, 17, 16] and [None, None, 10, 1, 16] : RID 254: (92106682, 15, 0, 0, 16) , correct: [92106682, 15, 10, 1, 16]
schema encoding bitarray('00111')
update error on [92106683, 20, 18, 15, 0] and [None, None, 11, 13, 10] : RID 255: (92106683, 20, 0, 0, 0) , correct: [92106683, 20, 11, 13, 10]
schema encoding bitarray('00111')
update error on [92106684, 12, 16, 14, 6] and [None, None, 19, 9, 17] : RID 256: (92106684, 12, 0, 0, 0) , correct: [92106684, 12, 19, 9, 17]
schema encoding bitarray('00111')
update error on [92106685, 3, 13, 6, 12] and [None, None, 1, 16, 7] : RID 257: (92106685, 3, 0, 0, 0) , correct: [92106685, 3, 1, 16, 7]
schema encoding bitarray('00111')
update error on [92106686, 19, 3, 14, 0] and [None, None, 5, 18, 12] : RID 258: (92106686, 19, 0, 0, 0) , correct: [92106686, 19, 5, 18, 12]
schema encoding bitarray('00111')
update error on [92106687, 20, 12, 2, 4] and [None, None, 9, 15, 1] : RID 259: (92106687, 20, 0, 0, 0) , correct: [92106687, 20, 9, 15, 1]
schema encoding bitarray('00111')
update error on [92106688, 10, 0, 14, 8] and [None, None, 1, 15, 15] : RID 260: (92106688, 10, 0, 0, 0) , correct: [92106688, 10, 1, 15, 15]
schema encoding bitarray('00111')
update error on [92106689, 20, 11, 3, 4] and [None, None, 7, 1, 19] : RID 261: (92106689, 20, 0, 0, 0) , correct: [92106689, 20, 7, 1, 19]
schema encoding bitarray('00111')
update error on [92106690, 11, 20, 18, 15] and [None, None, 18, 9, 2] : RID 262: (92106690, 11, 0, 0, 0) , correct: [92106690, 11, 18, 9, 2]
schema encoding bitarray('00111')
update error on [92106691, 17, 15, 20, 18] and [None, None, 19, 2, 6] : RID 263: (92106691, 17, 0, 0, 0) , correct: [92106691, 17, 19, 2, 6]
schema encoding bitarray('00111')
update error on [92106692, 14, 4, 2, 17] and [None, None, 11, 14, 11] : RID 264: (92106692, 14, 0, 0, 0) , correct: [92106692, 14, 11, 14, 11]
schema encoding bitarray('00111')
update error on [92106693, 6, 6, 13, 11] and [None, None, 15, 10, 12] : RID 265: (92106693, 6, 0, 0, 0) , correct: [92106693, 6, 15, 10, 12]
schema encoding bitarray('00111')
update error on [92106694, 9, 13, 8, 9] and [None, None, 2, 6, 5] : RID 266: (92106694, 9, 0, 0, 0) , correct: [92106694, 9, 2, 6, 5]
schema encoding bitarray('00111')
update error on [92106695, 16, 1, 7, 8] and [None, None, 4, 10, 18] : RID 267: (92106695, 16, 0, 0, 0) , correct: [92106695, 16, 4, 10, 18]
schema encoding bitarray('00111')
update error on [92106696, 5, 20, 14, 0] and [None, None, 10, 8, 14] : RID 268: (92106696, 5, 0, 0, 0) , correct: [92106696, 5, 10, 8, 14]
schema encoding bitarray('00111')
update error on [92106697, 7, 2, 4, 18] and [None, None, 6, 13, 0] : RID 269: (92106697, 7, 0, 0, 0) , correct: [92106697, 7, 6, 13, 0]
schema encoding bitarray('00111')
update error on [92106698, 16, 15, 2, 10] and [None, None, 14, 10, 4] : RID 270: (92106698, 16, 0, 0, 0) , correct: [92106698, 16, 14, 10, 4]
schema encoding bitarray('00111')
update error on [92106699, 20, 8, 5, 5] and [None, None, 17, 10, 15] : RID 271: (92106699, 20, 0, 0, 0) , correct: [92106699, 20, 17, 10, 15]
schema encoding bitarray('00111')
update error on [92106700, 12, 1, 11, 15] and [None, None, 16, 17, 6] : RID 272: (92106700, 12, 0, 0, 0) , correct: [92106700, 12, 16, 17, 6]
schema encoding bitarray('00111')
update error on [92106701, 11, 12, 3, 9] and [None, None, 18, 19, 12] : RID 273: (92106701, 11, 0, 0, 0) , correct: [92106701, 11, 18, 19, 12]
schema encoding bitarray('00111')
update error on [92106702, 12, 4, 0, 9] and [None, None, 5, 12, 0] : RID 274: (92106702, 12, 0, 0, 0) , correct: [92106702, 12, 5, 12, 0]
schema encoding bitarray('00111')
update error on [92106703, 6, 6, 5, 4] and [None, None, 9, 16, 11] : RID 275: (92106703, 6, 0, 0, 0) , correct: [92106703, 6, 9, 16, 11]
schema encoding bitarray('00111')
update error on [92106704, 13, 13, 9, 5] and [None, None, 4, 15, 13] : RID 276: (92106704, 13, 0, 0, 0) , correct: [92106704, 13, 4, 15, 13]
schema encoding bitarray('00111')
update error on [92106705, 2, 19, 3, 4] and [None, None, 3, 1, 9] : RID 277: (92106705, 2, 0, 0, 0) , correct: [92106705, 2, 3, 1, 9]
schema encoding bitarray('00111')
update error on [92106706, 12, 11, 20, 8] and [None, None, 6, 9, 10] : RID 278: (92106706, 12, 0, 0, 0) , correct: [92106706, 12, 6, 9, 10]
schema encoding bitarray('00111')
update error on [92106707, 3, 3, 16, 4] and [None, None, 10, 20, 13] : RID 279: (92106707, 3, 0, 0, 0) , correct: [92106707, 3, 10, 20, 13]
schema encoding bitarray('00111')
update error on [92106708, 6, 14, 10, 2] and [None, None, 3, 7, 20] : RID 280: (92106708, 6, 0, 0, 0) , correct: [92106708, 6, 3, 7, 20]
schema encoding bitarray('00111')
update error on [92106709, 3, 10, 10, 0] and [None, None, 1, 5, 18] : RID 281: (92106709, 3, 0, 0, 0) , correct: [92106709, 3, 1, 5, 18]
schema encoding bitarray('00111')
update error on [92106710, 1, 12, 12, 7] and [None, None, 18, 4, 20] : RID 282: (92106710, 1, 0, 0, 0) , correct: [92106710, 1, 18, 4, 20]
schema encoding bitarray('00100')
update error on [92106711, 19, 9, 20, 12] and [None, None, 20, 20, 12] : RID 283: (92106711, 19, 0, 20, 12) , correct: [92106711, 19, 20, 20, 12]
schema encoding bitarray('00111')
update error on [92106712, 3, 13, 17, 9] and [None, None, 12, 10, 16] : RID 284: (92106712, 3, 0, 0, 0) , correct: [92106712, 3, 12, 10, 16]
schema encoding bitarray('00111')
update error on [92106713, 2, 5, 20, 3] and [None, None, 12, 9, 1] : RID 285: (92106713, 2, 0, 0, 0) , correct: [92106713, 2, 12, 9, 1]
schema encoding bitarray('00110')
update error on [92106714, 2, 6, 3, 12] and [None, None, 5, 14, 12] : RID 286: (92106714, 2, 0, 0, 12) , correct: [92106714, 2, 5, 14, 12]
schema encoding bitarray('00111')
update error on [92106715, 18, 11, 17, 17] and [None, None, 19, 19, 14] : RID 287: (92106715, 18, 0, 0, 0) , correct: [92106715, 18, 19, 19, 14]
schema encoding bitarray('00110')
update error on [92106716, 2, 9, 14, 13] and [None, None, 10, 8, 13] : RID 288: (92106716, 2, 0, 0, 13) , correct: [92106716, 2, 10, 8, 13]
schema encoding bitarray('00111')
update error on [92106717, 13, 8, 7, 8] and [None, None, 2, 0, 14] : RID 289: (92106717, 13, 0, 0, 0) , correct: [92106717, 13, 2, 0, 14]
schema encoding bitarray('00111')
update error on [92106718, 10, 14, 18, 18] and [None, None, 12, 11, 8] : RID 290: (92106718, 10, 0, 0, 0) , correct: [92106718, 10, 12, 11, 8]
schema encoding bitarray('00111')
update error on [92106719, 10, 8, 10, 19] and [None, None, 9, 16, 3] : RID 291: (92106719, 10, 0, 0, 0) , correct: [92106719, 10, 9, 16, 3]
schema encoding bitarray('00111')
update error on [92106720, 13, 12, 3, 7] and [None, None, 5, 10, 16] : RID 292: (92106720, 13, 0, 0, 0) , correct: [92106720, 13, 5, 10, 16]
schema encoding bitarray('00111')
update error on [92106721, 16, 18, 1, 14] and [None, None, 20, 3, 12] : RID 293: (92106721, 16, 0, 0, 0) , correct: [92106721, 16, 20, 3, 12]
schema encoding bitarray('00111')
update error on [92106722, 12, 2, 8, 8] and [None, None, 8, 18, 2] : RID 294: (92106722, 12, 0, 0, 0) , correct: [92106722, 12, 8, 18, 2]
schema encoding bitarray('00111')
update error on [92106723, 7, 13, 9, 10] and [None, None, 16, 2, 1] : RID 295: (92106723, 7, 0, 0, 0) , correct: [92106723, 7, 16, 2, 1]
schema encoding bitarray('00111')
update error on [92106724, 0, 19, 10, 19] and [None, None, 5, 11, 12] : RID 296: (92106724, 0, 0, 0, 0) , correct: [92106724, 0, 5, 11, 12]
schema encoding bitarray('00111')
update error on [92106725, 12, 5, 1, 5] and [None, None, 13, 17, 16] : RID 297: (92106725, 12, 0, 0, 0) , correct: [92106725, 12, 13, 17, 16]
schema encoding bitarray('00111')
update error on [92106726, 18, 0, 10, 20] and [None, None, 1, 6, 2] : RID 298: (92106726, 18, 0, 0, 0) , correct: [92106726, 18, 1, 6, 2]
schema encoding bitarray('00111')
update error on [92106727, 19, 4, 5, 15] and [None, None, 20, 15, 12] : RID 299: (92106727, 19, 0, 0, 0) , correct: [92106727, 19, 20, 15, 12]
schema encoding bitarray('00111')
update error on [92106728, 17, 13, 7, 14] and [None, None, 2, 9, 10] : RID 300: (92106728, 17, 0, 0, 0) , correct: [92106728, 17, 2, 9, 10]
schema encoding bitarray('00111')
update error on [92106729, 6, 6, 17, 19] and [None, None, 1, 4, 9] : RID 301: (92106729, 6, 0, 0, 0) , correct: [92106729, 6, 1, 4, 9]
schema encoding bitarray('00111')
update error on [92106730, 14, 7, 5, 16] and [None, None, 20, 20, 12] : RID 302: (92106730, 14, 0, 0, 0) , correct: [92106730, 14, 20, 20, 12]
schema encoding bitarray('00111')
update error on [92106731, 4, 9, 20, 16] and [None, None, 19, 8, 18] : RID 303: (92106731, 4, 0, 0, 0) , correct: [92106731, 4, 19, 8, 18]
schema encoding bitarray('00111')
update error on [92106732, 18, 14, 12, 8] and [None, None, 20, 2, 11] : RID 304: (92106732, 18, 0, 0, 0) , correct: [92106732, 18, 20, 2, 11]
schema encoding bitarray('00111')
update error on [92106733, 1, 4, 0, 13] and [None, None, 3, 4, 12] : RID 305: (92106733, 1, 0, 0, 0) , correct: [92106733, 1, 3, 4, 12]
schema encoding bitarray('00111')
update error on [92106734, 5, 3, 5, 11] and [None, None, 16, 9, 10] : RID 306: (92106734, 5, 0, 0, 0) , correct: [92106734, 5, 16, 9, 10]
schema encoding bitarray('00111')
update error on [92106735, 8, 16, 6, 15] and [None, None, 3, 17, 11] : RID 307: (92106735, 8, 0, 0, 0) , correct: [92106735, 8, 3, 17, 11]
schema encoding bitarray('00111')
update error on [92106736, 6, 14, 2, 2] and [None, None, 19, 19, 15] : RID 308: (92106736, 6, 0, 0, 0) , correct: [92106736, 6, 19, 19, 15]
schema encoding bitarray('00111')
update error on [92106737, 10, 4, 13, 10] and [None, None, 16, 17, 13] : RID 309: (92106737, 10, 0, 0, 0) , correct: [92106737, 10, 16, 17, 13]
schema encoding bitarray('00111')
update error on [92106738, 3, 9, 0, 1] and [None, None, 3, 18, 4] : RID 310: (92106738, 3, 0, 0, 0) , correct: [92106738, 3, 3, 18, 4]
schema encoding bitarray('00111')
update error on [92106739, 10, 15, 5, 2] and [None, None, 1, 14, 4] : RID 311: (92106739, 10, 0, 0, 0) , correct: [92106739, 10, 1, 14, 4]
schema encoding bitarray('00111')
update error on [92106740, 7, 18, 18, 9] and [None, None, 0, 20, 17] : RID 312: (92106740, 7, 0, 0, 0) , correct: [92106740, 7, 0, 20, 17]
schema encoding bitarray('00111')
update error on [92106741, 8, 0, 19, 16] and [None, None, 18, 18, 10] : RID 313: (92106741, 8, 0, 0, 0) , correct: [92106741, 8, 18, 18, 10]
schema encoding bitarray('00111')
update error on [92106742, 19, 6, 11, 10] and [None, None, 19, 3, 15] : RID 314: (92106742, 19, 0, 0, 0) , correct: [92106742, 19, 19, 3, 15]
schema encoding bitarray('00111')
update error on [92106743, 3, 5, 16, 0] and [None, None, 6, 7, 17] : RID 315: (92106743, 3, 0, 0, 0) , correct: [92106743, 3, 6, 7, 17]
schema encoding bitarray('00111')
update error on [92106744, 4, 1, 15, 9] and [None, None, 18, 2, 10] : RID 316: (92106744, 4, 0, 0, 0) , correct: [92106744, 4, 18, 2, 10]
schema encoding bitarray('00111')
update error on [92106745, 16, 0, 2, 10] and [None, None, 6, 14, 16] : RID 317: (92106745, 16, 0, 0, 0) , correct: [92106745, 16, 6, 14, 16]
schema encoding bitarray('00111')
update error on [92106746, 7, 10, 12, 1] and [None, None, 17, 5, 0] : RID 318: (92106746, 7, 0, 0, 0) , correct: [92106746, 7, 17, 5, 0]
schema encoding bitarray('00111')
update error on [92106747, 12, 1, 19, 2] and [None, None, 5, 6, 19] : RID 319: (92106747, 12, 0, 0, 0) , correct: [92106747, 12, 5, 6, 19]
schema encoding bitarray('00111')
update error on [92106748, 20, 15, 12, 19] and [None, None, 13, 0, 16] : RID 320: (92106748, 20, 0, 0, 0) , correct: [92106748, 20, 13, 0, 16]
schema encoding bitarray('00111')
update error on [92106749, 12, 15, 5, 10] and [None, None, 20, 16, 9] : RID 321: (92106749, 12, 0, 0, 0) , correct: [92106749, 12, 20, 16, 9]
schema encoding bitarray('00111')
update error on [92106750, 4, 5, 5, 17] and [None, None, 3, 4, 16] : RID 322: (92106750, 4, 0, 0, 0) , correct: [92106750, 4, 3, 4, 16]
schema encoding bitarray('00111')
update error on [92106751, 17, 9, 14, 16] and [None, None, 20, 17, 15] : RID 323: (92106751, 17, 0, 0, 0) , correct: [92106751, 17, 20, 17, 15]
schema encoding bitarray('00111')
update error on [92106752, 10, 4, 12, 10] and [None, None, 12, 5, 14] : RID 324: (92106752, 10, 0, 0, 0) , correct: [92106752, 10, 12, 5, 14]
schema encoding bitarray('00111')
update error on [92106753, 5, 20, 10, 15] and [None, None, 7, 11, 5] : RID 325: (92106753, 5, 0, 0, 0) , correct: [92106753, 5, 7, 11, 5]
schema encoding bitarray('00111')
update error on [92106754, 18, 20, 14, 6] and [None, None, 6, 20, 9] : RID 326: (92106754, 18, 0, 0, 0) , correct: [92106754, 18, 6, 20, 9]
schema encoding bitarray('00111')
update error on [92106755, 14, 8, 10, 13] and [None, None, 13, 19, 14] : RID 327: (92106755, 14, 0, 0, 0) , correct: [92106755, 14, 13, 19, 14]
schema encoding bitarray('00111')
update error on [92106756, 2, 17, 13, 18] and [None, None, 19, 10, 16] : RID 328: (92106756, 2, 0, 0, 0) , correct: [92106756, 2, 19, 10, 16]
schema encoding bitarray('00111')
update error on [92106757, 2, 7, 4, 5] and [None, None, 20, 15, 19] : RID 329: (92106757, 2, 0, 0, 0) , correct: [92106757, 2, 20, 15, 19]
schema encoding bitarray('00111')
update error on [92106758, 7, 9, 12, 20] and [None, None, 3, 6, 19] : RID 330: (92106758, 7, 0, 0, 0) , correct: [92106758, 7, 3, 6, 19]
schema encoding bitarray('00111')
update error on [92106759, 4, 2, 3, 17] and [None, None, 5, 0, 5] : RID 331: (92106759, 4, 0, 0, 0) , correct: [92106759, 4, 5, 0, 5]
schema encoding bitarray('00111')
update error on [92106760, 11, 5, 10, 10] and [None, None, 15, 14, 12] : RID 332: (92106760, 11, 0, 0, 0) , correct: [92106760, 11, 15, 14, 12]
schema encoding bitarray('00111')
update error on [92106761, 19, 2, 14, 3] and [None, None, 0, 18, 0] : RID 333: (92106761, 19, 0, 0, 0) , correct: [92106761, 19, 0, 18, 0]
schema encoding bitarray('00111')
update error on [92106762, 20, 15, 4, 3] and [None, None, 1, 1, 5] : RID 334: (92106762, 20, 0, 0, 0) , correct: [92106762, 20, 1, 1, 5]
schema encoding bitarray('00111')
update error on [92106763, 7, 8, 13, 11] and [None, None, 20, 6, 15] : RID 335: (92106763, 7, 0, 0, 0) , correct: [92106763, 7, 20, 6, 15]
schema encoding bitarray('00111')
update error on [92106764, 3, 0, 10, 17] and [None, None, 13, 2, 3] : RID 336: (92106764, 3, 0, 0, 0) , correct: [92106764, 3, 13, 2, 3]
schema encoding bitarray('00111')
update error on [92106765, 2, 19, 6, 5] and [None, None, 3, 15, 19] : RID 337: (92106765, 2, 0, 0, 0) , correct: [92106765, 2, 3, 15, 19]
schema encoding bitarray('00111')
update error on [92106766, 10, 8, 14, 8] and [None, None, 17, 11, 14] : RID 338: (92106766, 10, 0, 0, 0) , correct: [92106766, 10, 17, 11, 14]
schema encoding bitarray('00111')
update error on [92106767, 16, 4, 10, 19] and [None, None, 13, 14, 3] : RID 339: (92106767, 16, 0, 0, 0) , correct: [92106767, 16, 13, 14, 3]
schema encoding bitarray('00111')
update error on [92106768, 17, 15, 8, 19] and [None, None, 7, 20, 3] : RID 340: (92106768, 17, 0, 0, 0) , correct: [92106768, 17, 7, 20, 3]
schema encoding bitarray('00111')
update error on [92106769, 20, 8, 0, 16] and [None, None, 1, 4, 5] : RID 341: (92106769, 20, 0, 0, 0) , correct: [92106769, 20, 1, 4, 5]
schema encoding bitarray('00111')
update error on [92106770, 8, 9, 16, 2] and [None, None, 20, 15, 16] : RID 342: (92106770, 8, 0, 0, 0) , correct: [92106770, 8, 20, 15, 16]
schema encoding bitarray('00111')
update error on [92106771, 19, 3, 12, 8] and [None, None, 11, 11, 5] : RID 343: (92106771, 19, 0, 0, 0) , correct: [92106771, 19, 11, 11, 5]
schema encoding bitarray('00111')
update error on [92106772, 4, 2, 8, 12] and [None, None, 5, 13, 20] : RID 344: (92106772, 4, 0, 0, 0) , correct: [92106772, 4, 5, 13, 20]
schema encoding bitarray('00111')
update error on [92106773, 1, 6, 13, 5] and [None, None, 9, 17, 2] : RID 345: (92106773, 1, 0, 0, 0) , correct: [92106773, 1, 9, 17, 2]
schema encoding bitarray('00111')
update error on [92106774, 6, 8, 2, 12] and [None, None, 14, 6, 11] : RID 346: (92106774, 6, 0, 0, 0) , correct: [92106774, 6, 14, 6, 11]
schema encoding bitarray('00111')
update error on [92106775, 20, 11, 5, 6] and [None, None, 5, 15, 19] : RID 347: (92106775, 20, 0, 0, 0) , correct: [92106775, 20, 5, 15, 19]
schema encoding bitarray('00101')
update error on [92106776, 15, 1, 19, 19] and [None, None, 9, 19, 2] : RID 348: (92106776, 15, 0, 19, 0) , correct: [92106776, 15, 9, 19, 2]
schema encoding bitarray('00110')
update error on [92106777, 20, 16, 7, 6] and [None, None, 19, 11, 6] : RID 349: (92106777, 20, 0, 0, 6) , correct: [92106777, 20, 19, 11, 6]
schema encoding bitarray('00111')
update error on [92106778, 4, 7, 5, 12] and [None, None, 15, 2, 13] : RID 350: (92106778, 4, 0, 0, 0) , correct: [92106778, 4, 15, 2, 13]
schema encoding bitarray('00111')
update error on [92106779, 11, 20, 7, 8] and [None, None, 7, 6, 19] : RID 351: (92106779, 11, 0, 0, 0) , correct: [92106779, 11, 7, 6, 19]
schema encoding bitarray('00011')
update error on [92106780, 17, 14, 14, 9] and [None, None, 14, 10, 4] : RID 352: (92106780, 17, 14, 0, 0) , correct: [92106780, 17, 14, 10, 4]
schema encoding bitarray('00111')
update error on [92106781, 15, 16, 0, 8] and [None, None, 15, 1, 15] : RID 353: (92106781, 15, 0, 0, 0) , correct: [92106781, 15, 15, 1, 15]
schema encoding bitarray('00111')
update error on [92106782, 1, 0, 11, 16] and [None, None, 17, 5, 10] : RID 354: (92106782, 1, 0, 0, 0) , correct: [92106782, 1, 17, 5, 10]
schema encoding bitarray('00011')
update error on [92106783, 9, 0, 10, 20] and [None, None, 0, 20, 15] : RID 355: (92106783, 9, 0, 0, 0) , correct: [92106783, 9, 0, 20, 15]
schema encoding bitarray('00111')
update error on [92106784, 20, 4, 17, 10] and [None, None, 5, 8, 11] : RID 356: (92106784, 20, 0, 0, 0) , correct: [92106784, 20, 5, 8, 11]
schema encoding bitarray('00111')
update error on [92106785, 5, 18, 4, 11] and [None, None, 11, 3, 5] : RID 357: (92106785, 5, 0, 0, 0) , correct: [92106785, 5, 11, 3, 5]
schema encoding bitarray('00111')
update error on [92106786, 3, 14, 17, 11] and [None, None, 18, 7, 13] : RID 358: (92106786, 3, 0, 0, 0) , correct: [92106786, 3, 18, 7, 13]
schema encoding bitarray('00111')
update error on [92106787, 14, 15, 15, 14] and [None, None, 6, 9, 6] : RID 359: (92106787, 14, 0, 0, 0) , correct: [92106787, 14, 6, 9, 6]
schema encoding bitarray('00111')
update error on [92106788, 14, 20, 6, 20] and [None, None, 2, 2, 16] : RID 360: (92106788, 14, 0, 0, 0) , correct: [92106788, 14, 2, 2, 16]
schema encoding bitarray('00111')
update error on [92106789, 1, 1, 16, 18] and [None, None, 16, 13, 8] : RID 361: (92106789, 1, 0, 0, 0) , correct: [92106789, 1, 16, 13, 8]
schema encoding bitarray('00111')
update error on [92106790, 7, 11, 17, 14] and [None, None, 5, 13, 17] : RID 362: (92106790, 7, 0, 0, 0) , correct: [92106790, 7, 5, 13, 17]
schema encoding bitarray('00111')
update error on [92106791, 4, 0, 9, 2] and [None, None, 4, 6, 13] : RID 363: (92106791, 4, 0, 0, 0) , correct: [92106791, 4, 4, 6, 13]
schema encoding bitarray('00111')
update error on [92106792, 18, 18, 13, 20] and [None, None, 8, 5, 14] : RID 364: (92106792, 18, 0, 0, 0) , correct: [92106792, 18, 8, 5, 14]
schema encoding bitarray('00111')
update error on [92106793, 14, 1, 20, 8] and [None, None, 5, 10, 0] : RID 365: (92106793, 14, 0, 0, 0) , correct: [92106793, 14, 5, 10, 0]
schema encoding bitarray('00111')
update error on [92106794, 10, 12, 4, 11] and [None, None, 2, 12, 2] : RID 366: (92106794, 10, 0, 0, 0) , correct: [92106794, 10, 2, 12, 2]
schema encoding bitarray('00111')
update error on [92106795, 5, 18, 20, 9] and [None, None, 1, 18, 0] : RID 367: (92106795, 5, 0, 0, 0) , correct: [92106795, 5, 1, 18, 0]
schema encoding bitarray('00111')
update error on [92106796, 16, 17, 9, 3] and [None, None, 2, 7, 0] : RID 368: (92106796, 16, 0, 0, 0) , correct: [92106796, 16, 2, 7, 0]
schema encoding bitarray('00111')
update error on [92106797, 20, 4, 6, 16] and [None, None, 1, 9, 1] : RID 369: (92106797, 20, 0, 0, 0) , correct: [92106797, 20, 1, 9, 1]
schema encoding bitarray('00111')
update error on [92106798, 8, 4, 12, 15] and [None, None, 20, 10, 12] : RID 370: (92106798, 8, 0, 0, 0) , correct: [92106798, 8, 20, 10, 12]
schema encoding bitarray('00111')
update error on [92106799, 10, 6, 12, 10] and [None, None, 3, 19, 7] : RID 371: (92106799, 10, 0, 0, 0) , correct: [92106799, 10, 3, 19, 7]
schema encoding bitarray('00111')
update error on [92106800, 8, 6, 2, 10] and [None, None, 9, 10, 2] : RID 372: (92106800, 8, 0, 0, 0) , correct: [92106800, 8, 9, 10, 2]
schema encoding bitarray('00111')
update error on [92106801, 12, 16, 16, 3] and [None, None, 12, 11, 12] : RID 373: (92106801, 12, 0, 0, 0) , correct: [92106801, 12, 12, 11, 12]
schema encoding bitarray('00111')
update error on [92106802, 1, 13, 8, 16] and [None, None, 5, 16, 12] : RID 374: (92106802, 1, 0, 0, 0) , correct: [92106802, 1, 5, 16, 12]
schema encoding bitarray('00111')
update error on [92106803, 20, 12, 5, 12] and [None, None, 8, 15, 8] : RID 375: (92106803, 20, 0, 0, 0) , correct: [92106803, 20, 8, 15, 8]
schema encoding bitarray('00011')
update error on [92106804, 2, 13, 19, 18] and [None, None, 13, 17, 17] : RID 376: (92106804, 2, 13, 0, 0) , correct: [92106804, 2, 13, 17, 17]
schema encoding bitarray('00111')
update error on [92106805, 7, 11, 19, 2] and [None, None, 13, 17, 11] : RID 377: (92106805, 7, 0, 0, 0) , correct: [92106805, 7, 13, 17, 11]
schema encoding bitarray('00110')
update error on [92106806, 2, 2, 4, 5] and [None, None, 20, 12, 5] : RID 378: (92106806, 2, 0, 0, 5) , correct: [92106806, 2, 20, 12, 5]
schema encoding bitarray('00111')
update error on [92106807, 11, 1, 17, 15] and [None, None, 19, 8, 7] : RID 379: (92106807, 11, 0, 0, 0) , correct: [92106807, 11, 19, 8, 7]
schema encoding bitarray('00111')
update error on [92106808, 10, 17, 8, 20] and [None, None, 14, 20, 13] : RID 380: (92106808, 10, 0, 0, 0) , correct: [92106808, 10, 14, 20, 13]
schema encoding bitarray('00111')
update error on [92106809, 15, 3, 1, 18] and [None, None, 19, 17, 11] : RID 381: (92106809, 15, 0, 0, 0) , correct: [92106809, 15, 19, 17, 11]
schema encoding bitarray('00011')
update error on [92106810, 15, 13, 9, 6] and [None, None, 13, 1, 13] : RID 382: (92106810, 15, 13, 0, 0) , correct: [92106810, 15, 13, 1, 13]
schema encoding bitarray('00111')
update error on [92106811, 17, 15, 14, 12] and [None, None, 7, 5, 15] : RID 383: (92106811, 17, 0, 0, 0) , correct: [92106811, 17, 7, 5, 15]
schema encoding bitarray('00110')
update error on [92106812, 19, 20, 17, 13] and [None, None, 1, 16, 13] : RID 384: (92106812, 19, 0, 0, 13) , correct: [92106812, 19, 1, 16, 13]
schema encoding bitarray('00110')
update error on [92106813, 7, 16, 1, 19] and [None, None, 14, 17, 19] : RID 385: (92106813, 7, 0, 0, 19) , correct: [92106813, 7, 14, 17, 19]
schema encoding bitarray('00111')
update error on [92106814, 11, 17, 2, 13] and [None, None, 16, 18, 11] : RID 386: (92106814, 11, 0, 0, 0) , correct: [92106814, 11, 16, 18, 11]
schema encoding bitarray('00111')
update error on [92106815, 7, 19, 0, 10] and [None, None, 1, 10, 3] : RID 387: (92106815, 7, 0, 0, 0) , correct: [92106815, 7, 1, 10, 3]
schema encoding bitarray('00111')
update error on [92106816, 14, 7, 13, 8] and [None, None, 13, 14, 16] : RID 388: (92106816, 14, 0, 0, 0) , correct: [92106816, 14, 13, 14, 16]
schema encoding bitarray('00111')
update error on [92106817, 3, 18, 0, 7] and [None, None, 10, 15, 11] : RID 389: (92106817, 3, 0, 0, 0) , correct: [92106817, 3, 10, 15, 11]
schema encoding bitarray('00111')
update error on [92106818, 14, 6, 11, 11] and [None, None, 10, 15, 12] : RID 390: (92106818, 14, 0, 0, 0) , correct: [92106818, 14, 10, 15, 12]
schema encoding bitarray('00111')
update error on [92106819, 9, 1, 12, 0] and [None, None, 15, 3, 6] : RID 391: (92106819, 9, 0, 0, 0) , correct: [92106819, 9, 15, 3, 6]
schema encoding bitarray('00111')
update error on [92106820, 8, 3, 20, 6] and [None, None, 1, 3, 14] : RID 392: (92106820, 8, 0, 0, 0) , correct: [92106820, 8, 1, 3, 14]
schema encoding bitarray('00111')
update error on [92106821, 20, 3, 10, 9] and [None, None, 16, 12, 18] : RID 393: (92106821, 20, 0, 0, 0) , correct: [92106821, 20, 16, 12, 18]
schema encoding bitarray('00111')
update error on [92106822, 0, 16, 14, 7] and [None, None, 18, 12, 6] : RID 394: (92106822, 0, 0, 0, 0) , correct: [92106822, 0, 18, 12, 6]
schema encoding bitarray('00111')
update error on [92106823, 10, 0, 17, 19] and [None, None, 15, 13, 7] : RID 395: (92106823, 10, 0, 0, 0) , correct: [92106823, 10, 15, 13, 7]
schema encoding bitarray('00110')
update error on [92106824, 16, 18, 16, 3] and [None, None, 14, 6, 3] : RID 396: (92106824, 16, 0, 0, 3) , correct: [92106824, 16, 14, 6, 3]
schema encoding bitarray('00111')
update error on [92106825, 15, 6, 11, 12] and [None, None, 9, 20, 14] : RID 397: (92106825, 15, 0, 0, 0) , correct: [92106825, 15, 9, 20, 14]
schema encoding bitarray('00111')
update error on [92106826, 14, 8, 18, 14] and [None, None, 12, 2, 11] : RID 398: (92106826, 14, 0, 0, 0) , correct: [92106826, 14, 12, 2, 11]
schema encoding bitarray('00111')
update error on [92106827, 9, 20, 5, 0] and [None, None, 7, 14, 4] : RID 399: (92106827, 9, 0, 0, 0) , correct: [92106827, 9, 7, 14, 4]
schema encoding bitarray('00111')
update error on [92106828, 9, 17, 13, 5] and [None, None, 19, 12, 11] : RID 400: (92106828, 9, 0, 0, 0) , correct: [92106828, 9, 19, 12, 11]
schema encoding bitarray('00111')
update error on [92106829, 5, 13, 9, 3] and [None, None, 0, 5, 17] : RID 401: (92106829, 5, 0, 0, 0) , correct: [92106829, 5, 0, 5, 17]
schema encoding bitarray('00111')
update error on [92106830, 18, 16, 0, 9] and [None, None, 7, 11, 13] : RID 402: (92106830, 18, 0, 0, 0) , correct: [92106830, 18, 7, 11, 13]
schema encoding bitarray('00111')
update error on [92106831, 6, 4, 17, 10] and [None, None, 5, 0, 5] : RID 403: (92106831, 6, 0, 0, 0) , correct: [92106831, 6, 5, 0, 5]
schema encoding bitarray('00111')
update error on [92106832, 18, 5, 5, 7] and [None, None, 12, 8, 1] : RID 404: (92106832, 18, 0, 0, 0) , correct: [92106832, 18, 12, 8, 1]
schema encoding bitarray('00111')
update error on [92106833, 13, 2, 16, 9] and [None, None, 8, 2, 13] : RID 405: (92106833, 13, 0, 0, 0) , correct: [92106833, 13, 8, 2, 13]
schema encoding bitarray('00111')
update error on [92106834, 16, 11, 18, 17] and [None, None, 5, 5, 2] : RID 406: (92106834, 16, 0, 0, 0) , correct: [92106834, 16, 5, 5, 2]
schema encoding bitarray('00111')
update error on [92106835, 19, 0, 6, 6] and [None, None, 3, 7, 1] : RID 407: (92106835, 19, 0, 0, 0) , correct: [92106835, 19, 3, 7, 1]
schema encoding bitarray('00111')
update error on [92106836, 5, 19, 10, 18] and [None, None, 8, 0, 9] : RID 408: (92106836, 5, 0, 0, 0) , correct: [92106836, 5, 8, 0, 9]
schema encoding bitarray('00111')
update error on [92106837, 9, 13, 9, 6] and [None, None, 7, 2, 18] : RID 409: (92106837, 9, 0, 0, 0) , correct: [92106837, 9, 7, 2, 18]
schema encoding bitarray('00111')
update error on [92106838, 0, 5, 10, 16] and [None, None, 11, 13, 9] : RID 410: (92106838, 0, 0, 0, 0) , correct: [92106838, 0, 11, 13, 9]
schema encoding bitarray('00111')
update error on [92106839, 7, 1, 14, 17] and [None, None, 10, 2, 5] : RID 411: (92106839, 7, 0, 0, 0) , correct: [92106839, 7, 10, 2, 5]
schema encoding bitarray('00011')
update error on [92106840, 4, 10, 2, 9] and [None, None, 10, 18, 14] : RID 412: (92106840, 4, 10, 0, 0) , correct: [92106840, 4, 10, 18, 14]
schema encoding bitarray('00111')
update error on [92106841, 18, 1, 10, 15] and [None, None, 20, 1, 9] : RID 413: (92106841, 18, 0, 0, 0) , correct: [92106841, 18, 20, 1, 9]
schema encoding bitarray('00111')
update error on [92106842, 5, 20, 15, 8] and [None, None, 0, 4, 11] : RID 414: (92106842, 5, 0, 0, 0) , correct: [92106842, 5, 0, 4, 11]
schema encoding bitarray('00111')
update error on [92106843, 17, 6, 16, 6] and [None, None, 20, 1, 18] : RID 415: (92106843, 17, 0, 0, 0) , correct: [92106843, 17, 20, 1, 18]
schema encoding bitarray('00111')
update error on [92106844, 12, 10, 9, 2] and [None, None, 5, 3, 12] : RID 416: (92106844, 12, 0, 0, 0) , correct: [92106844, 12, 5, 3, 12]
schema encoding bitarray('00111')
update error on [92106845, 11, 11, 0, 19] and [None, None, 13, 11, 15] : RID 417: (92106845, 11, 0, 0, 0) , correct: [92106845, 11, 13, 11, 15]
schema encoding bitarray('00111')
update error on [92106846, 11, 12, 5, 10] and [None, None, 0, 17, 7] : RID 418: (92106846, 11, 0, 0, 0) , correct: [92106846, 11, 0, 17, 7]
schema encoding bitarray('00111')
update error on [92106847, 3, 4, 1, 13] and [None, None, 13, 13, 12] : RID 419: (92106847, 3, 0, 0, 0) , correct: [92106847, 3, 13, 13, 12]
schema encoding bitarray('00111')
update error on [92106848, 7, 6, 18, 4] and [None, None, 4, 3, 6] : RID 420: (92106848, 7, 0, 0, 0) , correct: [92106848, 7, 4, 3, 6]
schema encoding bitarray('00110')
update error on [92106849, 10, 14, 10, 3] and [None, None, 15, 9, 3] : RID 421: (92106849, 10, 0, 0, 3) , correct: [92106849, 10, 15, 9, 3]
schema encoding bitarray('00111')
update error on [92106850, 19, 20, 17, 9] and [None, None, 7, 1, 18] : RID 422: (92106850, 19, 0, 0, 0) , correct: [92106850, 19, 7, 1, 18]
schema encoding bitarray('00111')
update error on [92106851, 3, 6, 6, 1] and [None, None, 11, 20, 20] : RID 423: (92106851, 3, 0, 0, 0) , correct: [92106851, 3, 11, 20, 20]
schema encoding bitarray('00111')
update error on [92106852, 1, 10, 17, 10] and [None, None, 5, 19, 13] : RID 424: (92106852, 1, 0, 0, 0) , correct: [92106852, 1, 5, 19, 13]
schema encoding bitarray('00111')
update error on [92106853, 13, 11, 16, 2] and [None, None, 9, 18, 15] : RID 425: (92106853, 13, 0, 0, 0) , correct: [92106853, 13, 9, 18, 15]
schema encoding bitarray('00111')
update error on [92106854, 7, 20, 11, 6] and [None, None, 4, 14, 11] : RID 426: (92106854, 7, 0, 0, 0) , correct: [92106854, 7, 4, 14, 11]
schema encoding bitarray('00111')
update error on [92106855, 2, 12, 2, 2] and [None, None, 17, 20, 15] : RID 427: (92106855, 2, 0, 0, 0) , correct: [92106855, 2, 17, 20, 15]
schema encoding bitarray('00111')
update error on [92106856, 20, 0, 3, 10] and [None, None, 3, 14, 17] : RID 428: (92106856, 20, 0, 0, 0) , correct: [92106856, 20, 3, 14, 17]
schema encoding bitarray('00111')
update error on [92106857, 12, 17, 10, 9] and [None, None, 16, 9, 12] : RID 429: (92106857, 12, 0, 0, 0) , correct: [92106857, 12, 16, 9, 12]
schema encoding bitarray('00111')
update error on [92106858, 2, 4, 7, 8] and [None, None, 17, 9, 9] : RID 430: (92106858, 2, 0, 0, 0) , correct: [92106858, 2, 17, 9, 9]
schema encoding bitarray('00111')
update error on [92106859, 3, 6, 16, 4] and [None, None, 9, 20, 9] : RID 431: (92106859, 3, 0, 0, 0) , correct: [92106859, 3, 9, 20, 9]
schema encoding bitarray('00111')
update error on [92106860, 0, 12, 16, 0] and [None, None, 13, 6, 4] : RID 432: (92106860, 0, 0, 0, 0) , correct: [92106860, 0, 13, 6, 4]
schema encoding bitarray('00111')
update error on [92106861, 3, 6, 9, 4] and [None, None, 4, 1, 18] : RID 433: (92106861, 3, 0, 0, 0) , correct: [92106861, 3, 4, 1, 18]
schema encoding bitarray('00111')
update error on [92106862, 16, 2, 15, 4] and [None, None, 15, 13, 13] : RID 434: (92106862, 16, 0, 0, 0) , correct: [92106862, 16, 15, 13, 13]
schema encoding bitarray('00111')
update error on [92106863, 7, 20, 10, 11] and [None, None, 15, 4, 4] : RID 435: (92106863, 7, 0, 0, 0) , correct: [92106863, 7, 15, 4, 4]
schema encoding bitarray('00111')
update error on [92106864, 10, 14, 14, 19] and [None, None, 18, 12, 4] : RID 436: (92106864, 10, 0, 0, 0) , correct: [92106864, 10, 18, 12, 4]
schema encoding bitarray('00110')
update error on [92106865, 12, 0, 18, 13] and [None, None, 7, 6, 13] : RID 437: (92106865, 12, 0, 0, 13) , correct: [92106865, 12, 7, 6, 13]
schema encoding bitarray('00111')
update error on [92106866, 12, 14, 2, 6] and [None, None, 10, 18, 8] : RID 438: (92106866, 12, 0, 0, 0) , correct: [92106866, 12, 10, 18, 8]
schema encoding bitarray('00111')
update error on [92106867, 19, 1, 13, 18] and [None, None, 3, 15, 8] : RID 439: (92106867, 19, 0, 0, 0) , correct: [92106867, 19, 3, 15, 8]
schema encoding bitarray('00111')
update error on [92106868, 9, 9, 18, 12] and [None, None, 13, 9, 19] : RID 440: (92106868, 9, 0, 0, 0) , correct: [92106868, 9, 13, 9, 19]
schema encoding bitarray('00111')
update error on [92106869, 16, 1, 13, 4] and [None, None, 5, 1, 7] : RID 441: (92106869, 16, 0, 0, 0) , correct: [92106869, 16, 5, 1, 7]
schema encoding bitarray('00111')
update error on [92106870, 2, 10, 20, 5] and [None, None, 6, 10, 4] : RID 442: (92106870, 2, 0, 0, 0) , correct: [92106870, 2, 6, 10, 4]
schema encoding bitarray('00111')
update error on [92106871, 11, 17, 14, 2] and [None, None, 9, 3, 14] : RID 443: (92106871, 11, 0, 0, 0) , correct: [92106871, 11, 9, 3, 14]
schema encoding bitarray('00111')
update error on [92106872, 12, 12, 15, 19] and [None, None, 9, 1, 20] : RID 444: (92106872, 12, 0, 0, 0) , correct: [92106872, 12, 9, 1, 20]
schema encoding bitarray('00111')
update error on [92106873, 5, 16, 16, 5] and [None, None, 4, 4, 10] : RID 445: (92106873, 5, 0, 0, 0) , correct: [92106873, 5, 4, 4, 10]
schema encoding bitarray('00111')
update error on [92106874, 13, 1, 5, 2] and [None, None, 11, 12, 4] : RID 446: (92106874, 13, 0, 0, 0) , correct: [92106874, 13, 11, 12, 4]
schema encoding bitarray('00111')
update error on [92106875, 4, 8, 17, 9] and [None, None, 18, 20, 1] : RID 447: (92106875, 4, 0, 0, 0) , correct: [92106875, 4, 18, 20, 1]
schema encoding bitarray('00111')
update error on [92106876, 9, 16, 12, 6] and [None, None, 15, 6, 3] : RID 448: (92106876, 9, 0, 0, 0) , correct: [92106876, 9, 15, 6, 3]
schema encoding bitarray('00111')
update error on [92106877, 15, 4, 7, 15] and [None, None, 20, 0, 5] : RID 449: (92106877, 15, 0, 0, 0) , correct: [92106877, 15, 20, 0, 5]
schema encoding bitarray('00111')
update error on [92106878, 6, 13, 3, 1] and [None, None, 9, 0, 9] : RID 450: (92106878, 6, 0, 0, 0) , correct: [92106878, 6, 9, 0, 9]
schema encoding bitarray('00111')
update error on [92106879, 20, 1, 2, 19] and [None, None, 12, 3, 20] : RID 451: (92106879, 20, 0, 0, 0) , correct: [92106879, 20, 12, 3, 20]
schema encoding bitarray('00111')
update error on [92106880, 19, 0, 9, 10] and [None, None, 12, 2, 3] : RID 452: (92106880, 19, 0, 0, 0) , correct: [92106880, 19, 12, 2, 3]
schema encoding bitarray('00111')
update error on [92106881, 13, 1, 19, 5] and [None, None, 9, 7, 2] : RID 453: (92106881, 13, 0, 0, 0) , correct: [92106881, 13, 9, 7, 2]
schema encoding bitarray('00111')
update error on [92106882, 3, 1, 3, 8] and [None, None, 3, 9, 7] : RID 454: (92106882, 3, 0, 0, 0) , correct: [92106882, 3, 3, 9, 7]
schema encoding bitarray('00111')
update error on [92106883, 8, 20, 6, 13] and [None, None, 12, 5, 16] : RID 455: (92106883, 8, 0, 0, 0) , correct: [92106883, 8, 12, 5, 16]
schema encoding bitarray('00111')
update error on [92106884, 8, 8, 8, 19] and [None, None, 10, 1, 14] : RID 456: (92106884, 8, 0, 0, 0) , correct: [92106884, 8, 10, 1, 14]
schema encoding bitarray('00111')
update error on [92106885, 1, 9, 15, 17] and [None, None, 4, 6, 7] : RID 457: (92106885, 1, 0, 0, 0) , correct: [92106885, 1, 4, 6, 7]
schema encoding bitarray('00110')
update error on [92106886, 16, 7, 12, 14] and [None, None, 10, 0, 14] : RID 458: (92106886, 16, 0, 0, 14) , correct: [92106886, 16, 10, 0, 14]
schema encoding bitarray('00011')
update error on [92106887, 11, 15, 12, 2] and [None, None, 15, 19, 5] : RID 459: (92106887, 11, 15, 0, 0) , correct: [92106887, 11, 15, 19, 5]
schema encoding bitarray('00111')
update error on [92106888, 5, 20, 9, 12] and [None, None, 9, 20, 14] : RID 460: (92106888, 5, 0, 0, 0) , correct: [92106888, 5, 9, 20, 14]
schema encoding bitarray('00111')
update error on [92106889, 17, 0, 17, 5] and [None, None, 12, 5, 19] : RID 461: (92106889, 17, 0, 0, 0) , correct: [92106889, 17, 12, 5, 19]
schema encoding bitarray('00111')
update error on [92106890, 20, 1, 17, 3] and [None, None, 17, 2, 18] : RID 462: (92106890, 20, 0, 0, 0) , correct: [92106890, 20, 17, 2, 18]
schema encoding bitarray('00111')
update error on [92106891, 1, 2, 9, 16] and [None, None, 12, 7, 0] : RID 463: (92106891, 1, 0, 0, 0) , correct: [92106891, 1, 12, 7, 0]
schema encoding bitarray('00101')
update error on [92106892, 17, 0, 10, 15] and [None, None, 1, 10, 0] : RID 464: (92106892, 17, 0, 10, 0) , correct: [92106892, 17, 1, 10, 0]
schema encoding bitarray('00111')
update error on [92106893, 12, 20, 12, 19] and [None, None, 7, 9, 18] : RID 465: (92106893, 12, 0, 0, 0) , correct: [92106893, 12, 7, 9, 18]
schema encoding bitarray('00111')
update error on [92106894, 19, 20, 20, 9] and [None, None, 14, 17, 17] : RID 466: (92106894, 19, 0, 0, 0) , correct: [92106894, 19, 14, 17, 17]
schema encoding bitarray('00111')
update error on [92106895, 3, 8, 10, 12] and [None, None, 12, 2, 5] : RID 467: (92106895, 3, 0, 0, 0) , correct: [92106895, 3, 12, 2, 5]
schema encoding bitarray('00011')
update error on [92106896, 20, 12, 1, 0] and [None, None, 12, 2, 20] : RID 468: (92106896, 20, 12, 0, 0) , correct: [92106896, 20, 12, 2, 20]
schema encoding bitarray('00111')
update error on [92106897, 4, 7, 7, 11] and [None, None, 13, 19, 17] : RID 469: (92106897, 4, 0, 0, 0) , correct: [92106897, 4, 13, 19, 17]
schema encoding bitarray('00111')
update error on [92106898, 1, 19, 8, 1] and [None, None, 20, 5, 20] : RID 470: (92106898, 1, 0, 0, 0) , correct: [92106898, 1, 20, 5, 20]
schema encoding bitarray('00111')
update error on [92106899, 15, 9, 3, 18] and [None, None, 19, 17, 20] : RID 471: (92106899, 15, 0, 0, 0) , correct: [92106899, 15, 19, 17, 20]
schema encoding bitarray('00111')
update error on [92106900, 17, 6, 18, 17] and [None, None, 7, 19, 4] : RID 472: (92106900, 17, 0, 0, 0) , correct: [92106900, 17, 7, 19, 4]
schema encoding bitarray('00111')
update error on [92106901, 1, 1, 12, 17] and [None, None, 18, 17, 11] : RID 473: (92106901, 1, 0, 0, 0) , correct: [92106901, 1, 18, 17, 11]
schema encoding bitarray('00111')
update error on [92106902, 10, 12, 10, 15] and [None, None, 20, 18, 7] : RID 474: (92106902, 10, 0, 0, 0) , correct: [92106902, 10, 20, 18, 7]
schema encoding bitarray('00111')
update error on [92106903, 20, 8, 12, 10] and [None, None, 0, 11, 20] : RID 475: (92106903, 20, 0, 0, 0) , correct: [92106903, 20, 0, 11, 20]
schema encoding bitarray('00111')
update error on [92106904, 1, 16, 9, 16] and [None, None, 1, 7, 14] : RID 476: (92106904, 1, 0, 0, 0) , correct: [92106904, 1, 1, 7, 14]
schema encoding bitarray('00011')
update error on [92106905, 10, 19, 4, 10] and [None, None, 19, 17, 11] : RID 477: (92106905, 10, 19, 0, 0) , correct: [92106905, 10, 19, 17, 11]
schema encoding bitarray('00111')
update error on [92106906, 7, 8, 14, 10] and [None, None, 2, 19, 0] : RID 478: (92106906, 7, 0, 0, 0) , correct: [92106906, 7, 2, 19, 0]
schema encoding bitarray('00110')
update error on [92106907, 7, 6, 5, 19] and [None, None, 4, 2, 19] : RID 479: (92106907, 7, 0, 0, 19) , correct: [92106907, 7, 4, 2, 19]
schema encoding bitarray('00111')
update error on [92106908, 11, 10, 1, 6] and [None, None, 4, 7, 12] : RID 480: (92106908, 11, 0, 0, 0) , correct: [92106908, 11, 4, 7, 12]
schema encoding bitarray('00111')
update error on [92106909, 16, 1, 12, 4] and [None, None, 15, 20, 3] : RID 481: (92106909, 16, 0, 0, 0) , correct: [92106909, 16, 15, 20, 3]
schema encoding bitarray('00101')
update error on [92106910, 11, 9, 5, 19] and [None, None, 13, 5, 17] : RID 482: (92106910, 11, 0, 5, 0) , correct: [92106910, 11, 13, 5, 17]
schema encoding bitarray('00111')
update error on [92106911, 0, 10, 15, 7] and [None, None, 14, 4, 5] : RID 483: (92106911, 0, 0, 0, 0) , correct: [92106911, 0, 14, 4, 5]
schema encoding bitarray('00111')
update error on [92106912, 8, 12, 15, 5] and [None, None, 15, 9, 4] : RID 484: (92106912, 8, 0, 0, 0) , correct: [92106912, 8, 15, 9, 4]
schema encoding bitarray('00111')
update error on [92106913, 17, 10, 4, 8] and [None, None, 17, 15, 7] : RID 485: (92106913, 17, 0, 0, 0) , correct: [92106913, 17, 17, 15, 7]
schema encoding bitarray('00111')
update error on [92106914, 14, 3, 6, 9] and [None, None, 12, 16, 0] : RID 486: (92106914, 14, 0, 0, 0) , correct: [92106914, 14, 12, 16, 0]
schema encoding bitarray('00111')
update error on [92106915, 20, 3, 17, 9] and [None, None, 15, 20, 14] : RID 487: (92106915, 20, 0, 0, 0) , correct: [92106915, 20, 15, 20, 14]
schema encoding bitarray('00111')
update error on [92106916, 2, 4, 16, 0] and [None, None, 13, 2, 3] : RID 488: (92106916, 2, 0, 0, 0) , correct: [92106916, 2, 13, 2, 3]
schema encoding bitarray('00111')
update error on [92106917, 6, 1, 18, 2] and [None, None, 3, 5, 20] : RID 489: (92106917, 6, 0, 0, 0) , correct: [92106917, 6, 3, 5, 20]
schema encoding bitarray('00111')
update error on [92106918, 2, 20, 17, 1] and [None, None, 3, 18, 4] : RID 490: (92106918, 2, 0, 0, 0) , correct: [92106918, 2, 3, 18, 4]
schema encoding bitarray('00111')
update error on [92106919, 3, 13, 16, 15] and [None, None, 19, 12, 2] : RID 491: (92106919, 3, 0, 0, 0) , correct: [92106919, 3, 19, 12, 2]
schema encoding bitarray('00111')
update error on [92106920, 15, 3, 3, 2] and [None, None, 16, 4, 17] : RID 492: (92106920, 15, 0, 0, 0) , correct: [92106920, 15, 16, 4, 17]
schema encoding bitarray('00111')
update error on [92106921, 12, 11, 2, 6] and [None, None, 13, 13, 20] : RID 493: (92106921, 12, 0, 0, 0) , correct: [92106921, 12, 13, 13, 20]
schema encoding bitarray('00111')
update error on [92106922, 19, 11, 3, 8] and [None, None, 19, 12, 14] : RID 494: (92106922, 19, 0, 0, 0) , correct: [92106922, 19, 19, 12, 14]
schema encoding bitarray('00111')
update error on [92106923, 6, 5, 4, 1] and [None, None, 14, 7, 4] : RID 495: (92106923, 6, 0, 0, 0) , correct: [92106923, 6, 14, 7, 4]
schema encoding bitarray('00111')
update error on [92106924, 10, 6, 19, 18] and [None, None, 17, 9, 5] : RID 496: (92106924, 10, 0, 0, 0) , correct: [92106924, 10, 17, 9, 5]
schema encoding bitarray('00111')
update error on [92106925, 9, 15, 11, 11] and [None, None, 1, 16, 3] : RID 497: (92106925, 9, 0, 0, 0) , correct: [92106925, 9, 1, 16, 3]
schema encoding bitarray('00111')
update error on [92106926, 18, 9, 16, 6] and [None, None, 13, 8, 14] : RID 498: (92106926, 18, 0, 0, 0) , correct: [92106926, 18, 13, 8, 14]
schema encoding bitarray('00111')
update error on [92106927, 18, 2, 20, 13] and [None, None, 9, 1, 1] : RID 499: (92106927, 18, 0, 0, 0) , correct: [92106927, 18, 9, 1, 1]
schema encoding bitarray('00111')
update error on [92106928, 13, 5, 2, 2] and [None, None, 9, 20, 16] : RID 500: (92106928, 13, 0, 0, 0) , correct: [92106928, 13, 9, 20, 16]
schema encoding bitarray('00111')
update error on [92106929, 16, 8, 15, 15] and [None, None, 20, 20, 11] : RID 501: (92106929, 16, 0, 0, 0) , correct: [92106929, 16, 20, 20, 11]
schema encoding bitarray('00111')
update error on [92106930, 14, 7, 1, 9] and [None, None, 4, 13, 19] : RID 502: (92106930, 14, 0, 0, 0) , correct: [92106930, 14, 4, 13, 19]
schema encoding bitarray('00111')
update error on [92106931, 13, 14, 5, 7] and [None, None, 0, 12, 9] : RID 503: (92106931, 13, 0, 0, 0) , correct: [92106931, 13, 0, 12, 9]
schema encoding bitarray('00111')
update error on [92106932, 9, 18, 20, 10] and [None, None, 11, 5, 15] : RID 504: (92106932, 9, 0, 0, 0) , correct: [92106932, 9, 11, 5, 15]
schema encoding bitarray('00111')
update error on [92106933, 17, 5, 13, 18] and [None, None, 6, 15, 16] : RID 505: (92106933, 17, 0, 0, 0) , correct: [92106933, 17, 6, 15, 16]
schema encoding bitarray('00111')
update error on [92106934, 19, 12, 11, 14] and [None, None, 3, 18, 20] : RID 506: (92106934, 19, 0, 0, 0) , correct: [92106934, 19, 3, 18, 20]
schema encoding bitarray('00111')
update error on [92106935, 15, 13, 5, 19] and [None, None, 16, 19, 13] : RID 507: (92106935, 15, 0, 0, 0) , correct: [92106935, 15, 16, 19, 13]
schema encoding bitarray('00011')
update error on [92106936, 6, 5, 12, 20] and [None, None, 5, 2, 13] : RID 508: (92106936, 6, 5, 0, 0) , correct: [92106936, 6, 5, 2, 13]
schema encoding bitarray('00111')
update error on [92106937, 3, 20, 4, 19] and [None, None, 2, 20, 12] : RID 509: (92106937, 3, 0, 0, 0) , correct: [92106937, 3, 2, 20, 12]
schema encoding bitarray('00111')
update error on [92106938, 10, 12, 20, 12] and [None, None, 13, 19, 5] : RID 510: (92106938, 10, 0, 0, 0) , correct: [92106938, 10, 13, 19, 5]
schema encoding bitarray('00111')
schema encoding bitarray('00111')
update error on [92106940, 0, 4, 7, 19] and [None, None, 10, 4, 16] : RID 512: (92106940, 0, 13, 6, 18) , correct: [92106940, 0, 10, 4, 16]
schema encoding bitarray('00111')
update error on [92106941, 20, 8, 1, 9] and [None, None, 2, 2, 8] : RID 513: (92106941, 20, 13, 6, 18) , correct: [92106941, 20, 2, 2, 8]
schema encoding bitarray('00111')
update error on [92106942, 12, 9, 2, 19] and [None, None, 14, 18, 20] : RID 514: (92106942, 12, 13, 6, 18) , correct: [92106942, 12, 14, 18, 20]
schema encoding bitarray('00111')
update error on [92106943, 9, 12, 7, 3] and [None, None, 5, 19, 20] : RID 515: (92106943, 9, 13, 6, 18) , correct: [92106943, 9, 5, 19, 20]
schema encoding bitarray('00111')
update error on [92106944, 5, 13, 2, 18] and [None, None, 6, 16, 15] : RID 516: (92106944, 5, 13, 6, 18) , correct: [92106944, 5, 6, 16, 15]
schema encoding bitarray('00111')
update error on [92106945, 2, 15, 15, 6] and [None, None, 12, 19, 3] : RID 517: (92106945, 2, 13, 6, 18) , correct: [92106945, 2, 12, 19, 3]
schema encoding bitarray('00111')
update error on [92106946, 8, 4, 10, 4] and [None, None, 7, 6, 9] : RID 518: (92106946, 8, 13, 6, 18) , correct: [92106946, 8, 7, 6, 9]
schema encoding bitarray('00111')
update error on [92106947, 8, 5, 7, 12] and [None, None, 15, 4, 19] : RID 519: (92106947, 8, 13, 6, 18) , correct: [92106947, 8, 15, 4, 19]
schema encoding bitarray('00101')
update error on [92106948, 18, 4, 18, 19] and [None, None, 15, 18, 7] : RID 520: (92106948, 18, 13, 18, 18) , correct: [92106948, 18, 15, 18, 7]
schema encoding bitarray('00111')
update error on [92106949, 12, 17, 6, 12] and [None, None, 0, 1, 1] : RID 521: (92106949, 12, 13, 6, 18) , correct: [92106949, 12, 0, 1, 1]
schema encoding bitarray('00111')
update error on [92106950, 18, 11, 3, 16] and [None, None, 7, 19, 17] : RID 522: (92106950, 18, 13, 6, 18) , correct: [92106950, 18, 7, 19, 17]
schema encoding bitarray('00111')
update error on [92106951, 10, 14, 5, 5] and [None, None, 6, 14, 19] : RID 523: (92106951, 10, 13, 6, 18) , correct: [92106951, 10, 6, 14, 19]
schema encoding bitarray('00111')
update error on [92106952, 18, 17, 14, 20] and [None, None, 18, 7, 16] : RID 524: (92106952, 18, 13, 6, 18) , correct: [92106952, 18, 18, 7, 16]
schema encoding bitarray('00111')
update error on [92106953, 5, 3, 2, 8] and [None, None, 11, 4, 20] : RID 525: (92106953, 5, 13, 6, 18) , correct: [92106953, 5, 11, 4, 20]
schema encoding bitarray('00111')
update error on [92106954, 19, 7, 5, 18] and [None, None, 19, 13, 2] : RID 526: (92106954, 19, 13, 6, 18) , correct: [92106954, 19, 19, 13, 2]
schema encoding bitarray('00111')
update error on [92106955, 16, 19, 10, 14] and [None, None, 20, 5, 11] : RID 527: (92106955, 16, 13, 6, 18) , correct: [92106955, 16, 20, 5, 11]
schema encoding bitarray('00111')
update error on [92106956, 15, 9, 16, 10] and [None, None, 3, 2, 6] : RID 528: (92106956, 15, 13, 6, 18) , correct: [92106956, 15, 3, 2, 6]
schema encoding bitarray('00111')
update error on [92106957, 17, 10, 10, 5] and [None, None, 16, 11, 10] : RID 529: (92106957, 17, 13, 6, 18) , correct: [92106957, 17, 16, 11, 10]
schema encoding bitarray('00011')
update error on [92106958, 11, 8, 11, 5] and [None, None, 8, 6, 6] : RID 530: (92106958, 11, 8, 6, 18) , correct: [92106958, 11, 8, 6, 6]
schema encoding bitarray('00111')
update error on [92106959, 6, 12, 1, 13] and [None, None, 19, 2, 2] : RID 531: (92106959, 6, 13, 6, 18) , correct: [92106959, 6, 19, 2, 2]
schema encoding bitarray('00111')
update error on [92106960, 14, 20, 20, 8] and [None, None, 6, 9, 5] : RID 532: (92106960, 14, 13, 6, 18) , correct: [92106960, 14, 6, 9, 5]
schema encoding bitarray('00111')
update error on [92106961, 8, 15, 18, 13] and [None, None, 10, 1, 15] : RID 533: (92106961, 8, 13, 6, 18) , correct: [92106961, 8, 10, 1, 15]
schema encoding bitarray('00111')
update error on [92106962, 13, 10, 13, 2] and [None, None, 6, 6, 14] : RID 534: (92106962, 13, 13, 6, 18) , correct: [92106962, 13, 6, 6, 14]
schema encoding bitarray('00111')
update error on [92106963, 17, 7, 20, 10] and [None, None, 0, 9, 9] : RID 535: (92106963, 17, 13, 6, 18) , correct: [92106963, 17, 0, 9, 9]
schema encoding bitarray('00111')
update error on [92106964, 7, 12, 15, 13] and [None, None, 2, 5, 16] : RID 536: (92106964, 7, 13, 6, 18) , correct: [92106964, 7, 2, 5, 16]
schema encoding bitarray('00111')
update error on [92106965, 10, 10, 14, 6] and [None, None, 6, 0, 1] : RID 537: (92106965, 10, 13, 6, 18) , correct: [92106965, 10, 6, 0, 1]
schema encoding bitarray('00111')
update error on [92106966, 10, 11, 6, 2] and [None, None, 14, 5, 7] : RID 538: (92106966, 10, 13, 6, 18) , correct: [92106966, 10, 14, 5, 7]
schema encoding bitarray('00111')
update error on [92106967, 13, 9, 14, 12] and [None, None, 3, 13, 2] : RID 539: (92106967, 13, 13, 6, 18) , correct: [92106967, 13, 3, 13, 2]
schema encoding bitarray('00111')
update error on [92106968, 14, 5, 17, 17] and [None, None, 7, 3, 4] : RID 540: (92106968, 14, 13, 6, 18) , correct: [92106968, 14, 7, 3, 4]
schema encoding bitarray('00111')
update error on [92106969, 6, 14, 7, 17] and [None, None, 20, 3, 4] : RID 541: (92106969, 6, 13, 6, 18) , correct: [92106969, 6, 20, 3, 4]
schema encoding bitarray('00111')
update error on [92106970, 13, 14, 1, 2] and [None, None, 12, 14, 14] : RID 542: (92106970, 13, 13, 6, 18) , correct: [92106970, 13, 12, 14, 14]
schema encoding bitarray('00111')
update error on [92106971, 6, 14, 20, 16] and [None, None, 18, 10, 15] : RID 543: (92106971, 6, 13, 6, 18) , correct: [92106971, 6, 18, 10, 15]
schema encoding bitarray('00110')
update error on [92106972, 18, 10, 4, 14] and [None, None, 8, 0, 14] : RID 544: (92106972, 18, 13, 6, 14) , correct: [92106972, 18, 8, 0, 14]
schema encoding bitarray('00111')
update error on [92106973, 10, 16, 7, 7] and [None, None, 2, 18, 9] : RID 545: (92106973, 10, 13, 6, 18) , correct: [92106973, 10, 2, 18, 9]
schema encoding bitarray('00111')
update error on [92106974, 17, 20, 12, 9] and [None, None, 9, 2, 4] : RID 546: (92106974, 17, 13, 6, 18) , correct: [92106974, 17, 9, 2, 4]
schema encoding bitarray('00111')
update error on [92106975, 3, 20, 16, 2] and [None, None, 1, 5, 19] : RID 547: (92106975, 3, 13, 6, 18) , correct: [92106975, 3, 1, 5, 19]
schema encoding bitarray('00011')
update error on [92106976, 7, 12, 20, 15] and [None, None, 12, 7, 17] : RID 548: (92106976, 7, 12, 6, 18) , correct: [92106976, 7, 12, 7, 17]
schema encoding bitarray('00101')
update error on [92106977, 13, 7, 1, 13] and [None, None, 1, 1, 17] : RID 549: (92106977, 13, 13, 1, 18) , correct: [92106977, 13, 1, 1, 17]
schema encoding bitarray('00111')
update error on [92106978, 6, 16, 4, 1] and [None, None, 12, 17, 5] : RID 550: (92106978, 6, 13, 6, 18) , correct: [92106978, 6, 12, 17, 5]
schema encoding bitarray('00111')
update error on [92106979, 19, 9, 10, 4] and [None, None, 6, 4, 3] : RID 551: (92106979, 19, 13, 6, 18) , correct: [92106979, 19, 6, 4, 3]
schema encoding bitarray('00111')
update error on [92106980, 6, 6, 16, 16] and [None, None, 7, 7, 15] : RID 552: (92106980, 6, 13, 6, 18) , correct: [92106980, 6, 7, 7, 15]
schema encoding bitarray('00111')
update error on [92106981, 12, 13, 19, 7] and [None, None, 6, 8, 18] : RID 553: (92106981, 12, 13, 6, 18) , correct: [92106981, 12, 6, 8, 18]
schema encoding bitarray('00101')
update error on [92106982, 1, 16, 7, 11] and [None, None, 18, 7, 7] : RID 554: (92106982, 1, 13, 7, 18) , correct: [92106982, 1, 18, 7, 7]
schema encoding bitarray('00111')
update error on [92106983, 3, 19, 17, 7] and [None, None, 20, 13, 8] : RID 555: (92106983, 3, 13, 6, 18) , correct: [92106983, 3, 20, 13, 8]
schema encoding bitarray('00111')
update error on [92106984, 12, 14, 20, 3] and [None, None, 17, 18, 2] : RID 556: (92106984, 12, 13, 6, 18) , correct: [92106984, 12, 17, 18, 2]
schema encoding bitarray('00111')
update error on [92106985, 2, 17, 7, 15] and [None, None, 19, 4, 9] : RID 557: (92106985, 2, 13, 6, 18) , correct: [92106985, 2, 19, 4, 9]
schema encoding bitarray('00111')
update error on [92106986, 7, 20, 10, 11] and [None, None, 6, 0, 0] : RID 558: (92106986, 7, 13, 6, 18) , correct: [92106986, 7, 6, 0, 0]
schema encoding bitarray('00101')
update error on [92106987, 15, 20, 6, 18] and [None, None, 17, 6, 12] : RID 559: (92106987, 15, 13, 6, 18) , correct: [92106987, 15, 17, 6, 12]
schema encoding bitarray('00111')
update error on [92106988, 7, 4, 3, 9] and [None, None, 12, 13, 0] : RID 560: (92106988, 7, 13, 6, 18) , correct: [92106988, 7, 12, 13, 0]
schema encoding bitarray('00111')
update error on [92106989, 11, 16, 0, 11] and [None, None, 8, 19, 8] : RID 561: (92106989, 11, 13, 6, 18) , correct: [92106989, 11, 8, 19, 8]
schema encoding bitarray('00111')
update error on [92106990, 4, 4, 11, 7] and [None, None, 19, 20, 5] : RID 562: (92106990, 4, 13, 6, 18) , correct: [92106990, 4, 19, 20, 5]
schema encoding bitarray('00111')
update error on [92106991, 1, 14, 11, 2] and [None, None, 11, 0, 19] : RID 563: (92106991, 1, 13, 6, 18) , correct: [92106991, 1, 11, 0, 19]
schema encoding bitarray('00111')
update error on [92106992, 0, 0, 17, 16] and [None, None, 18, 2, 10] : RID 564: (92106992, 0, 13, 6, 18) , correct: [92106992, 0, 18, 2, 10]
schema encoding bitarray('00111')
update error on [92106993, 10, 13, 20, 10] and [None, None, 7, 16, 1] : RID 565: (92106993, 10, 13, 6, 18) , correct: [92106993, 10, 7, 16, 1]
schema encoding bitarray('00111')
update error on [92106994, 15, 3, 5, 17] and [None, None, 9, 15, 6] : RID 566: (92106994, 15, 13, 6, 18) , correct: [92106994, 15, 9, 15, 6]
schema encoding bitarray('00111')
update error on [92106995, 6, 1, 5, 7] and [None, None, 4, 17, 18] : RID 567: (92106995, 6, 13, 6, 18) , correct: [92106995, 6, 4, 17, 18]
schema encoding bitarray('00111')
update error on [92106996, 5, 19, 20, 1] and [None, None, 12, 15, 16] : RID 568: (92106996, 5, 13, 6, 18) , correct: [92106996, 5, 12, 15, 16]
schema encoding bitarray('00111')
update error on [92106997, 8, 4, 7, 11] and [None, None, 13, 4, 17] : RID 569: (92106997, 8, 13, 6, 18) , correct: [92106997, 8, 13, 4, 17]
schema encoding bitarray('00111')
update error on [92106998, 8, 7, 5, 6] and [None, None, 1, 13, 7] : RID 570: (92106998, 8, 13, 6, 18) , correct: [92106998, 8, 1, 13, 7]
schema encoding bitarray('00111')
update error on [92106999, 6, 8, 10, 18] and [None, None, 5, 3, 3] : RID 571: (92106999, 6, 13, 6, 18) , correct: [92106999, 6, 5, 3, 3]
schema encoding bitarray('00111')
update error on [92107000, 17, 3, 11, 17] and [None, None, 6, 0, 13] : RID 572: (92107000, 17, 13, 6, 18) , correct: [92107000, 17, 6, 0, 13]
schema encoding bitarray('00111')
update error on [92107001, 4, 3, 12, 4] and [None, None, 20, 15, 7] : RID 573: (92107001, 4, 13, 6, 18) , correct: [92107001, 4, 20, 15, 7]
schema encoding bitarray('00111')
update error on [92107002, 12, 20, 16, 10] and [None, None, 8, 2, 0] : RID 574: (92107002, 12, 13, 6, 18) , correct: [92107002, 12, 8, 2, 0]
schema encoding bitarray('00111')
update error on [92107003, 9, 7, 18, 9] and [None, None, 17, 13, 8] : RID 575: (92107003, 9, 13, 6, 18) , correct: [92107003, 9, 17, 13, 8]
schema encoding bitarray('00110')
update error on [92107004, 16, 8, 17, 0] and [None, None, 6, 13, 0] : RID 576: (92107004, 16, 13, 6, 0) , correct: [92107004, 16, 6, 13, 0]
schema encoding bitarray('00111')
update error on [92107005, 1, 15, 2, 7] and [None, None, 7, 5, 8] : RID 577: (92107005, 1, 13, 6, 18) , correct: [92107005, 1, 7, 5, 8]
schema encoding bitarray('00110')
update error on [92107006, 18, 10, 9, 16] and [None, None, 2, 19, 16] : RID 578: (92107006, 18, 13, 6, 16) , correct: [92107006, 18, 2, 19, 16]
schema encoding bitarray('00111')
update error on [92107007, 10, 4, 3, 1] and [None, None, 0, 2, 17] : RID 579: (92107007, 10, 13, 6, 18) , correct: [92107007, 10, 0, 2, 17]
schema encoding bitarray('00111')
update error on [92107008, 9, 13, 8, 10] and [None, None, 3, 19, 17] : RID 580: (92107008, 9, 13, 6, 18) , correct: [92107008, 9, 3, 19, 17]
schema encoding bitarray('00111')
update error on [92107009, 12, 9, 18, 11] and [None, None, 8, 14, 8] : RID 581: (92107009, 12, 13, 6, 18) , correct: [92107009, 12, 8, 14, 8]
schema encoding bitarray('00111')
update error on [92107010, 19, 8, 5, 13] and [None, None, 4, 4, 15] : RID 582: (92107010, 19, 13, 6, 18) , correct: [92107010, 19, 4, 4, 15]
schema encoding bitarray('00111')
update error on [92107011, 9, 20, 1, 5] and [None, None, 14, 0, 14] : RID 583: (92107011, 9, 13, 6, 18) , correct: [92107011, 9, 14, 0, 14]
schema encoding bitarray('00011')
update error on [92107012, 6, 13, 13, 4] and [None, None, 13, 0, 3] : RID 584: (92107012, 6, 13, 6, 18) , correct: [92107012, 6, 13, 0, 3]
schema encoding bitarray('00011')
update error on [92107013, 4, 13, 20, 12] and [None, None, 13, 1, 5] : RID 585: (92107013, 4, 13, 6, 18) , correct: [92107013, 4, 13, 1, 5]
schema encoding bitarray('00111')
update error on [92107014, 1, 5, 10, 17] and [None, None, 6, 7, 20] : RID 586: (92107014, 1, 13, 6, 18) , correct: [92107014, 1, 6, 7, 20]
schema encoding bitarray('00111')
update error on [92107015, 7, 14, 2, 16] and [None, None, 15, 17, 4] : RID 587: (92107015, 7, 13, 6, 18) , correct: [92107015, 7, 15, 17, 4]
schema encoding bitarray('00110')
update error on [92107016, 2, 2, 7, 4] and [None, None, 10, 2, 4] : RID 588: (92107016, 2, 13, 6, 4) , correct: [92107016, 2, 10, 2, 4]
schema encoding bitarray('00101')
update error on [92107017, 7, 8, 2, 5] and [None, None, 1, 2, 1] : RID 589: (92107017, 7, 13, 2, 18) , correct: [92107017, 7, 1, 2, 1]
schema encoding bitarray('00111')
update error on [92107018, 1, 15, 6, 19] and [None, None, 11, 16, 16] : RID 590: (92107018, 1, 13, 6, 18) , correct: [92107018, 1, 11, 16, 16]
schema encoding bitarray('00111')
update error on [92107019, 7, 9, 1, 12] and [None, None, 12, 12, 16] : RID 591: (92107019, 7, 13, 6, 18) , correct: [92107019, 7, 12, 12, 16]
schema encoding bitarray('00111')
update error on [92107020, 8, 13, 18, 19] and [None, None, 7, 13, 10] : RID 592: (92107020, 8, 13, 6, 18) , correct: [92107020, 8, 7, 13, 10]
schema encoding bitarray('00111')
update error on [92107021, 11, 17, 17, 12] and [None, None, 16, 6, 13] : RID 593: (92107021, 11, 13, 6, 18) , correct: [92107021, 11, 16, 6, 13]
schema encoding bitarray('00011')
update error on [92107022, 11, 2, 19, 16] and [None, None, 2, 0, 15] : RID 594: (92107022, 11, 2, 6, 18) , correct: [92107022, 11, 2, 0, 15]
schema encoding bitarray('00111')
update error on [92107023, 4, 8, 4, 15] and [None, None, 15, 9, 9] : RID 595: (92107023, 4, 13, 6, 18) , correct: [92107023, 4, 15, 9, 9]
schema encoding bitarray('00111')
update error on [92107024, 12, 13, 10, 4] and [None, None, 15, 8, 19] : RID 596: (92107024, 12, 13, 6, 18) , correct: [92107024, 12, 15, 8, 19]
schema encoding bitarray('00111')
update error on [92107025, 3, 15, 6, 3] and [None, None, 6, 15, 10] : RID 597: (92107025, 3, 13, 6, 18) , correct: [92107025, 3, 6, 15, 10]
schema encoding bitarray('00111')
update error on [92107026, 12, 1, 8, 16] and [None, None, 14, 10, 11] : RID 598: (92107026, 12, 13, 6, 18) , correct: [92107026, 12, 14, 10, 11]
schema encoding bitarray('00111')
update error on [92107027, 14, 9, 18, 10] and [None, None, 3, 1, 11] : RID 599: (92107027, 14, 13, 6, 18) , correct: [92107027, 14, 3, 1, 11]
schema encoding bitarray('00111')
update error on [92107028, 18, 8, 0, 1] and [None, None, 17, 7, 19] : RID 600: (92107028, 18, 13, 6, 18) , correct: [92107028, 18, 17, 7, 19]
schema encoding bitarray('00011')
update error on [92107029, 4, 10, 15, 14] and [None, None, 10, 17, 12] : RID 601: (92107029, 4, 10, 6, 18) , correct: [92107029, 4, 10, 17, 12]
schema encoding bitarray('00111')
update error on [92107030, 12, 14, 10, 10] and [None, None, 11, 17, 8] : RID 602: (92107030, 12, 13, 6, 18) , correct: [92107030, 12, 11, 17, 8]
schema encoding bitarray('00111')
update error on [92107031, 0, 6, 9, 15] and [None, None, 7, 12, 7] : RID 603: (92107031, 0, 13, 6, 18) , correct: [92107031, 0, 7, 12, 7]
schema encoding bitarray('00111')
update error on [92107032, 1, 9, 17, 0] and [None, None, 18, 11, 2] : RID 604: (92107032, 1, 13, 6, 18) , correct: [92107032, 1, 18, 11, 2]
schema encoding bitarray('00111')
update error on [92107033, 16, 1, 14, 6] and [None, None, 20, 7, 16] : RID 605: (92107033, 16, 13, 6, 18) , correct: [92107033, 16, 20, 7, 16]
schema encoding bitarray('00111')
update error on [92107034, 10, 6, 6, 13] and [None, None, 5, 9, 14] : RID 606: (92107034, 10, 13, 6, 18) , correct: [92107034, 10, 5, 9, 14]
schema encoding bitarray('00111')
update error on [92107035, 18, 8, 14, 9] and [None, None, 15, 6, 13] : RID 607: (92107035, 18, 13, 6, 18) , correct: [92107035, 18, 15, 6, 13]
schema encoding bitarray('00111')
update error on [92107036, 2, 5, 1, 15] and [None, None, 4, 2, 8] : RID 608: (92107036, 2, 13, 6, 18) , correct: [92107036, 2, 4, 2, 8]
schema encoding bitarray('00111')
update error on [92107037, 17, 10, 5, 13] and [None, None, 11, 8, 9] : RID 609: (92107037, 17, 13, 6, 18) , correct: [92107037, 17, 11, 8, 9]
schema encoding bitarray('00111')
update error on [92107038, 7, 15, 6, 18] and [None, None, 14, 15, 7] : RID 610: (92107038, 7, 13, 6, 18) , correct: [92107038, 7, 14, 15, 7]
schema encoding bitarray('00111')
update error on [92107039, 6, 2, 15, 15] and [None, None, 4, 20, 2] : RID 611: (92107039, 6, 13, 6, 18) , correct: [92107039, 6, 4, 20, 2]
schema encoding bitarray('00011')
update error on [92107040, 13, 14, 1, 2] and [None, None, 14, 7, 10] : RID 612: (92107040, 13, 14, 6, 18) , correct: [92107040, 13, 14, 7, 10]
schema encoding bitarray('00111')
update error on [92107041, 15, 14, 11, 16] and [None, None, 10, 14, 13] : RID 613: (92107041, 15, 13, 6, 18) , correct: [92107041, 15, 10, 14, 13]
schema encoding bitarray('00011')
update error on [92107042, 2, 2, 15, 15] and [None, None, 2, 12, 18] : RID 614: (92107042, 2, 2, 6, 18) , correct: [92107042, 2, 2, 12, 18]
schema encoding bitarray('00111')
update error on [92107043, 1, 12, 4, 14] and [None, None, 16, 18, 13] : RID 615: (92107043, 1, 13, 6, 18) , correct: [92107043, 1, 16, 18, 13]
schema encoding bitarray('00101')
update error on [92107044, 11, 15, 0, 18] and [None, None, 14, 0, 10] : RID 616: (92107044, 11, 13, 0, 18) , correct: [92107044, 11, 14, 0, 10]
schema encoding bitarray('00111')
update error on [92107045, 20, 16, 7, 20] and [None, None, 9, 11, 5] : RID 617: (92107045, 20, 13, 6, 18) , correct: [92107045, 20, 9, 11, 5]
schema encoding bitarray('00111')
update error on [92107046, 12, 15, 7, 10] and [None, None, 1, 15, 19] : RID 618: (92107046, 12, 13, 6, 18) , correct: [92107046, 12, 1, 15, 19]
schema encoding bitarray('00111')
update error on [92107047, 4, 12, 12, 18] and [None, None, 2, 6, 5] : RID 619: (92107047, 4, 13, 6, 18) , correct: [92107047, 4, 2, 6, 5]
schema encoding bitarray('00111')
update error on [92107048, 2, 15, 17, 7] and [None, None, 18, 5, 13] : RID 620: (92107048, 2, 13, 6, 18) , correct: [92107048, 2, 18, 5, 13]
schema encoding bitarray('00111')
update error on [92107049, 14, 16, 14, 8] and [None, None, 4, 20, 19] : RID 621: (92107049, 14, 13, 6, 18) , correct: [92107049, 14, 4, 20, 19]
schema encoding bitarray('00111')
update error on [92107050, 19, 12, 1, 1] and [None, None, 2, 20, 16] : RID 622: (92107050, 19, 13, 6, 18) , correct: [92107050, 19, 2, 20, 16]
schema encoding bitarray('00111')
update error on [92107051, 11, 9, 5, 17] and [None, None, 18, 15, 16] : RID 623: (92107051, 11, 13, 6, 18) , correct: [92107051, 11, 18, 15, 16]
schema encoding bitarray('00111')
update error on [92107052, 7, 20, 15, 1] and [None, None, 5, 0, 13] : RID 624: (92107052, 7, 13, 6, 18) , correct: [92107052, 7, 5, 0, 13]
schema encoding bitarray('00111')
update error on [92107053, 12, 6, 15, 3] and [None, None, 18, 13, 2] : RID 625: (92107053, 12, 13, 6, 18) , correct: [92107053, 12, 18, 13, 2]
schema encoding bitarray('00111')
update error on [92107054, 4, 2, 5, 9] and [None, None, 11, 9, 8] : RID 626: (92107054, 4, 13, 6, 18) , correct: [92107054, 4, 11, 9, 8]
schema encoding bitarray('00111')
update error on [92107055, 8, 19, 8, 11] and [None, None, 8, 10, 14] : RID 627: (92107055, 8, 13, 6, 18) , correct: [92107055, 8, 8, 10, 14]
schema encoding bitarray('00111')
update error on [92107056, 3, 1, 18, 2] and [None, None, 6, 6, 6] : RID 628: (92107056, 3, 13, 6, 18) , correct: [92107056, 3, 6, 6, 6]
schema encoding bitarray('00101')
update error on [92107057, 20, 7, 2, 13] and [None, None, 1, 2, 8] : RID 629: (92107057, 20, 13, 2, 18) , correct: [92107057, 20, 1, 2, 8]
schema encoding bitarray('00011')
update error on [92107058, 11, 4, 17, 12] and [None, None, 4, 9, 16] : RID 630: (92107058, 11, 4, 6, 18) , correct: [92107058, 11, 4, 9, 16]
schema encoding bitarray('00110')
update error on [92107059, 20, 11, 15, 18] and [None, None, 19, 9, 18] : RID 631: (92107059, 20, 13, 6, 18) , correct: [92107059, 20, 19, 9, 18]
schema encoding bitarray('00111')
update error on [92107060, 12, 18, 20, 5] and [None, None, 19, 7, 19] : RID 632: (92107060, 12, 13, 6, 18) , correct: [92107060, 12, 19, 7, 19]
schema encoding bitarray('00111')
update error on [92107061, 8, 20, 7, 16] and [None, None, 9, 20, 11] : RID 633: (92107061, 8, 13, 6, 18) , correct: [92107061, 8, 9, 20, 11]
schema encoding bitarray('00111')
update error on [92107062, 17, 11, 11, 11] and [None, None, 18, 19, 4] : RID 634: (92107062, 17, 13, 6, 18) , correct: [92107062, 17, 18, 19, 4]
schema encoding bitarray('00101')
update error on [92107063, 0, 19, 10, 2] and [None, None, 16, 10, 14] : RID 635: (92107063, 0, 13, 10, 18) , correct: [92107063, 0, 16, 10, 14]
schema encoding bitarray('00111')
update error on [92107064, 2, 6, 8, 5] and [None, None, 14, 20, 12] : RID 636: (92107064, 2, 13, 6, 18) , correct: [92107064, 2, 14, 20, 12]
schema encoding bitarray('00111')
update error on [92107065, 15, 17, 0, 12] and [None, None, 10, 18, 11] : RID 637: (92107065, 15, 13, 6, 18) , correct: [92107065, 15, 10, 18, 11]
schema encoding bitarray('00111')
update error on [92107066, 0, 16, 11, 1] and [None, None, 15, 1, 5] : RID 638: (92107066, 0, 13, 6, 18) , correct: [92107066, 0, 15, 1, 5]
schema encoding bitarray('00110')
update error on [92107067, 3, 20, 16, 1] and [None, None, 2, 6, 1] : RID 639: (92107067, 3, 13, 6, 1) , correct: [92107067, 3, 2, 6, 1]
schema encoding bitarray('00111')
update error on [92107068, 6, 9, 8, 2] and [None, None, 1, 1, 12] : RID 640: (92107068, 6, 13, 6, 18) , correct: [92107068, 6, 1, 1, 12]
schema encoding bitarray('00111')
update error on [92107069, 16, 15, 3, 20] and [None, None, 2, 10, 7] : RID 641: (92107069, 16, 13, 6, 18) , correct: [92107069, 16, 2, 10, 7]
schema encoding bitarray('00111')
update error on [92107070, 6, 20, 1, 19] and [None, None, 8, 0, 6] : RID 642: (92107070, 6, 13, 6, 18) , correct: [92107070, 6, 8, 0, 6]
schema encoding bitarray('00101')
update error on [92107071, 4, 1, 13, 14] and [None, None, 7, 13, 3] : RID 643: (92107071, 4, 13, 13, 18) , correct: [92107071, 4, 7, 13, 3]
schema encoding bitarray('00111')
update error on [92107072, 7, 16, 18, 5] and [None, None, 12, 13, 13] : RID 644: (92107072, 7, 13, 6, 18) , correct: [92107072, 7, 12, 13, 13]
schema encoding bitarray('00011')
update error on [92107073, 4, 18, 5, 7] and [None, None, 18, 19, 8] : RID 645: (92107073, 4, 18, 6, 18) , correct: [92107073, 4, 18, 19, 8]
schema encoding bitarray('00111')
update error on [92107074, 19, 4, 1, 8] and [None, None, 20, 0, 1] : RID 646: (92107074, 19, 13, 6, 18) , correct: [92107074, 19, 20, 0, 1]
schema encoding bitarray('00111')
update error on [92107075, 5, 4, 20, 9] and [None, None, 20, 16, 16] : RID 647: (92107075, 5, 13, 6, 18) , correct: [92107075, 5, 20, 16, 16]
schema encoding bitarray('00111')
update error on [92107076, 11, 15, 8, 5] and [None, None, 4, 4, 6] : RID 648: (92107076, 11, 13, 6, 18) , correct: [92107076, 11, 4, 4, 6]
schema encoding bitarray('00110')
update error on [92107077, 0, 8, 4, 2] and [None, None, 5, 5, 2] : RID 649: (92107077, 0, 13, 6, 2) , correct: [92107077, 0, 5, 5, 2]
schema encoding bitarray('00111')
update error on [92107078, 6, 9, 15, 19] and [None, None, 1, 8, 18] : RID 650: (92107078, 6, 13, 6, 18) , correct: [92107078, 6, 1, 8, 18]
schema encoding bitarray('00011')
update error on [92107079, 15, 19, 0, 18] and [None, None, 19, 4, 14] : RID 651: (92107079, 15, 19, 6, 18) , correct: [92107079, 15, 19, 4, 14]
schema encoding bitarray('00101')
update error on [92107080, 5, 16, 9, 9] and [None, None, 7, 9, 11] : RID 652: (92107080, 5, 13, 9, 18) , correct: [92107080, 5, 7, 9, 11]
schema encoding bitarray('00111')
update error on [92107081, 3, 2, 18, 17] and [None, None, 4, 6, 1] : RID 653: (92107081, 3, 13, 6, 18) , correct: [92107081, 3, 4, 6, 1]
schema encoding bitarray('00111')
update error on [92107082, 15, 13, 7, 0] and [None, None, 16, 0, 12] : RID 654: (92107082, 15, 13, 6, 18) , correct: [92107082, 15, 16, 0, 12]
schema encoding bitarray('00111')
update error on [92107083, 19, 10, 20, 7] and [None, None, 13, 10, 3] : RID 655: (92107083, 19, 13, 6, 18) , correct: [92107083, 19, 13, 10, 3]
schema encoding bitarray('00111')
update error on [92107084, 4, 3, 7, 5] and [None, None, 13, 8, 17] : RID 656: (92107084, 4, 13, 6, 18) , correct: [92107084, 4, 13, 8, 17]
schema encoding bitarray('00111')
update error on [92107085, 3, 5, 17, 16] and [None, None, 18, 10, 10] : RID 657: (92107085, 3, 13, 6, 18) , correct: [92107085, 3, 18, 10, 10]
schema encoding bitarray('00111')
update error on [92107086, 10, 6, 14, 17] and [None, None, 11, 19, 10] : RID 658: (92107086, 10, 13, 6, 18) , correct: [92107086, 10, 11, 19, 10]
schema encoding bitarray('00111')
update error on [92107087, 11, 13, 20, 15] and [None, None, 17, 0, 13] : RID 659: (92107087, 11, 13, 6, 18) , correct: [92107087, 11, 17, 0, 13]
schema encoding bitarray('00111')
update error on [92107088, 17, 15, 13, 0] and [None, None, 6, 18, 8] : RID 660: (92107088, 17, 13, 6, 18) , correct: [92107088, 17, 6, 18, 8]
schema encoding bitarray('00111')
update error on [92107089, 19, 17, 14, 1] and [None, None, 4, 17, 0] : RID 661: (92107089, 19, 13, 6, 18) , correct: [92107089, 19, 4, 17, 0]
schema encoding bitarray('00101')
update error on [92107090, 3, 18, 13, 19] and [None, None, 17, 13, 13] : RID 662: (92107090, 3, 13, 13, 18) , correct: [92107090, 3, 17, 13, 13]
schema encoding bitarray('00111')
update error on [92107091, 3, 9, 12, 18] and [None, None, 20, 4, 11] : RID 663: (92107091, 3, 13, 6, 18) , correct: [92107091, 3, 20, 4, 11]
schema encoding bitarray('00111')
update error on [92107092, 1, 13, 10, 11] and [None, None, 12, 8, 12] : RID 664: (92107092, 1, 13, 6, 18) , correct: [92107092, 1, 12, 8, 12]
schema encoding bitarray('00111')
update error on [92107093, 10, 6, 20, 12] and [None, None, 16, 11, 2] : RID 665: (92107093, 10, 13, 6, 18) , correct: [92107093, 10, 16, 11, 2]
schema encoding bitarray('00101')
update error on [92107094, 14, 12, 8, 18] and [None, None, 15, 8, 13] : RID 666: (92107094, 14, 13, 8, 18) , correct: [92107094, 14, 15, 8, 13]
schema encoding bitarray('00111')
update error on [92107095, 1, 14, 17, 4] and [None, None, 3, 3, 16] : RID 667: (92107095, 1, 13, 6, 18) , correct: [92107095, 1, 3, 3, 16]
schema encoding bitarray('00111')
update error on [92107096, 3, 4, 12, 13] and [None, None, 13, 17, 17] : RID 668: (92107096, 3, 13, 6, 18) , correct: [92107096, 3, 13, 17, 17]
schema encoding bitarray('00111')
update error on [92107097, 3, 1, 3, 2] and [None, None, 8, 8, 17] : RID 669: (92107097, 3, 13, 6, 18) , correct: [92107097, 3, 8, 8, 17]
schema encoding bitarray('00011')
update error on [92107098, 19, 10, 7, 18] and [None, None, 10, 19, 1] : RID 670: (92107098, 19, 10, 6, 18) , correct: [92107098, 19, 10, 19, 1]
schema encoding bitarray('00111')
update error on [92107099, 16, 9, 13, 8] and [None, None, 14, 5, 3] : RID 671: (92107099, 16, 13, 6, 18) , correct: [92107099, 16, 14, 5, 3]
schema encoding bitarray('00111')
update error on [92107100, 4, 15, 9, 4] and [None, None, 11, 17, 10] : RID 672: (92107100, 4, 13, 6, 18) , correct: [92107100, 4, 11, 17, 10]
schema encoding bitarray('00111')
update error on [92107101, 18, 3, 14, 4] and [None, None, 2, 15, 12] : RID 673: (92107101, 18, 13, 6, 18) , correct: [92107101, 18, 2, 15, 12]
schema encoding bitarray('00111')
update error on [92107102, 3, 12, 8, 11] and [None, None, 5, 19, 0] : RID 674: (92107102, 3, 13, 6, 18) , correct: [92107102, 3, 5, 19, 0]
schema encoding bitarray('00111')
update error on [92107103, 11, 4, 0, 10] and [None, None, 2, 7, 9] : RID 675: (92107103, 11, 13, 6, 18) , correct: [92107103, 11, 2, 7, 9]
schema encoding bitarray('00111')
update error on [92107104, 17, 6, 15, 4] and [None, None, 5, 13, 14] : RID 676: (92107104, 17, 13, 6, 18) , correct: [92107104, 17, 5, 13, 14]
schema encoding bitarray('00111')
update error on [92107105, 1, 17, 0, 15] and [None, None, 19, 18, 11] : RID 677: (92107105, 1, 13, 6, 18) , correct: [92107105, 1, 19, 18, 11]
schema encoding bitarray('00111')
update error on [92107106, 17, 9, 2, 9] and [None, None, 3, 19, 3] : RID 678: (92107106, 17, 13, 6, 18) , correct: [92107106, 17, 3, 19, 3]
schema encoding bitarray('00111')
update error on [92107107, 1, 13, 4, 14] and [None, None, 8, 16, 5] : RID 679: (92107107, 1, 13, 6, 18) , correct: [92107107, 1, 8, 16, 5]
schema encoding bitarray('00111')
update error on [92107108, 18, 1, 0, 16] and [None, None, 11, 16, 4] : RID 680: (92107108, 18, 13, 6, 18) , correct: [92107108, 18, 11, 16, 4]
schema encoding bitarray('00110')
update error on [92107109, 4, 5, 1, 0] and [None, None, 3, 19, 0] : RID 681: (92107109, 4, 13, 6, 0) , correct: [92107109, 4, 3, 19, 0]
schema encoding bitarray('00111')
update error on [92107110, 3, 14, 2, 7] and [None, None, 6, 15, 10] : RID 682: (92107110, 3, 13, 6, 18) , correct: [92107110, 3, 6, 15, 10]
schema encoding bitarray('00111')
update error on [92107111, 20, 6, 13, 17] and [None, None, 20, 1, 7] : RID 683: (92107111, 20, 13, 6, 18) , correct: [92107111, 20, 20, 1, 7]
schema encoding bitarray('00111')
update error on [92107112, 6, 20, 10, 12] and [None, None, 17, 1, 14] : RID 684: (92107112, 6, 13, 6, 18) , correct: [92107112, 6, 17, 1, 14]
schema encoding bitarray('00111')
update error on [92107113, 1, 14, 1, 18] and [None, None, 11, 8, 10] : RID 685: (92107113, 1, 13, 6, 18) , correct: [92107113, 1, 11, 8, 10]
schema encoding bitarray('00111')
update error on [92107114, 19, 12, 6, 11] and [None, None, 7, 14, 3] : RID 686: (92107114, 19, 13, 6, 18) , correct: [92107114, 19, 7, 14, 3]
schema encoding bitarray('00111')
update error on [92107115, 6, 6, 18, 14] and [None, None, 7, 3, 13] : RID 687: (92107115, 6, 13, 6, 18) , correct: [92107115, 6, 7, 3, 13]
schema encoding bitarray('00011')
update error on [92107116, 19, 6, 10, 12] and [None, None, 6, 19, 1] : RID 688: (92107116, 19, 6, 6, 18) , correct: [92107116, 19, 6, 19, 1]
schema encoding bitarray('00111')
update error on [92107117, 4, 4, 0, 15] and [None, None, 17, 13, 3] : RID 689: (92107117, 4, 13, 6, 18) , correct: [92107117, 4, 17, 13, 3]
schema encoding bitarray('00111')
update error on [92107118, 9, 4, 8, 16] and [None, None, 20, 1, 9] : RID 690: (92107118, 9, 13, 6, 18) , correct: [92107118, 9, 20, 1, 9]
schema encoding bitarray('00111')
update error on [92107119, 11, 13, 5, 0] and [None, None, 15, 20, 10] : RID 691: (92107119, 11, 13, 6, 18) , correct: [92107119, 11, 15, 20, 10]
schema encoding bitarray('00111')
update error on [92107120, 9, 15, 1, 17] and [None, None, 13, 3, 3] : RID 692: (92107120, 9, 13, 6, 18) , correct: [92107120, 9, 13, 3, 3]
schema encoding bitarray('00111')
update error on [92107121, 7, 18, 3, 9] and [None, None, 8, 19, 7] : RID 693: (92107121, 7, 13, 6, 18) , correct: [92107121, 7, 8, 19, 7]
schema encoding bitarray('00111')
update error on [92107122, 4, 18, 6, 17] and [None, None, 0, 7, 18] : RID 694: (92107122, 4, 13, 6, 18) , correct: [92107122, 4, 0, 7, 18]
schema encoding bitarray('00111')
update error on [92107123, 9, 7, 6, 14] and [None, None, 19, 15, 4] : RID 695: (92107123, 9, 13, 6, 18) , correct: [92107123, 9, 19, 15, 4]
schema encoding bitarray('00101')
update error on [92107124, 19, 10, 4, 19] and [None, None, 12, 4, 15] : RID 696: (92107124, 19, 13, 4, 18) , correct: [92107124, 19, 12, 4, 15]
schema encoding bitarray('00111')
update error on [92107125, 11, 19, 7, 16] and [None, None, 10, 13, 7] : RID 697: (92107125, 11, 13, 6, 18) , correct: [92107125, 11, 10, 13, 7]
schema encoding bitarray('00111')
update error on [92107126, 15, 4, 4, 9] and [None, None, 13, 8, 20] : RID 698: (92107126, 15, 13, 6, 18) , correct: [92107126, 15, 13, 8, 20]
schema encoding bitarray('00111')
update error on [92107127, 20, 16, 18, 7] and [None, None, 4, 10, 2] : RID 699: (92107127, 20, 13, 6, 18) , correct: [92107127, 20, 4, 10, 2]
schema encoding bitarray('00101')
update error on [92107128, 0, 9, 3, 19] and [None, None, 7, 3, 14] : RID 700: (92107128, 0, 13, 3, 18) , correct: [92107128, 0, 7, 3, 14]
schema encoding bitarray('00111')
update error on [92107129, 6, 12, 15, 8] and [None, None, 1, 0, 6] : RID 701: (92107129, 6, 13, 6, 18) , correct: [92107129, 6, 1, 0, 6]
schema encoding bitarray('00111')
update error on [92107130, 14, 13, 20, 0] and [None, None, 14, 7, 1] : RID 702: (92107130, 14, 13, 6, 18) , correct: [92107130, 14, 14, 7, 1]
schema encoding bitarray('00011')
update error on [92107131, 6, 3, 4, 3] and [None, None, 3, 16, 7] : RID 703: (92107131, 6, 3, 6, 18) , correct: [92107131, 6, 3, 16, 7]
schema encoding bitarray('00111')
update error on [92107132, 2, 5, 12, 18] and [None, None, 3, 16, 8] : RID 704: (92107132, 2, 13, 6, 18) , correct: [92107132, 2, 3, 16, 8]
schema encoding bitarray('00111')
update error on [92107133, 17, 12, 6, 11] and [None, None, 3, 5, 4] : RID 705: (92107133, 17, 13, 6, 18) , correct: [92107133, 17, 3, 5, 4]
schema encoding bitarray('00111')
update error on [92107134, 16, 4, 7, 16] and [None, None, 12, 10, 15] : RID 706: (92107134, 16, 13, 6, 18) , correct: [92107134, 16, 12, 10, 15]
schema encoding bitarray('00011')
update error on [92107135, 6, 5, 18, 16] and [None, None, 5, 1, 7] : RID 707: (92107135, 6, 5, 6, 18) , correct: [92107135, 6, 5, 1, 7]
schema encoding bitarray('00111')
update error on [92107136, 4, 19, 15, 10] and [None, None, 11, 8, 1] : RID 708: (92107136, 4, 13, 6, 18) , correct: [92107136, 4, 11, 8, 1]
schema encoding bitarray('00111')
update error on [92107137, 8, 0, 17, 17] and [None, None, 15, 12, 4] : RID 709: (92107137, 8, 13, 6, 18) , correct: [92107137, 8, 15, 12, 4]
schema encoding bitarray('00011')
update error on [92107138, 14, 11, 8, 12] and [None, None, 11, 18, 20] : RID 710: (92107138, 14, 11, 6, 18) , correct: [92107138, 14, 11, 18, 20]
schema encoding bitarray('00111')
update error on [92107139, 0, 12, 19, 11] and [None, None, 3, 12, 14] : RID 711: (92107139, 0, 13, 6, 18) , correct: [92107139, 0, 3, 12, 14]
schema encoding bitarray('00111')
update error on [92107140, 18, 17, 5, 20] and [None, None, 11, 19, 0] : RID 712: (92107140, 18, 13, 6, 18) , correct: [92107140, 18, 11, 19, 0]
schema encoding bitarray('00111')
update error on [92107141, 9, 17, 15, 6] and [None, None, 16, 14, 11] : RID 713: (92107141, 9, 13, 6, 18) , correct: [92107141, 9, 16, 14, 11]
schema encoding bitarray('00111')
update error on [92107142, 17, 17, 12, 14] and [None, None, 8, 1, 5] : RID 714: (92107142, 17, 13, 6, 18) , correct: [92107142, 17, 8, 1, 5]
schema encoding bitarray('00111')
update error on [92107143, 7, 14, 20, 13] and [None, None, 4, 15, 8] : RID 715: (92107143, 7, 13, 6, 18) , correct: [92107143, 7, 4, 15, 8]
schema encoding bitarray('00111')
update error on [92107144, 5, 9, 20, 6] and [None, None, 1, 10, 3] : RID 716: (92107144, 5, 13, 6, 18) , correct: [92107144, 5, 1, 10, 3]
schema encoding bitarray('00110')
update error on [92107145, 13, 16, 15, 19] and [None, None, 3, 2, 19] : RID 717: (92107145, 13, 13, 6, 19) , correct: [92107145, 13, 3, 2, 19]
schema encoding bitarray('00111')
update error on [92107146, 10, 8, 8, 1] and [None, None, 13, 15, 15] : RID 718: (92107146, 10, 13, 6, 18) , correct: [92107146, 10, 13, 15, 15]
schema encoding bitarray('00111')
update error on [92107147, 9, 20, 3, 0] and [None, None, 10, 15, 2] : RID 719: (92107147, 9, 13, 6, 18) , correct: [92107147, 9, 10, 15, 2]
schema encoding bitarray('00111')
update error on [92107148, 17, 8, 20, 5] and [None, None, 10, 6, 0] : RID 720: (92107148, 17, 13, 6, 18) , correct: [92107148, 17, 10, 6, 0]
schema encoding bitarray('00111')
update error on [92107149, 7, 10, 8, 0] and [None, None, 18, 10, 4] : RID 721: (92107149, 7, 13, 6, 18) , correct: [92107149, 7, 18, 10, 4]
schema encoding bitarray('00111')
update error on [92107150, 13, 12, 10, 19] and [None, None, 8, 3, 0] : RID 722: (92107150, 13, 13, 6, 18) , correct: [92107150, 13, 8, 3, 0]
schema encoding bitarray('00111')
update error on [92107151, 8, 16, 1, 17] and [None, None, 2, 10, 9] : RID 723: (92107151, 8, 13, 6, 18) , correct: [92107151, 8, 2, 10, 9]
schema encoding bitarray('00111')
update error on [92107152, 15, 5, 10, 0] and [None, None, 1, 7, 4] : RID 724: (92107152, 15, 13, 6, 18) , correct: [92107152, 15, 1, 7, 4]
schema encoding bitarray('00111')
update error on [92107153, 1, 2, 15, 2] and [None, None, 6, 6, 1] : RID 725: (92107153, 1, 13, 6, 18) , correct: [92107153, 1, 6, 6, 1]
schema encoding bitarray('00111')
update error on [92107154, 5, 17, 6, 7] and [None, None, 11, 13, 1] : RID 726: (92107154, 5, 13, 6, 18) , correct: [92107154, 5, 11, 13, 1]
schema encoding bitarray('00110')
update error on [92107155, 18, 14, 14, 18] and [None, None, 9, 17, 18] : RID 727: (92107155, 18, 13, 6, 18) , correct: [92107155, 18, 9, 17, 18]
schema encoding bitarray('00111')
update error on [92107156, 20, 3, 6, 11] and [None, None, 16, 9, 12] : RID 728: (92107156, 20, 13, 6, 18) , correct: [92107156, 20, 16, 9, 12]
schema encoding bitarray('00011')
update error on [92107157, 16, 1, 6, 7] and [None, None, 1, 1, 16] : RID 729: (92107157, 16, 1, 6, 18) , correct: [92107157, 16, 1, 1, 16]
schema encoding bitarray('00110')
update error on [92107158, 15, 20, 17, 6] and [None, None, 5, 20, 6] : RID 730: (92107158, 15, 13, 6, 6) , correct: [92107158, 15, 5, 20, 6]
schema encoding bitarray('00111')
update error on [92107159, 17, 16, 13, 4] and [None, None, 11, 3, 7] : RID 731: (92107159, 17, 13, 6, 18) , correct: [92107159, 17, 11, 3, 7]
schema encoding bitarray('00111')
update error on [92107160, 4, 11, 6, 3] and [None, None, 18, 10, 0] : RID 732: (92107160, 4, 13, 6, 18) , correct: [92107160, 4, 18, 10, 0]
schema encoding bitarray('00111')
update error on [92107161, 17, 10, 20, 15] and [None, None, 19, 2, 9] : RID 733: (92107161, 17, 13, 6, 18) , correct: [92107161, 17, 19, 2, 9]
schema encoding bitarray('00101')
update error on [92107162, 2, 10, 3, 3] and [None, None, 12, 3, 11] : RID 734: (92107162, 2, 13, 3, 18) , correct: [92107162, 2, 12, 3, 11]
schema encoding bitarray('00111')
update error on [92107163, 6, 14, 18, 13] and [None, None, 3, 13, 8] : RID 735: (92107163, 6, 13, 6, 18) , correct: [92107163, 6, 3, 13, 8]
schema encoding bitarray('00111')
update error on [92107164, 17, 12, 20, 12] and [None, None, 9, 14, 13] : RID 736: (92107164, 17, 13, 6, 18) , correct: [92107164, 17, 9, 14, 13]
schema encoding bitarray('00111')
update error on [92107165, 20, 4, 10, 16] and [None, None, 15, 3, 11] : RID 737: (92107165, 20, 13, 6, 18) , correct: [92107165, 20, 15, 3, 11]
schema encoding bitarray('00111')
update error on [92107166, 9, 4, 7, 16] and [None, None, 11, 9, 20] : RID 738: (92107166, 9, 13, 6, 18) , correct: [92107166, 9, 11, 9, 20]
schema encoding bitarray('00111')
update error on [92107167, 1, 8, 17, 3] and [None, None, 13, 0, 10] : RID 739: (92107167, 1, 13, 6, 18) , correct: [92107167, 1, 13, 0, 10]
schema encoding bitarray('00111')
update error on [92107168, 3, 14, 19, 16] and [None, None, 1, 7, 11] : RID 740: (92107168, 3, 13, 6, 18) , correct: [92107168, 3, 1, 7, 11]
schema encoding bitarray('00111')
update error on [92107169, 11, 19, 20, 18] and [None, None, 6, 19, 1] : RID 741: (92107169, 11, 13, 6, 18) , correct: [92107169, 11, 6, 19, 1]
schema encoding bitarray('00111')
update error on [92107170, 12, 20, 20, 20] and [None, None, 7, 19, 16] : RID 742: (92107170, 12, 13, 6, 18) , correct: [92107170, 12, 7, 19, 16]
schema encoding bitarray('00111')
update error on [92107171, 15, 18, 19, 16] and [None, None, 3, 10, 10] : RID 743: (92107171, 15, 13, 6, 18) , correct: [92107171, 15, 3, 10, 10]
schema encoding bitarray('00111')
update error on [92107172, 6, 11, 16, 1] and [None, None, 18, 11, 7] : RID 744: (92107172, 6, 13, 6, 18) , correct: [92107172, 6, 18, 11, 7]
schema encoding bitarray('00111')
update error on [92107173, 17, 6, 16, 1] and [None, None, 10, 15, 15] : RID 745: (92107173, 17, 13, 6, 18) , correct: [92107173, 17, 10, 15, 15]
schema encoding bitarray('00111')
update error on [92107174, 13, 8, 0, 5] and [None, None, 13, 14, 19] : RID 746: (92107174, 13, 13, 6, 18) , correct: [92107174, 13, 13, 14, 19]
schema encoding bitarray('00111')
update error on [92107175, 16, 3, 2, 19] and [None, None, 20, 8, 6] : RID 747: (92107175, 16, 13, 6, 18) , correct: [92107175, 16, 20, 8, 6]
schema encoding bitarray('00111')
update error on [92107176, 15, 2, 18, 2] and [None, None, 20, 13, 4] : RID 748: (92107176, 15, 13, 6, 18) , correct: [92107176, 15, 20, 13, 4]
schema encoding bitarray('00111')
update error on [92107177, 19, 13, 8, 4] and [None, None, 19, 5, 12] : RID 749: (92107177, 19, 13, 6, 18) , correct: [92107177, 19, 19, 5, 12]
schema encoding bitarray('00111')
update error on [92107178, 1, 19, 0, 1] and [None, None, 2, 6, 18] : RID 750: (92107178, 1, 13, 6, 18) , correct: [92107178, 1, 2, 6, 18]
schema encoding bitarray('00111')
update error on [92107179, 3, 9, 7, 3] and [None, None, 4, 6, 6] : RID 751: (92107179, 3, 13, 6, 18) , correct: [92107179, 3, 4, 6, 6]
schema encoding bitarray('00111')
update error on [92107180, 16, 11, 11, 6] and [None, None, 6, 1, 0] : RID 752: (92107180, 16, 13, 6, 18) , correct: [92107180, 16, 6, 1, 0]
schema encoding bitarray('00111')
update error on [92107181, 5, 6, 10, 4] and [None, None, 13, 15, 14] : RID 753: (92107181, 5, 13, 6, 18) , correct: [92107181, 5, 13, 15, 14]
schema encoding bitarray('00111')
update error on [92107182, 3, 13, 19, 19] and [None, None, 18, 4, 6] : RID 754: (92107182, 3, 13, 6, 18) , correct: [92107182, 3, 18, 4, 6]
schema encoding bitarray('00111')
update error on [92107183, 13, 3, 8, 2] and [None, None, 11, 15, 10] : RID 755: (92107183, 13, 13, 6, 18) , correct: [92107183, 13, 11, 15, 10]
schema encoding bitarray('00101')
update error on [92107184, 12, 8, 2, 7] and [None, None, 16, 2, 3] : RID 756: (92107184, 12, 13, 2, 18) , correct: [92107184, 12, 16, 2, 3]
schema encoding bitarray('00111')
update error on [92107185, 6, 15, 18, 6] and [None, None, 3, 20, 17] : RID 757: (92107185, 6, 13, 6, 18) , correct: [92107185, 6, 3, 20, 17]
schema encoding bitarray('00111')
update error on [92107186, 12, 10, 10, 17] and [None, None, 20, 6, 12] : RID 758: (92107186, 12, 13, 6, 18) , correct: [92107186, 12, 20, 6, 12]
schema encoding bitarray('00111')
update error on [92107187, 4, 5, 11, 16] and [None, None, 3, 16, 14] : RID 759: (92107187, 4, 13, 6, 18) , correct: [92107187, 4, 3, 16, 14]
schema encoding bitarray('00111')
update error on [92107188, 18, 15, 20, 5] and [None, None, 10, 0, 1] : RID 760: (92107188, 18, 13, 6, 18) , correct: [92107188, 18, 10, 0, 1]
schema encoding bitarray('00111')
update error on [92107189, 4, 2, 9, 20] and [None, None, 3, 4, 6] : RID 761: (92107189, 4, 13, 6, 18) , correct: [92107189, 4, 3, 4, 6]
schema encoding bitarray('00111')
update error on [92107190, 15, 2, 5, 8] and [None, None, 14, 7, 17] : RID 762: (92107190, 15, 13, 6, 18) , correct: [92107190, 15, 14, 7, 17]
schema encoding bitarray('00111')
update error on [92107191, 12, 13, 18, 14] and [None, None, 19, 3, 5] : RID 763: (92107191, 12, 13, 6, 18) , correct: [92107191, 12, 19, 3, 5]
schema encoding bitarray('00011')
update error on [92107192, 7, 18, 15, 1] and [None, None, 18, 7, 15] : RID 764: (92107192, 7, 18, 6, 18) , correct: [92107192, 7, 18, 7, 15]
schema encoding bitarray('00111')
update error on [92107193, 18, 10, 11, 20] and [None, None, 20, 15, 6] : RID 765: (92107193, 18, 13, 6, 18) , correct: [92107193, 18, 20, 15, 6]
schema encoding bitarray('00111')
update error on [92107194, 1, 0, 19, 15] and [None, None, 3, 16, 0] : RID 766: (92107194, 1, 13, 6, 18) , correct: [92107194, 1, 3, 16, 0]
schema encoding bitarray('00010')
update error on [92107195, 9, 15, 18, 18] and [None, None, 15, 2, 18] : RID 767: (92107195, 9, 15, 6, 18) , correct: [92107195, 9, 15, 2, 18]
schema encoding bitarray('00011')
update error on [92107196, 6, 2, 1, 13] and [None, None, 2, 18, 3] : RID 768: (92107196, 6, 2, 6, 18) , correct: [92107196, 6, 2, 18, 3]
schema encoding bitarray('00111')
update error on [92107197, 8, 1, 0, 17] and [None, None, 0, 16, 13] : RID 769: (92107197, 8, 13, 6, 18) , correct: [92107197, 8, 0, 16, 13]
schema encoding bitarray('00110')
update error on [92107198, 14, 8, 6, 0] and [None, None, 4, 1, 0] : RID 770: (92107198, 14, 13, 6, 0) , correct: [92107198, 14, 4, 1, 0]
schema encoding bitarray('00111')
update error on [92107199, 20, 20, 0, 11] and [None, None, 2, 12, 18] : RID 771: (92107199, 20, 13, 6, 18) , correct: [92107199, 20, 2, 12, 18]
schema encoding bitarray('00111')
update error on [92107200, 4, 14, 13, 8] and [None, None, 19, 14, 16] : RID 772: (92107200, 4, 13, 6, 18) , correct: [92107200, 4, 19, 14, 16]
schema encoding bitarray('00111')
update error on [92107201, 18, 12, 7, 6] and [None, None, 8, 19, 9] : RID 773: (92107201, 18, 13, 6, 18) , correct: [92107201, 18, 8, 19, 9]
schema encoding bitarray('00111')
update error on [92107202, 5, 2, 6, 10] and [None, None, 5, 9, 11] : RID 774: (92107202, 5, 13, 6, 18) , correct: [92107202, 5, 5, 9, 11]
schema encoding bitarray('00111')
update error on [92107203, 6, 6, 12, 3] and [None, None, 10, 14, 16] : RID 775: (92107203, 6, 13, 6, 18) , correct: [92107203, 6, 10, 14, 16]
schema encoding bitarray('00111')
update error on [92107204, 11, 10, 16, 0] and [None, None, 17, 10, 7] : RID 776: (92107204, 11, 13, 6, 18) , correct: [92107204, 11, 17, 10, 7]
schema encoding bitarray('00111')
update error on [92107205, 15, 5, 17, 4] and [None, None, 1, 6, 0] : RID 777: (92107205, 15, 13, 6, 18) , correct: [92107205, 15, 1, 6, 0]
schema encoding bitarray('00111')
update error on [92107206, 13, 2, 1, 7] and [None, None, 9, 15, 15] : RID 778: (92107206, 13, 13, 6, 18) , correct: [92107206, 13, 9, 15, 15]
schema encoding bitarray('00111')
update error on [92107207, 11, 19, 19, 13] and [None, None, 10, 20, 3] : RID 779: (92107207, 11, 13, 6, 18) , correct: [92107207, 11, 10, 20, 3]
schema encoding bitarray('00111')
update error on [92107208, 12, 19, 0, 20] and [None, None, 16, 12, 5] : RID 780: (92107208, 12, 13, 6, 18) , correct: [92107208, 12, 16, 12, 5]
schema encoding bitarray('00111')
update error on [92107209, 4, 16, 5, 18] and [None, None, 2, 12, 7] : RID 781: (92107209, 4, 13, 6, 18) , correct: [92107209, 4, 2, 12, 7]
schema encoding bitarray('00111')
update error on [92107210, 9, 16, 8, 8] and [None, None, 20, 18, 2] : RID 782: (92107210, 9, 13, 6, 18) , correct: [92107210, 9, 20, 18, 2]
schema encoding bitarray('00111')
update error on [92107211, 14, 2, 1, 17] and [None, None, 1, 8, 0] : RID 783: (92107211, 14, 13, 6, 18) , correct: [92107211, 14, 1, 8, 0]
schema encoding bitarray('00111')
update error on [92107212, 5, 5, 0, 1] and [None, None, 17, 1, 8] : RID 784: (92107212, 5, 13, 6, 18) , correct: [92107212, 5, 17, 1, 8]
schema encoding bitarray('00111')
update error on [92107213, 16, 2, 17, 12] and [None, None, 15, 4, 13] : RID 785: (92107213, 16, 13, 6, 18) , correct: [92107213, 16, 15, 4, 13]
schema encoding bitarray('00111')
update error on [92107214, 17, 17, 11, 0] and [None, None, 4, 13, 15] : RID 786: (92107214, 17, 13, 6, 18) , correct: [92107214, 17, 4, 13, 15]
schema encoding bitarray('00111')
update error on [92107215, 14, 19, 2, 17] and [None, None, 10, 19, 2] : RID 787: (92107215, 14, 13, 6, 18) , correct: [92107215, 14, 10, 19, 2]
schema encoding bitarray('00111')
update error on [92107216, 20, 1, 5, 7] and [None, None, 5, 1, 2] : RID 788: (92107216, 20, 13, 6, 18) , correct: [92107216, 20, 5, 1, 2]
schema encoding bitarray('00111')
update error on [92107217, 18, 8, 4, 18] and [None, None, 12, 15, 9] : RID 789: (92107217, 18, 13, 6, 18) , correct: [92107217, 18, 12, 15, 9]
schema encoding bitarray('00111')
update error on [92107218, 3, 7, 7, 3] and [None, None, 19, 5, 10] : RID 790: (92107218, 3, 13, 6, 18) , correct: [92107218, 3, 19, 5, 10]
schema encoding bitarray('00111')
update error on [92107219, 0, 6, 16, 9] and [None, None, 9, 9, 10] : RID 791: (92107219, 0, 13, 6, 18) , correct: [92107219, 0, 9, 9, 10]
schema encoding bitarray('00111')
update error on [92107220, 8, 12, 1, 3] and [None, None, 5, 9, 16] : RID 792: (92107220, 8, 13, 6, 18) , correct: [92107220, 8, 5, 9, 16]
schema encoding bitarray('00110')
update error on [92107221, 0, 13, 14, 8] and [None, None, 7, 19, 8] : RID 793: (92107221, 0, 13, 6, 8) , correct: [92107221, 0, 7, 19, 8]
schema encoding bitarray('00111')
update error on [92107222, 0, 1, 9, 0] and [None, None, 3, 18, 15] : RID 794: (92107222, 0, 13, 6, 18) , correct: [92107222, 0, 3, 18, 15]
schema encoding bitarray('00111')
update error on [92107223, 16, 13, 20, 18] and [None, None, 12, 1, 12] : RID 795: (92107223, 16, 13, 6, 18) , correct: [92107223, 16, 12, 1, 12]
schema encoding bitarray('00111')
update error on [92107224, 14, 8, 17, 9] and [None, None, 2, 0, 19] : RID 796: (92107224, 14, 13, 6, 18) , correct: [92107224, 14, 2, 0, 19]
schema encoding bitarray('00111')
update error on [92107225, 13, 1, 9, 15] and [None, None, 12, 13, 7] : RID 797: (92107225, 13, 13, 6, 18) , correct: [92107225, 13, 12, 13, 7]
schema encoding bitarray('00111')
update error on [92107226, 18, 0, 7, 0] and [None, None, 19, 5, 7] : RID 798: (92107226, 18, 13, 6, 18) , correct: [92107226, 18, 19, 5, 7]
schema encoding bitarray('00111')
update error on [92107227, 16, 7, 16, 10] and [None, None, 9, 20, 3] : RID 799: (92107227, 16, 13, 6, 18) , correct: [92107227, 16, 9, 20, 3]
schema encoding bitarray('00111')
update error on [92107228, 6, 18, 9, 11] and [None, None, 20, 7, 2] : RID 800: (92107228, 6, 13, 6, 18) , correct: [92107228, 6, 20, 7, 2]
schema encoding bitarray('00111')
update error on [92107229, 6, 2, 2, 13] and [None, None, 7, 5, 6] : RID 801: (92107229, 6, 13, 6, 18) , correct: [92107229, 6, 7, 5, 6]
schema encoding bitarray('00111')
update error on [92107230, 18, 14, 15, 15] and [None, None, 0, 3, 4] : RID 802: (92107230, 18, 13, 6, 18) , correct: [92107230, 18, 0, 3, 4]
schema encoding bitarray('00110')
update error on [92107231, 15, 7, 7, 17] and [None, None, 2, 10, 17] : RID 803: (92107231, 15, 13, 6, 17) , correct: [92107231, 15, 2, 10, 17]
schema encoding bitarray('00111')
update error on [92107232, 11, 5, 2, 6] and [None, None, 7, 18, 7] : RID 804: (92107232, 11, 13, 6, 18) , correct: [92107232, 11, 7, 18, 7]
schema encoding bitarray('00111')
update error on [92107233, 12, 15, 15, 16] and [None, None, 4, 19, 4] : RID 805: (92107233, 12, 13, 6, 18) , correct: [92107233, 12, 4, 19, 4]
schema encoding bitarray('00111')
update error on [92107234, 10, 18, 19, 14] and [None, None, 0, 16, 6] : RID 806: (92107234, 10, 13, 6, 18) , correct: [92107234, 10, 0, 16, 6]
schema encoding bitarray('00111')
update error on [92107235, 20, 14, 10, 18] and [None, None, 7, 9, 4] : RID 807: (92107235, 20, 13, 6, 18) , correct: [92107235, 20, 7, 9, 4]
schema encoding bitarray('00111')
update error on [92107236, 4, 20, 20, 2] and [None, None, 17, 18, 15] : RID 808: (92107236, 4, 13, 6, 18) , correct: [92107236, 4, 17, 18, 15]
schema encoding bitarray('00111')
update error on [92107237, 13, 0, 12, 5] and [None, None, 3, 18, 2] : RID 809: (92107237, 13, 13, 6, 18) , correct: [92107237, 13, 3, 18, 2]
schema encoding bitarray('00111')
update error on [92107238, 9, 17, 14, 2] and [None, None, 4, 11, 6] : RID 810: (92107238, 9, 13, 6, 18) , correct: [92107238, 9, 4, 11, 6]
schema encoding bitarray('00111')
update error on [92107239, 0, 4, 7, 16] and [None, None, 16, 2, 4] : RID 811: (92107239, 0, 13, 6, 18) , correct: [92107239, 0, 16, 2, 4]
schema encoding bitarray('00111')
update error on [92107240, 9, 17, 20, 12] and [None, None, 14, 8, 4] : RID 812: (92107240, 9, 13, 6, 18) , correct: [92107240, 9, 14, 8, 4]
schema encoding bitarray('00111')
update error on [92107241, 8, 16, 20, 19] and [None, None, 18, 9, 5] : RID 813: (92107241, 8, 13, 6, 18) , correct: [92107241, 8, 18, 9, 5]
schema encoding bitarray('00111')
update error on [92107242, 2, 8, 0, 12] and [None, None, 7, 4, 10] : RID 814: (92107242, 2, 13, 6, 18) , correct: [92107242, 2, 7, 4, 10]
schema encoding bitarray('00111')
update error on [92107243, 11, 4, 14, 3] and [None, None, 6, 9, 10] : RID 815: (92107243, 11, 13, 6, 18) , correct: [92107243, 11, 6, 9, 10]
schema encoding bitarray('00111')
update error on [92107244, 17, 10, 2, 1] and [None, None, 12, 14, 3] : RID 816: (92107244, 17, 13, 6, 18) , correct: [92107244, 17, 12, 14, 3]
schema encoding bitarray('00111')
update error on [92107245, 13, 19, 1, 1] and [None, None, 12, 9, 0] : RID 817: (92107245, 13, 13, 6, 18) , correct: [92107245, 13, 12, 9, 0]
schema encoding bitarray('00111')
update error on [92107246, 17, 5, 3, 8] and [None, None, 2, 15, 0] : RID 818: (92107246, 17, 13, 6, 18) , correct: [92107246, 17, 2, 15, 0]
schema encoding bitarray('00111')
update error on [92107247, 17, 10, 20, 0] and [None, None, 16, 11, 6] : RID 819: (92107247, 17, 13, 6, 18) , correct: [92107247, 17, 16, 11, 6]
schema encoding bitarray('00011')
update error on [92107248, 19, 16, 4, 15] and [None, None, 16, 2, 20] : RID 820: (92107248, 19, 16, 6, 18) , correct: [92107248, 19, 16, 2, 20]
schema encoding bitarray('00011')
update error on [92107249, 2, 15, 19, 12] and [None, None, 15, 7, 20] : RID 821: (92107249, 2, 15, 6, 18) , correct: [92107249, 2, 15, 7, 20]
schema encoding bitarray('00011')
update error on [92107250, 2, 5, 1, 10] and [None, None, 5, 9, 19] : RID 822: (92107250, 2, 5, 6, 18) , correct: [92107250, 2, 5, 9, 19]
schema encoding bitarray('00111')
update error on [92107251, 10, 5, 19, 13] and [None, None, 11, 9, 9] : RID 823: (92107251, 10, 13, 6, 18) , correct: [92107251, 10, 11, 9, 9]
schema encoding bitarray('00111')
update error on [92107252, 14, 4, 15, 17] and [None, None, 3, 4, 2] : RID 824: (92107252, 14, 13, 6, 18) , correct: [92107252, 14, 3, 4, 2]
schema encoding bitarray('00111')
update error on [92107253, 8, 18, 1, 1] and [None, None, 14, 11, 13] : RID 825: (92107253, 8, 13, 6, 18) , correct: [92107253, 8, 14, 11, 13]
schema encoding bitarray('00111')
update error on [92107254, 9, 2, 6, 8] and [None, None, 15, 2, 18] : RID 826: (92107254, 9, 13, 6, 18) , correct: [92107254, 9, 15, 2, 18]
schema encoding bitarray('00101')
update error on [92107255, 15, 6, 18, 17] and [None, None, 7, 18, 7] : RID 827: (92107255, 15, 13, 18, 18) , correct: [92107255, 15, 7, 18, 7]
schema encoding bitarray('00111')
update error on [92107256, 4, 17, 4, 17] and [None, None, 4, 6, 5] : RID 828: (92107256, 4, 13, 6, 18) , correct: [92107256, 4, 4, 6, 5]
schema encoding bitarray('00111')
update error on [92107257, 6, 5, 3, 17] and [None, None, 8, 18, 0] : RID 829: (92107257, 6, 13, 6, 18) , correct: [92107257, 6, 8, 18, 0]
schema encoding bitarray('00111')
update error on [92107258, 14, 11, 11, 14] and [None, None, 6, 8, 4] : RID 830: (92107258, 14, 13, 6, 18) , correct: [92107258, 14, 6, 8, 4]
schema encoding bitarray('00111')
update error on [92107259, 14, 0, 13, 4] and [None, None, 13, 5, 17] : RID 831: (92107259, 14, 13, 6, 18) , correct: [92107259, 14, 13, 5, 17]
schema encoding bitarray('00101')
update error on [92107260, 8, 15, 1, 1] and [None, None, 13, 1, 13] : RID 832: (92107260, 8, 13, 1, 18) , correct: [92107260, 8, 13, 1, 13]
schema encoding bitarray('00111')
update error on [92107261, 11, 1, 20, 19] and [None, None, 13, 2, 9] : RID 833: (92107261, 11, 13, 6, 18) , correct: [92107261, 11, 13, 2, 9]
schema encoding bitarray('00111')
update error on [92107262, 16, 9, 6, 14] and [None, None, 6, 16, 3] : RID 834: (92107262, 16, 13, 6, 18) , correct: [92107262, 16, 6, 16, 3]
schema encoding bitarray('00111')
update error on [92107263, 9, 12, 3, 5] and [None, None, 18, 14, 20] : RID 835: (92107263, 9, 13, 6, 18) , correct: [92107263, 9, 18, 14, 20]
schema encoding bitarray('00111')
update error on [92107264, 12, 3, 10, 14] and [None, None, 13, 16, 9] : RID 836: (92107264, 12, 13, 6, 18) , correct: [92107264, 12, 13, 16, 9]
schema encoding bitarray('00111')
update error on [92107265, 3, 6, 19, 13] and [None, None, 12, 4, 1] : RID 837: (92107265, 3, 13, 6, 18) , correct: [92107265, 3, 12, 4, 1]
schema encoding bitarray('00111')
update error on [92107266, 5, 6, 5, 4] and [None, None, 12, 13, 6] : RID 838: (92107266, 5, 13, 6, 18) , correct: [92107266, 5, 12, 13, 6]
schema encoding bitarray('00111')
update error on [92107267, 5, 15, 2, 18] and [None, None, 16, 0, 13] : RID 839: (92107267, 5, 13, 6, 18) , correct: [92107267, 5, 16, 0, 13]
schema encoding bitarray('00111')
update error on [92107268, 10, 12, 6, 11] and [None, None, 18, 4, 4] : RID 840: (92107268, 10, 13, 6, 18) , correct: [92107268, 10, 18, 4, 4]
schema encoding bitarray('00111')
update error on [92107269, 2, 13, 20, 15] and [None, None, 14, 0, 20] : RID 841: (92107269, 2, 13, 6, 18) , correct: [92107269, 2, 14, 0, 20]
schema encoding bitarray('00111')
update error on [92107270, 20, 5, 13, 3] and [None, None, 18, 4, 11] : RID 842: (92107270, 20, 13, 6, 18) , correct: [92107270, 20, 18, 4, 11]
schema encoding bitarray('00111')
update error on [92107271, 1, 11, 16, 3] and [None, None, 3, 18, 10] : RID 843: (92107271, 1, 13, 6, 18) , correct: [92107271, 1, 3, 18, 10]
schema encoding bitarray('00111')
update error on [92107272, 1, 19, 19, 2] and [None, None, 16, 13, 5] : RID 844: (92107272, 1, 13, 6, 18) , correct: [92107272, 1, 16, 13, 5]
schema encoding bitarray('00111')
update error on [92107273, 11, 16, 20, 8] and [None, None, 3, 9, 20] : RID 845: (92107273, 11, 13, 6, 18) , correct: [92107273, 11, 3, 9, 20]
schema encoding bitarray('00111')
update error on [92107274, 18, 3, 12, 6] and [None, None, 12, 17, 15] : RID 846: (92107274, 18, 13, 6, 18) , correct: [92107274, 18, 12, 17, 15]
schema encoding bitarray('00111')
update error on [92107275, 16, 18, 0, 0] and [None, None, 8, 11, 12] : RID 847: (92107275, 16, 13, 6, 18) , correct: [92107275, 16, 8, 11, 12]
schema encoding bitarray('00111')
update error on [92107276, 13, 5, 16, 14] and [None, None, 7, 8, 6] : RID 848: (92107276, 13, 13, 6, 18) , correct: [92107276, 13, 7, 8, 6]
schema encoding bitarray('00111')
update error on [92107277, 20, 11, 3, 15] and [None, None, 7, 1, 9] : RID 849: (92107277, 20, 13, 6, 18) , correct: [92107277, 20, 7, 1, 9]
schema encoding bitarray('00111')
update error on [92107278, 7, 11, 19, 1] and [None, None, 20, 9, 6] : RID 850: (92107278, 7, 13, 6, 18) , correct: [92107278, 7, 20, 9, 6]
schema encoding bitarray('00111')
update error on [92107279, 20, 3, 4, 0] and [None, None, 1, 1, 9] : RID 851: (92107279, 20, 13, 6, 18) , correct: [92107279, 20, 1, 1, 9]
schema encoding bitarray('00111')
update error on [92107280, 6, 17, 6, 14] and [None, None, 11, 1, 3] : RID 852: (92107280, 6, 13, 6, 18) , correct: [92107280, 6, 11, 1, 3]
schema encoding bitarray('00111')
update error on [92107281, 16, 10, 16, 12] and [None, None, 14, 15, 10] : RID 853: (92107281, 16, 13, 6, 18) , correct: [92107281, 16, 14, 15, 10]
schema encoding bitarray('00111')
update error on [92107282, 18, 18, 1, 3] and [None, None, 19, 0, 0] : RID 854: (92107282, 18, 13, 6, 18) , correct: [92107282, 18, 19, 0, 0]
schema encoding bitarray('00111')
update error on [92107283, 18, 9, 0, 17] and [None, None, 3, 8, 8] : RID 855: (92107283, 18, 13, 6, 18) , correct: [92107283, 18, 3, 8, 8]
schema encoding bitarray('00111')
update error on [92107284, 20, 3, 19, 12] and [None, None, 4, 5, 3] : RID 856: (92107284, 20, 13, 6, 18) , correct: [92107284, 20, 4, 5, 3]
schema encoding bitarray('00111')
update error on [92107285, 4, 6, 13, 4] and [None, None, 1, 11, 20] : RID 857: (92107285, 4, 13, 6, 18) , correct: [92107285, 4, 1, 11, 20]
schema encoding bitarray('00111')
update error on [92107286, 5, 11, 17, 7] and [None, None, 19, 18, 17] : RID 858: (92107286, 5, 13, 6, 18) , correct: [92107286, 5, 19, 18, 17]
schema encoding bitarray('00111')
update error on [92107287, 2, 13, 6, 5] and [None, None, 18, 15, 6] : RID 859: (92107287, 2, 13, 6, 18) , correct: [92107287, 2, 18, 15, 6]
schema encoding bitarray('00111')
update error on [92107288, 0, 13, 12, 8] and [None, None, 14, 2, 4] : RID 860: (92107288, 0, 13, 6, 18) , correct: [92107288, 0, 14, 2, 4]
schema encoding bitarray('00011')
update error on [92107289, 11, 2, 2, 20] and [None, None, 2, 12, 7] : RID 861: (92107289, 11, 2, 6, 18) , correct: [92107289, 11, 2, 12, 7]
schema encoding bitarray('00111')
update error on [92107290, 18, 20, 14, 2] and [None, None, 17, 9, 10] : RID 862: (92107290, 18, 13, 6, 18) , correct: [92107290, 18, 17, 9, 10]
schema encoding bitarray('00111')
update error on [92107291, 16, 11, 14, 0] and [None, None, 12, 1, 6] : RID 863: (92107291, 16, 13, 6, 18) , correct: [92107291, 16, 12, 1, 6]
schema encoding bitarray('00111')
update error on [92107292, 13, 10, 13, 10] and [None, None, 19, 10, 18] : RID 864: (92107292, 13, 13, 6, 18) , correct: [92107292, 13, 19, 10, 18]
schema encoding bitarray('00111')
update error on [92107293, 13, 6, 10, 17] and [None, None, 9, 7, 3] : RID 865: (92107293, 13, 13, 6, 18) , correct: [92107293, 13, 9, 7, 3]
schema encoding bitarray('00111')
update error on [92107294, 1, 11, 19, 19] and [None, None, 15, 14, 2] : RID 866: (92107294, 1, 13, 6, 18) , correct: [92107294, 1, 15, 14, 2]
schema encoding bitarray('00111')
update error on [92107295, 19, 8, 6, 1] and [None, None, 7, 4, 0] : RID 867: (92107295, 19, 13, 6, 18) , correct: [92107295, 19, 7, 4, 0]
schema encoding bitarray('00111')
update error on [92107296, 8, 6, 20, 11] and [None, None, 18, 7, 15] : RID 868: (92107296, 8, 13, 6, 18) , correct: [92107296, 8, 18, 7, 15]
schema encoding bitarray('00111')
update error on [92107297, 14, 8, 20, 16] and [None, None, 9, 8, 7] : RID 869: (92107297, 14, 13, 6, 18) , correct: [92107297, 14, 9, 8, 7]
schema encoding bitarray('00101')
update error on [92107298, 18, 7, 1, 18] and [None, None, 2, 1, 12] : RID 870: (92107298, 18, 13, 1, 18) , correct: [92107298, 18, 2, 1, 12]
schema encoding bitarray('00111')
update error on [92107299, 3, 5, 19, 17] and [None, None, 3, 5, 19] : RID 871: (92107299, 3, 13, 6, 18) , correct: [92107299, 3, 3, 5, 19]
schema encoding bitarray('00111')
update error on [92107300, 13, 20, 4, 20] and [None, None, 19, 0, 6] : RID 872: (92107300, 13, 13, 6, 18) , correct: [92107300, 13, 19, 0, 6]
schema encoding bitarray('00111')
update error on [92107301, 19, 1, 4, 20] and [None, None, 14, 3, 8] : RID 873: (92107301, 19, 13, 6, 18) , correct: [92107301, 19, 14, 3, 8]
schema encoding bitarray('00111')
update error on [92107302, 20, 5, 13, 20] and [None, None, 7, 4, 13] : RID 874: (92107302, 20, 13, 6, 18) , correct: [92107302, 20, 7, 4, 13]
schema encoding bitarray('00111')
update error on [92107303, 7, 17, 17, 12] and [None, None, 6, 6, 15] : RID 875: (92107303, 7, 13, 6, 18) , correct: [92107303, 7, 6, 6, 15]
schema encoding bitarray('00111')
update error on [92107304, 10, 17, 5, 11] and [None, None, 8, 4, 7] : RID 876: (92107304, 10, 13, 6, 18) , correct: [92107304, 10, 8, 4, 7]
schema encoding bitarray('00111')
update error on [92107305, 18, 8, 16, 0] and [None, None, 18, 2, 19] : RID 877: (92107305, 18, 13, 6, 18) , correct: [92107305, 18, 18, 2, 19]
schema encoding bitarray('00111')
update error on [92107306, 7, 16, 19, 11] and [None, None, 5, 18, 13] : RID 878: (92107306, 7, 13, 6, 18) , correct: [92107306, 7, 5, 18, 13]
schema encoding bitarray('00011')
update error on [92107307, 0, 19, 18, 9] and [None, None, 19, 15, 10] : RID 879: (92107307, 0, 19, 6, 18) , correct: [92107307, 0, 19, 15, 10]
schema encoding bitarray('00111')
update error on [92107308, 15, 14, 18, 19] and [None, None, 18, 20, 1] : RID 880: (92107308, 15, 13, 6, 18) , correct: [92107308, 15, 18, 20, 1]
schema encoding bitarray('00111')
update error on [92107309, 7, 8, 7, 10] and [None, None, 20, 1, 2] : RID 881: (92107309, 7, 13, 6, 18) , correct: [92107309, 7, 20, 1, 2]
schema encoding bitarray('00111')
update error on [92107310, 17, 9, 8, 0] and [None, None, 19, 6, 6] : RID 882: (92107310, 17, 13, 6, 18) , correct: [92107310, 17, 19, 6, 6]
schema encoding bitarray('00111')
update error on [92107311, 2, 15, 2, 20] and [None, None, 19, 9, 8] : RID 883: (92107311, 2, 13, 6, 18) , correct: [92107311, 2, 19, 9, 8]
schema encoding bitarray('00111')
update error on [92107312, 15, 6, 16, 13] and [None, None, 10, 17, 6] : RID 884: (92107312, 15, 13, 6, 18) , correct: [92107312, 15, 10, 17, 6]
schema encoding bitarray('00111')
update error on [92107313, 3, 4, 4, 15] and [None, None, 15, 12, 10] : RID 885: (92107313, 3, 13, 6, 18) , correct: [92107313, 3, 15, 12, 10]
schema encoding bitarray('00111')
update error on [92107314, 4, 0, 15, 15] and [None, None, 4, 4, 11] : RID 886: (92107314, 4, 13, 6, 18) , correct: [92107314, 4, 4, 4, 11]
schema encoding bitarray('00111')
update error on [92107315, 1, 1, 6, 19] and [None, None, 9, 14, 5] : RID 887: (92107315, 1, 13, 6, 18) , correct: [92107315, 1, 9, 14, 5]
schema encoding bitarray('00111')
update error on [92107316, 6, 14, 11, 15] and [None, None, 3, 5, 3] : RID 888: (92107316, 6, 13, 6, 18) , correct: [92107316, 6, 3, 5, 3]
schema encoding bitarray('00111')
update error on [92107317, 19, 9, 13, 20] and [None, None, 6, 14, 4] : RID 889: (92107317, 19, 13, 6, 18) , correct: [92107317, 19, 6, 14, 4]
schema encoding bitarray('00111')
update error on [92107318, 1, 6, 0, 1] and [None, None, 15, 16, 17] : RID 890: (92107318, 1, 13, 6, 18) , correct: [92107318, 1, 15, 16, 17]
schema encoding bitarray('00111')
update error on [92107319, 13, 2, 1, 13] and [None, None, 11, 10, 10] : RID 891: (92107319, 13, 13, 6, 18) , correct: [92107319, 13, 11, 10, 10]
schema encoding bitarray('00111')
update error on [92107320, 10, 3, 7, 15] and [None, None, 11, 18, 7] : RID 892: (92107320, 10, 13, 6, 18) , correct: [92107320, 10, 11, 18, 7]
schema encoding bitarray('00101')
update error on [92107321, 9, 12, 13, 10] and [None, None, 0, 13, 8] : RID 893: (92107321, 9, 13, 13, 18) , correct: [92107321, 9, 0, 13, 8]
schema encoding bitarray('00111')
update error on [92107322, 15, 16, 12, 8] and [None, None, 1, 7, 15] : RID 894: (92107322, 15, 13, 6, 18) , correct: [92107322, 15, 1, 7, 15]
schema encoding bitarray('00111')
update error on [92107323, 1, 20, 18, 19] and [None, None, 0, 9, 11] : RID 895: (92107323, 1, 13, 6, 18) , correct: [92107323, 1, 0, 9, 11]
schema encoding bitarray('00111')
update error on [92107324, 5, 5, 2, 9] and [None, None, 20, 12, 2] : RID 896: (92107324, 5, 13, 6, 18) , correct: [92107324, 5, 20, 12, 2]
schema encoding bitarray('00110')
update error on [92107325, 18, 17, 12, 2] and [None, None, 18, 1, 2] : RID 897: (92107325, 18, 13, 6, 2) , correct: [92107325, 18, 18, 1, 2]
schema encoding bitarray('00111')
update error on [92107326, 15, 0, 4, 4] and [None, None, 7, 16, 6] : RID 898: (92107326, 15, 13, 6, 18) , correct: [92107326, 15, 7, 16, 6]
schema encoding bitarray('00111')
update error on [92107327, 3, 0, 6, 11] and [None, None, 15, 5, 4] : RID 899: (92107327, 3, 13, 6, 18) , correct: [92107327, 3, 15, 5, 4]
schema encoding bitarray('00111')
update error on [92107328, 6, 9, 19, 5] and [None, None, 6, 17, 4] : RID 900: (92107328, 6, 13, 6, 18) , correct: [92107328, 6, 6, 17, 4]
schema encoding bitarray('00111')
update error on [92107329, 2, 9, 12, 0] and [None, None, 4, 1, 12] : RID 901: (92107329, 2, 13, 6, 18) , correct: [92107329, 2, 4, 1, 12]
schema encoding bitarray('00111')
update error on [92107330, 8, 7, 6, 8] and [None, None, 17, 13, 3] : RID 902: (92107330, 8, 13, 6, 18) , correct: [92107330, 8, 17, 13, 3]
schema encoding bitarray('00101')
update error on [92107331, 12, 11, 12, 7] and [None, None, 4, 12, 9] : RID 903: (92107331, 12, 13, 12, 18) , correct: [92107331, 12, 4, 12, 9]
schema encoding bitarray('00111')
update error on [92107332, 15, 17, 20, 8] and [None, None, 5, 0, 7] : RID 904: (92107332, 15, 13, 6, 18) , correct: [92107332, 15, 5, 0, 7]
schema encoding bitarray('00111')
update error on [92107333, 5, 2, 16, 2] and [None, None, 13, 9, 1] : RID 905: (92107333, 5, 13, 6, 18) , correct: [92107333, 5, 13, 9, 1]
schema encoding bitarray('00111')
update error on [92107334, 9, 10, 15, 18] and [None, None, 8, 0, 15] : RID 906: (92107334, 9, 13, 6, 18) , correct: [92107334, 9, 8, 0, 15]
schema encoding bitarray('00111')
update error on [92107335, 17, 12, 6, 2] and [None, None, 18, 9, 12] : RID 907: (92107335, 17, 13, 6, 18) , correct: [92107335, 17, 18, 9, 12]
schema encoding bitarray('00111')
update error on [92107336, 2, 3, 11, 10] and [None, None, 0, 15, 9] : RID 908: (92107336, 2, 13, 6, 18) , correct: [92107336, 2, 0, 15, 9]
schema encoding bitarray('00111')
update error on [92107337, 17, 2, 13, 5] and [None, None, 4, 6, 16] : RID 909: (92107337, 17, 13, 6, 18) , correct: [92107337, 17, 4, 6, 16]
schema encoding bitarray('00111')
update error on [92107338, 4, 3, 19, 3] and [None, None, 0, 3, 4] : RID 910: (92107338, 4, 13, 6, 18) , correct: [92107338, 4, 0, 3, 4]
schema encoding bitarray('00111')
update error on [92107339, 18, 2, 0, 1] and [None, None, 15, 2, 15] : RID 911: (92107339, 18, 13, 6, 18) , correct: [92107339, 18, 15, 2, 15]
schema encoding bitarray('00011')
update error on [92107340, 11, 6, 7, 12] and [None, None, 6, 0, 5] : RID 912: (92107340, 11, 6, 6, 18) , correct: [92107340, 11, 6, 0, 5]
schema encoding bitarray('00001')
update error on [92107341, 2, 8, 5, 8] and [None, None, 8, 5, 16] : RID 913: (92107341, 2, 8, 5, 18) , correct: [92107341, 2, 8, 5, 16]
schema encoding bitarray('00101')
update error on [92107342, 9, 10, 0, 10] and [None, None, 7, 0, 12] : RID 914: (92107342, 9, 13, 0, 18) , correct: [92107342, 9, 7, 0, 12]
schema encoding bitarray('00111')
update error on [92107343, 8, 8, 17, 1] and [None, None, 15, 10, 9] : RID 915: (92107343, 8, 13, 6, 18) , correct: [92107343, 8, 15, 10, 9]
schema encoding bitarray('00111')
update error on [92107344, 0, 6, 12, 15] and [None, None, 11, 18, 1] : RID 916: (92107344, 0, 13, 6, 18) , correct: [92107344, 0, 11, 18, 1]
schema encoding bitarray('00111')
update error on [92107345, 19, 6, 10, 7] and [None, None, 7, 20, 17] : RID 917: (92107345, 19, 13, 6, 18) , correct: [92107345, 19, 7, 20, 17]
schema encoding bitarray('00101')
update error on [92107346, 19, 20, 7, 2] and [None, None, 14, 7, 14] : RID 918: (92107346, 19, 13, 7, 18) , correct: [92107346, 19, 14, 7, 14]
schema encoding bitarray('00111')
update error on [92107347, 16, 13, 20, 2] and [None, None, 16, 11, 3] : RID 919: (92107347, 16, 13, 6, 18) , correct: [92107347, 16, 16, 11, 3]
schema encoding bitarray('00111')
update error on [92107348, 1, 11, 4, 0] and [None, None, 14, 20, 13] : RID 920: (92107348, 1, 13, 6, 18) , correct: [92107348, 1, 14, 20, 13]
schema encoding bitarray('00101')
update error on [92107349, 6, 9, 19, 20] and [None, None, 11, 19, 11] : RID 921: (92107349, 6, 13, 19, 18) , correct: [92107349, 6, 11, 19, 11]
schema encoding bitarray('00111')
update error on [92107350, 1, 7, 8, 16] and [None, None, 2, 14, 0] : RID 922: (92107350, 1, 13, 6, 18) , correct: [92107350, 1, 2, 14, 0]
schema encoding bitarray('00111')
update error on [92107351, 7, 8, 12, 6] and [None, None, 20, 11, 3] : RID 923: (92107351, 7, 13, 6, 18) , correct: [92107351, 7, 20, 11, 3]
schema encoding bitarray('00111')
update error on [92107352, 3, 5, 13, 2] and [None, None, 10, 19, 10] : RID 924: (92107352, 3, 13, 6, 18) , correct: [92107352, 3, 10, 19, 10]
schema encoding bitarray('00111')
update error on [92107353, 14, 7, 17, 1] and [None, None, 14, 7, 6] : RID 925: (92107353, 14, 13, 6, 18) , correct: [92107353, 14, 14, 7, 6]
schema encoding bitarray('00111')
update error on [92107354, 16, 7, 7, 9] and [None, None, 6, 2, 17] : RID 926: (92107354, 16, 13, 6, 18) , correct: [92107354, 16, 6, 2, 17]
schema encoding bitarray('00111')
update error on [92107355, 10, 7, 7, 20] and [None, None, 11, 20, 17] : RID 927: (92107355, 10, 13, 6, 18) , correct: [92107355, 10, 11, 20, 17]
schema encoding bitarray('00011')
update error on [92107356, 3, 14, 11, 20] and [None, None, 14, 18, 11] : RID 928: (92107356, 3, 14, 6, 18) , correct: [92107356, 3, 14, 18, 11]
schema encoding bitarray('00111')
update error on [92107357, 7, 5, 6, 15] and [None, None, 16, 12, 2] : RID 929: (92107357, 7, 13, 6, 18) , correct: [92107357, 7, 16, 12, 2]
schema encoding bitarray('00111')
update error on [92107358, 8, 0, 3, 17] and [None, None, 3, 14, 9] : RID 930: (92107358, 8, 13, 6, 18) , correct: [92107358, 8, 3, 14, 9]
schema encoding bitarray('00111')
update error on [92107359, 7, 15, 3, 20] and [None, None, 16, 13, 14] : RID 931: (92107359, 7, 13, 6, 18) , correct: [92107359, 7, 16, 13, 14]
schema encoding bitarray('00111')
update error on [92107360, 19, 7, 18, 2] and [None, None, 15, 16, 0] : RID 932: (92107360, 19, 13, 6, 18) , correct: [92107360, 19, 15, 16, 0]
schema encoding bitarray('00111')
update error on [92107361, 6, 2, 7, 4] and [None, None, 4, 2, 8] : RID 933: (92107361, 6, 13, 6, 18) , correct: [92107361, 6, 4, 2, 8]
schema encoding bitarray('00011')
update error on [92107362, 12, 13, 15, 4] and [None, None, 13, 1, 0] : RID 934: (92107362, 12, 13, 6, 18) , correct: [92107362, 12, 13, 1, 0]
schema encoding bitarray('00111')
update error on [92107363, 0, 17, 9, 5] and [None, None, 7, 19, 2] : RID 935: (92107363, 0, 13, 6, 18) , correct: [92107363, 0, 7, 19, 2]
schema encoding bitarray('00111')
update error on [92107364, 15, 7, 1, 1] and [None, None, 4, 7, 3] : RID 936: (92107364, 15, 13, 6, 18) , correct: [92107364, 15, 4, 7, 3]
schema encoding bitarray('00111')
update error on [92107365, 14, 0, 1, 15] and [None, None, 1, 4, 4] : RID 937: (92107365, 14, 13, 6, 18) , correct: [92107365, 14, 1, 4, 4]
schema encoding bitarray('00011')
update error on [92107366, 10, 16, 5, 0] and [None, None, 16, 18, 19] : RID 938: (92107366, 10, 16, 6, 18) , correct: [92107366, 10, 16, 18, 19]
schema encoding bitarray('00011')
update error on [92107367, 0, 2, 15, 10] and [None, None, 2, 5, 4] : RID 939: (92107367, 0, 2, 6, 18) , correct: [92107367, 0, 2, 5, 4]
schema encoding bitarray('00111')
update error on [92107368, 3, 5, 6, 15] and [None, None, 4, 12, 11] : RID 940: (92107368, 3, 13, 6, 18) , correct: [92107368, 3, 4, 12, 11]
schema encoding bitarray('00111')
update error on [92107369, 20, 20, 20, 11] and [None, None, 6, 8, 17] : RID 941: (92107369, 20, 13, 6, 18) , correct: [92107369, 20, 6, 8, 17]
schema encoding bitarray('00101')
update error on [92107370, 1, 19, 15, 7] and [None, None, 14, 15, 11] : RID 942: (92107370, 1, 13, 15, 18) , correct: [92107370, 1, 14, 15, 11]
schema encoding bitarray('00111')
update error on [92107371, 16, 11, 4, 4] and [None, None, 20, 7, 5] : RID 943: (92107371, 16, 13, 6, 18) , correct: [92107371, 16, 20, 7, 5]
schema encoding bitarray('00111')
update error on [92107372, 3, 14, 7, 19] and [None, None, 17, 17, 18] : RID 944: (92107372, 3, 13, 6, 18) , correct: [92107372, 3, 17, 17, 18]
schema encoding bitarray('00111')
update error on [92107373, 18, 3, 6, 4] and [None, None, 7, 11, 8] : RID 945: (92107373, 18, 13, 6, 18) , correct: [92107373, 18, 7, 11, 8]
schema encoding bitarray('00111')
update error on [92107374, 19, 6, 6, 16] and [None, None, 12, 2, 15] : RID 946: (92107374, 19, 13, 6, 18) , correct: [92107374, 19, 12, 2, 15]
schema encoding bitarray('00110')
update error on [92107375, 9, 15, 15, 15] and [None, None, 16, 4, 15] : RID 947: (92107375, 9, 13, 6, 15) , correct: [92107375, 9, 16, 4, 15]
schema encoding bitarray('00111')
update error on [92107376, 13, 4, 7, 2] and [None, None, 20, 9, 16] : RID 948: (92107376, 13, 13, 6, 18) , correct: [92107376, 13, 20, 9, 16]
schema encoding bitarray('00111')
update error on [92107377, 12, 17, 2, 0] and [None, None, 0, 8, 11] : RID 949: (92107377, 12, 13, 6, 18) , correct: [92107377, 12, 0, 8, 11]
schema encoding bitarray('00111')
update error on [92107378, 10, 5, 17, 10] and [None, None, 9, 2, 14] : RID 950: (92107378, 10, 13, 6, 18) , correct: [92107378, 10, 9, 2, 14]
schema encoding bitarray('00111')
update error on [92107379, 14, 7, 3, 6] and [None, None, 19, 0, 10] : RID 951: (92107379, 14, 13, 6, 18) , correct: [92107379, 14, 19, 0, 10]
schema encoding bitarray('00111')
update error on [92107380, 0, 15, 20, 12] and [None, None, 9, 11, 5] : RID 952: (92107380, 0, 13, 6, 18) , correct: [92107380, 0, 9, 11, 5]
schema encoding bitarray('00111')
update error on [92107381, 10, 12, 8, 17] and [None, None, 0, 17, 15] : RID 953: (92107381, 10, 13, 6, 18) , correct: [92107381, 10, 0, 17, 15]
schema encoding bitarray('00111')
update error on [92107382, 20, 5, 4, 12] and [None, None, 20, 19, 3] : RID 954: (92107382, 20, 13, 6, 18) , correct: [92107382, 20, 20, 19, 3]
schema encoding bitarray('00111')
update error on [92107383, 5, 17, 4, 18] and [None, None, 4, 19, 6] : RID 955: (92107383, 5, 13, 6, 18) , correct: [92107383, 5, 4, 19, 6]
schema encoding bitarray('00111')
update error on [92107384, 11, 15, 14, 2] and [None, None, 19, 16, 13] : RID 956: (92107384, 11, 13, 6, 18) , correct: [92107384, 11, 19, 16, 13]
schema encoding bitarray('00111')
update error on [92107385, 6, 6, 0, 13] and [None, None, 19, 13, 17] : RID 957: (92107385, 6, 13, 6, 18) , correct: [92107385, 6, 19, 13, 17]
schema encoding bitarray('00111')
update error on [92107386, 3, 7, 4, 19] and [None, None, 6, 11, 14] : RID 958: (92107386, 3, 13, 6, 18) , correct: [92107386, 3, 6, 11, 14]
schema encoding bitarray('00111')
update error on [92107387, 3, 10, 3, 14] and [None, None, 11, 7, 5] : RID 959: (92107387, 3, 13, 6, 18) , correct: [92107387, 3, 11, 7, 5]
schema encoding bitarray('00111')
update error on [92107388, 13, 11, 6, 18] and [None, None, 18, 5, 6] : RID 960: (92107388, 13, 13, 6, 18) , correct: [92107388, 13, 18, 5, 6]
schema encoding bitarray('00111')
update error on [92107389, 11, 15, 0, 15] and [None, None, 16, 13, 14] : RID 961: (92107389, 11, 13, 6, 18) , correct: [92107389, 11, 16, 13, 14]
schema encoding bitarray('00111')
update error on [92107390, 3, 2, 1, 2] and [None, None, 12, 16, 13] : RID 962: (92107390, 3, 13, 6, 18) , correct: [92107390, 3, 12, 16, 13]
schema encoding bitarray('00111')
update error on [92107391, 0, 0, 13, 16] and [None, None, 12, 17, 5] : RID 963: (92107391, 0, 13, 6, 18) , correct: [92107391, 0, 12, 17, 5]
schema encoding bitarray('00111')
update error on [92107392, 0, 5, 20, 2] and [None, None, 1, 19, 8] : RID 964: (92107392, 0, 13, 6, 18) , correct: [92107392, 0, 1, 19, 8]
schema encoding bitarray('00111')
update error on [92107393, 5, 7, 10, 15] and [None, None, 9, 17, 12] : RID 965: (92107393, 5, 13, 6, 18) , correct: [92107393, 5, 9, 17, 12]
schema encoding bitarray('00111')
update error on [92107394, 20, 11, 6, 13] and [None, None, 19, 20, 18] : RID 966: (92107394, 20, 13, 6, 18) , correct: [92107394, 20, 19, 20, 18]
schema encoding bitarray('00011')
update error on [92107395, 18, 12, 6, 6] and [None, None, 12, 19, 0] : RID 967: (92107395, 18, 12, 6, 18) , correct: [92107395, 18, 12, 19, 0]
schema encoding bitarray('00111')
update error on [92107396, 16, 9, 9, 9] and [None, None, 12, 19, 13] : RID 968: (92107396, 16, 13, 6, 18) , correct: [92107396, 16, 12, 19, 13]
schema encoding bitarray('00111')
update error on [92107397, 19, 20, 8, 2] and [None, None, 11, 10, 4] : RID 969: (92107397, 19, 13, 6, 18) , correct: [92107397, 19, 11, 10, 4]
schema encoding bitarray('00111')
update error on [92107398, 3, 10, 4, 4] and [None, None, 17, 5, 0] : RID 970: (92107398, 3, 13, 6, 18) , correct: [92107398, 3, 17, 5, 0]
schema encoding bitarray('00011')
update error on [92107399, 4, 9, 5, 6] and [None, None, 9, 11, 12] : RID 971: (92107399, 4, 9, 6, 18) , correct: [92107399, 4, 9, 11, 12]
schema encoding bitarray('00111')
update error on [92107400, 3, 13, 11, 19] and [None, None, 8, 5, 3] : RID 972: (92107400, 3, 13, 6, 18) , correct: [92107400, 3, 8, 5, 3]
schema encoding bitarray('00111')
update error on [92107401, 0, 7, 20, 7] and [None, None, 18, 2, 5] : RID 973: (92107401, 0, 13, 6, 18) , correct: [92107401, 0, 18, 2, 5]
schema encoding bitarray('00111')
update error on [92107402, 1, 14, 12, 0] and [None, None, 15, 10, 2] : RID 974: (92107402, 1, 13, 6, 18) , correct: [92107402, 1, 15, 10, 2]
schema encoding bitarray('00111')
update error on [92107403, 17, 9, 15, 16] and [None, None, 6, 11, 9] : RID 975: (92107403, 17, 13, 6, 18) , correct: [92107403, 17, 6, 11, 9]
schema encoding bitarray('00111')
update error on [92107404, 15, 17, 7, 2] and [None, None, 14, 2, 16] : RID 976: (92107404, 15, 13, 6, 18) , correct: [92107404, 15, 14, 2, 16]
schema encoding bitarray('00111')
update error on [92107405, 6, 1, 5, 5] and [None, None, 5, 18, 4] : RID 977: (92107405, 6, 13, 6, 18) , correct: [92107405, 6, 5, 18, 4]
schema encoding bitarray('00111')
update error on [92107406, 13, 3, 2, 16] and [None, None, 13, 20, 9] : RID 978: (92107406, 13, 13, 6, 18) , correct: [92107406, 13, 13, 20, 9]
schema encoding bitarray('00111')
update error on [92107407, 6, 16, 3, 8] and [None, None, 10, 0, 16] : RID 979: (92107407, 6, 13, 6, 18) , correct: [92107407, 6, 10, 0, 16]
schema encoding bitarray('00111')
update error on [92107408, 0, 3, 4, 2] and [None, None, 5, 1, 17] : RID 980: (92107408, 0, 13, 6, 18) , correct: [92107408, 0, 5, 1, 17]
schema encoding bitarray('00111')
update error on [92107409, 4, 0, 14, 11] and [None, None, 12, 9, 7] : RID 981: (92107409, 4, 13, 6, 18) , correct: [92107409, 4, 12, 9, 7]
schema encoding bitarray('00111')
update error on [92107410, 7, 0, 1, 2] and [None, None, 15, 10, 6] : RID 982: (92107410, 7, 13, 6, 18) , correct: [92107410, 7, 15, 10, 6]
schema encoding bitarray('00111')
update error on [92107411, 17, 19, 8, 0] and [None, None, 3, 15, 15] : RID 983: (92107411, 17, 13, 6, 18) , correct: [92107411, 17, 3, 15, 15]
schema encoding bitarray('00111')
update error on [92107412, 11, 19, 12, 0] and [None, None, 11, 3, 14] : RID 984: (92107412, 11, 13, 6, 18) , correct: [92107412, 11, 11, 3, 14]
schema encoding bitarray('00111')
update error on [92107413, 12, 15, 13, 16] and [None, None, 4, 12, 17] : RID 985: (92107413, 12, 13, 6, 18) , correct: [92107413, 12, 4, 12, 17]
schema encoding bitarray('00011')
update error on [92107414, 6, 9, 12, 0] and [None, None, 9, 18, 6] : RID 986: (92107414, 6, 9, 6, 18) , correct: [92107414, 6, 9, 18, 6]
schema encoding bitarray('00111')
update error on [92107415, 14, 1, 7, 19] and [None, None, 6, 6, 7] : RID 987: (92107415, 14, 13, 6, 18) , correct: [92107415, 14, 6, 6, 7]
schema encoding bitarray('00111')
update error on [92107416, 20, 16, 11, 19] and [None, None, 17, 3, 20] : RID 988: (92107416, 20, 13, 6, 18) , correct: [92107416, 20, 17, 3, 20]
schema encoding bitarray('00111')
update error on [92107417, 15, 2, 12, 20] and [None, None, 17, 6, 11] : RID 989: (92107417, 15, 13, 6, 18) , correct: [92107417, 15, 17, 6, 11]
schema encoding bitarray('00111')
update error on [92107418, 6, 2, 18, 18] and [None, None, 16, 15, 13] : RID 990: (92107418, 6, 13, 6, 18) , correct: [92107418, 6, 16, 15, 13]
schema encoding bitarray('00111')
update error on [92107419, 1, 0, 5, 8] and [None, None, 19, 3, 6] : RID 991: (92107419, 1, 13, 6, 18) , correct: [92107419, 1, 19, 3, 6]
schema encoding bitarray('00111')
update error on [92107420, 4, 1, 1, 16] and [None, None, 13, 3, 7] : RID 992: (92107420, 4, 13, 6, 18) , correct: [92107420, 4, 13, 3, 7]
schema encoding bitarray('00101')
update error on [92107421, 9, 11, 10, 8] and [None, None, 17, 10, 17] : RID 993: (92107421, 9, 13, 10, 18) , correct: [92107421, 9, 17, 10, 17]
schema encoding bitarray('00111')
update error on [92107422, 14, 12, 5, 17] and [None, None, 9, 13, 20] : RID 994: (92107422, 14, 13, 6, 18) , correct: [92107422, 14, 9, 13, 20]
schema encoding bitarray('00111')
update error on [92107423, 14, 18, 3, 0] and [None, None, 8, 7, 18] : RID 995: (92107423, 14, 13, 6, 18) , correct: [92107423, 14, 8, 7, 18]
schema encoding bitarray('00111')
update error on [92107424, 0, 17, 1, 7] and [None, None, 16, 0, 2] : RID 996: (92107424, 0, 13, 6, 18) , correct: [92107424, 0, 16, 0, 2]
schema encoding bitarray('00111')
update error on [92107425, 19, 7, 13, 2] and [None, None, 4, 19, 4] : RID 997: (92107425, 19, 13, 6, 18) , correct: [92107425, 19, 4, 19, 4]
schema encoding bitarray('00111')
update error on [92107426, 19, 11, 10, 17] and [None, None, 9, 4, 6] : RID 998: (92107426, 19, 13, 6, 18) , correct: [92107426, 19, 9, 4, 6]
schema encoding bitarray('00111')
update error on [92107427, 16, 7, 15, 2] and [None, None, 11, 11, 20] : RID 999: (92107427, 16, 13, 6, 18) , correct: [92107427, 16, 11, 11, 20]
schema encoding bitarray('00111')
update error on [92107428, 15, 19, 14, 4] and [None, None, 17, 20, 18] : RID 1000: (92107428, 15, 13, 6, 18) , correct: [92107428, 15, 17, 20, 18]
Update finished
